120.26.227.125 - - [28/Feb/2017:20:06:51 +0800] "GET / HTTP/1.1" 200 10902 "-" "curl"
139.129.132.110 - - [28/Feb/2017:20:06:51 +0800] "GET / HTTP/1.1" 200 10903 "-" "curl"
183.129.170.178 - - [28/Feb/2017:20:07:04 +0800] "GET /blog/%E4%BA%8C%E6%AC%A1%E5%88%A4%E5%88%AB%E5%88%86%E6%9E%90quadratic-discriminant-analysis_qda/ HTTP/1.1" 200 9518 "https://www.google.com/" "Mozilla/5.0 (Windows NT 10.0; Win64; x64) AppleWebKit/537.36 (KHTML, like Gecko) Chrome/56.0.2924.87 Safari/537.36"
183.129.170.178 - - [28/Feb/2017:20:07:05 +0800] "GET /wp-content/themes/twentyfifteen/genericons/genericons.css?ver=3.2 HTTP/1.1" 200 16580 "http://www.dataivy.cn/blog/%E4%BA%8C%E6%AC%A1%E5%88%A4%E5%88%AB%E5%88%86%E6%9E%90quadratic-discriminant-analysis_qda/" "Mozilla/5.0 (Windows NT 10.0; Win64; x64) AppleWebKit/537.36 (KHTML, like Gecko) Chrome/56.0.2924.87 Safari/537.36"
183.129.170.178 - - [28/Feb/2017:20:07:05 +0800] "GET /wp-includes/js/jquery/jquery-migrate.min.js?ver=1.2.1 HTTP/1.1" 200 3068 "http://www.dataivy.cn/blog/%E4%BA%8C%E6%AC%A1%E5%88%A4%E5%88%AB%E5%88%86%E6%9E%90quadratic-discriminant-analysis_qda/" "Mozilla/5.0 (Windows NT 10.0; Win64; x64) AppleWebKit/537.36 (KHTML, like Gecko) Chrome/56.0.2924.87 Safari/537.36"
183.129.170.178 - - [28/Feb/2017:20:07:05 +0800] "GET /wp-content/themes/twentyfifteen/style.css?ver=4.1.15 HTTP/1.1" 200 16247 "http://www.dataivy.cn/blog/%E4%BA%8C%E6%AC%A1%E5%88%A4%E5%88%AB%E5%88%86%E6%9E%90quadratic-discriminant-analysis_qda/" "Mozilla/5.0 (Windows NT 10.0; Win64; x64) AppleWebKit/537.36 (KHTML, like Gecko) Chrome/56.0.2924.87 Safari/537.36"
183.129.170.178 - - [28/Feb/2017:20:07:05 +0800] "GET /wp-includes/js/jquery/jquery.js?ver=1.11.1 HTTP/1.1" 200 33231 "http://www.dataivy.cn/blog/%E4%BA%8C%E6%AC%A1%E5%88%A4%E5%88%AB%E5%88%86%E6%9E%90quadratic-discriminant-analysis_qda/" "Mozilla/5.0 (Windows NT 10.0; Win64; x64) AppleWebKit/537.36 (KHTML, like Gecko) Chrome/56.0.2924.87 Safari/537.36"
183.129.170.178 - - [28/Feb/2017:20:07:05 +0800] "GET /wp-content/plugins/akismet/_inc/form.js?ver=3.1.5 HTTP/1.1" 200 318 "http://www.dataivy.cn/blog/%E4%BA%8C%E6%AC%A1%E5%88%A4%E5%88%AB%E5%88%86%E6%9E%90quadratic-discriminant-analysis_qda/" "Mozilla/5.0 (Windows NT 10.0; Win64; x64) AppleWebKit/537.36 (KHTML, like Gecko) Chrome/56.0.2924.87 Safari/537.36"
183.129.170.178 - - [28/Feb/2017:20:07:05 +0800] "GET /wp-content/themes/twentyfifteen/js/skip-link-focus-fix.js?ver=20141010 HTTP/1.1" 200 445 "http://www.dataivy.cn/blog/%E4%BA%8C%E6%AC%A1%E5%88%A4%E5%88%AB%E5%88%86%E6%9E%90quadratic-discriminant-analysis_qda/" "Mozilla/5.0 (Windows NT 10.0; Win64; x64) AppleWebKit/537.36 (KHTML, like Gecko) Chrome/56.0.2924.87 Safari/537.36"
183.129.170.178 - - [28/Feb/2017:20:07:05 +0800] "GET /wp-includes/js/comment-reply.min.js?ver=4.1.15 HTTP/1.1" 200 406 "http://www.dataivy.cn/blog/%E4%BA%8C%E6%AC%A1%E5%88%A4%E5%88%AB%E5%88%86%E6%9E%90quadratic-discriminant-analysis_qda/" "Mozilla/5.0 (Windows NT 10.0; Win64; x64) AppleWebKit/537.36 (KHTML, like Gecko) Chrome/56.0.2924.87 Safari/537.36"
183.129.170.178 - - [28/Feb/2017:20:07:05 +0800] "GET /wp-content/themes/twentyfifteen/js/functions.js?ver=20141212 HTTP/1.1" 200 1324 "http://www.dataivy.cn/blog/%E4%BA%8C%E6%AC%A1%E5%88%A4%E5%88%AB%E5%88%86%E6%9E%90quadratic-discriminant-analysis_qda/" "Mozilla/5.0 (Windows NT 10.0; Win64; x64) AppleWebKit/537.36 (KHTML, like Gecko) Chrome/56.0.2924.87 Safari/537.36"
183.129.170.178 - - [28/Feb/2017:20:07:05 +0800] "GET /analytics/usertracking/webtrekk_v4.min.js HTTP/1.1" 200 23026 "http://www.dataivy.cn/blog/%E4%BA%8C%E6%AC%A1%E5%88%A4%E5%88%AB%E5%88%86%E6%9E%90quadratic-discriminant-analysis_qda/" "Mozilla/5.0 (Windows NT 10.0; Win64; x64) AppleWebKit/537.36 (KHTML, like Gecko) Chrome/56.0.2924.87 Safari/537.36"
183.129.170.178 - - [28/Feb/2017:20:07:05 +0800] "GET /analytics/usertracking/webtrekk_mcp.min.js HTTP/1.1" 200 7704 "http://www.dataivy.cn/blog/%E4%BA%8C%E6%AC%A1%E5%88%A4%E5%88%AB%E5%88%86%E6%9E%90quadratic-discriminant-analysis_qda/" "Mozilla/5.0 (Windows NT 10.0; Win64; x64) AppleWebKit/537.36 (KHTML, like Gecko) Chrome/56.0.2924.87 Safari/537.36"
183.129.170.178 - - [28/Feb/2017:20:07:05 +0800] "GET /upload/weixin.png HTTP/1.1" 200 2018 "http://www.dataivy.cn/blog/%E4%BA%8C%E6%AC%A1%E5%88%A4%E5%88%AB%E5%88%86%E6%9E%90quadratic-discriminant-analysis_qda/" "Mozilla/5.0 (Windows NT 10.0; Win64; x64) AppleWebKit/537.36 (KHTML, like Gecko) Chrome/56.0.2924.87 Safari/537.36"
183.129.170.178 - - [28/Feb/2017:20:07:05 +0800] "GET /wp-content/uploads/2015/05/QQ%E6%88%AA%E5%9B%BE2015051020435711.png HTTP/1.1" 200 1709 "http://www.dataivy.cn/blog/%E4%BA%8C%E6%AC%A1%E5%88%A4%E5%88%AB%E5%88%86%E6%9E%90quadratic-discriminant-analysis_qda/" "Mozilla/5.0 (Windows NT 10.0; Win64; x64) AppleWebKit/537.36 (KHTML, like Gecko) Chrome/56.0.2924.87 Safari/537.36"
183.129.170.178 - - [28/Feb/2017:20:07:05 +0800] "GET /wp-content/uploads/2015/05/plot_lda_qda_00111.png HTTP/1.1" 200 20302 "http://www.dataivy.cn/blog/%E4%BA%8C%E6%AC%A1%E5%88%A4%E5%88%AB%E5%88%86%E6%9E%90quadratic-discriminant-analysis_qda/" "Mozilla/5.0 (Windows NT 10.0; Win64; x64) AppleWebKit/537.36 (KHTML, like Gecko) Chrome/56.0.2924.87 Safari/537.36"
183.129.170.178 - - [28/Feb/2017:20:07:05 +0800] "GET /__ua.gif?v=1&_v=j48&a=483252645&t=pageview&_s=1&dl=http%3A%2F%2Fwww.dataivy.cn%2Fblog%2F%25E4%25BA%258C%25E6%25AC%25A1%25E5%2588%25A4%25E5%2588%25AB%25E5%2588%2586%25E6%259E%2590quadratic-discriminant-analysis_qda%2F&dr=https%3A%2F%2Fwww.google.com%2F&ul=zh-cn&de=UTF-8&dt=%E4%BA%8C%E6%AC%A1%E5%88%A4%E5%88%AB%E5%88%86%E6%9E%90Quadratic%20Discriminant%20Analysis(QDA)%20%7C%20%E6%95%B0%E6%8D%AE%E5%B8%B8%E9%9D%92%E8%97%A4&sd=24-bit&sr=1536x864&vp=1519x755&je=0&fl=24.0%20r0&_u=SGAAgFAj~&jid=1055389986&cid=1526901335.1488283628&tid=UA-50808718-1&sf=90&z=903946858 HTTP/1.1" 200 52 "http://www.dataivy.cn/blog/%E4%BA%8C%E6%AC%A1%E5%88%A4%E5%88%AB%E5%88%86%E6%9E%90quadratic-discriminant-analysis_qda/" "Mozilla/5.0 (Windows NT 10.0; Win64; x64) AppleWebKit/537.36 (KHTML, like Gecko) Chrome/56.0.2924.87 Safari/537.36"
183.129.170.178 - - [28/Feb/2017:20:07:05 +0800] "GET /__ua.gif?v=1&_v=j48&a=483252645&t=pageview&_s=1&dl=http%3A%2F%2Fwww.dataivy.cn%2Fblog%2F%25E4%25BA%258C%25E6%25AC%25A1%25E5%2588%25A4%25E5%2588%25AB%25E5%2588%2586%25E6%259E%2590quadratic-discriminant-analysis_qda%2F&dr=https%3A%2F%2Fwww.google.com%2F&ul=zh-cn&de=UTF-8&dt=%E4%BA%8C%E6%AC%A1%E5%88%A4%E5%88%AB%E5%88%86%E6%9E%90Quadratic%20Discriminant%20Analysis(QDA)%20%7C%20%E6%95%B0%E6%8D%AE%E5%B8%B8%E9%9D%92%E8%97%A4&sd=24-bit&sr=1536x864&vp=1519x755&je=0&fl=24.0%20r0&_u=SGAAgFAj~&jid=1055389986&cid=1526901335.1488283628&tid=UA-50808718-1&sf=90&z=903946858 HTTP/1.1" 200 52 "http://www.dataivy.cn/blog/%E4%BA%8C%E6%AC%A1%E5%88%A4%E5%88%AB%E5%88%86%E6%9E%90quadratic-discriminant-analysis_qda/" "Mozilla/5.0 (Windows NT 10.0; Win64; x64) AppleWebKit/537.36 (KHTML, like Gecko) Chrome/56.0.2924.87 Safari/537.36"
183.129.170.178 - - [28/Feb/2017:20:07:05 +0800] "GET /__ua.gif?v=1&_v=j48&a=483252645&t=pageview&_s=1&dl=http%3A%2F%2Fwww.dataivy.cn%2Fblog%2F%25E4%25BA%258C%25E6%25AC%25A1%25E5%2588%25A4%25E5%2588%25AB%25E5%2588%2586%25E6%259E%2590quadratic-discriminant-analysis_qda%2F&dr=https%3A%2F%2Fwww.google.com%2F&ul=zh-cn&de=UTF-8&dt=%E4%BA%8C%E6%AC%A1%E5%88%A4%E5%88%AB%E5%88%86%E6%9E%90Quadratic%20Discriminant%20Analysis(QDA)%20%7C%20%E6%95%B0%E6%8D%AE%E5%B8%B8%E9%9D%92%E8%97%A4&sd=24-bit&sr=1536x864&vp=1519x755&je=0&fl=24.0%20r0&_u=SGAAgFAj~&jid=1055389986&cid=1526901335.1488283628&tid=UA-50808718-1&sf=90&z=903946858 HTTP/1.1" 200 52 "http://www.dataivy.cn/blog/%E4%BA%8C%E6%AC%A1%E5%88%A4%E5%88%AB%E5%88%86%E6%9E%90quadratic-discriminant-analysis_qda/" "Mozilla/5.0 (Windows NT 10.0; Win64; x64) AppleWebKit/537.36 (KHTML, like Gecko) Chrome/56.0.2924.87 Safari/537.36"
183.129.170.178 - - [28/Feb/2017:20:07:05 +0800] "GET /__ua.gif?v=1&_v=j48&a=483252645&t=pageview&_s=1&dl=http%3A%2F%2Fwww.dataivy.cn%2Fblog%2F%25E4%25BA%258C%25E6%25AC%25A1%25E5%2588%25A4%25E5%2588%25AB%25E5%2588%2586%25E6%259E%2590quadratic-discriminant-analysis_qda%2F&dr=https%3A%2F%2Fwww.google.com%2F&ul=zh-cn&de=UTF-8&dt=%E4%BA%8C%E6%AC%A1%E5%88%A4%E5%88%AB%E5%88%86%E6%9E%90Quadratic%20Discriminant%20Analysis(QDA)%20%7C%20%E6%95%B0%E6%8D%AE%E5%B8%B8%E9%9D%92%E8%97%A4&sd=24-bit&sr=1536x864&vp=1519x755&je=0&fl=24.0%20r0&_u=SGAAgFAj~&jid=1055389986&cid=1526901335.1488283628&tid=UA-50808718-1&sf=90&z=903946858 HTTP/1.1" 200 52 "http://www.dataivy.cn/blog/%E4%BA%8C%E6%AC%A1%E5%88%A4%E5%88%AB%E5%88%86%E6%9E%90quadratic-discriminant-analysis_qda/" "Mozilla/5.0 (Windows NT 10.0; Win64; x64) AppleWebKit/537.36 (KHTML, like Gecko) Chrome/56.0.2924.87 Safari/537.36"
183.129.170.178 - - [28/Feb/2017:20:07:05 +0800] "GET /__ua.gif?v=1&_v=j48&a=483252645&t=pageview&_s=1&dl=http%3A%2F%2Fwww.dataivy.cn%2Fblog%2F%25E4%25BA%258C%25E6%25AC%25A1%25E5%2588%25A4%25E5%2588%25AB%25E5%2588%2586%25E6%259E%2590quadratic-discriminant-analysis_qda%2F&dr=https%3A%2F%2Fwww.google.com%2F&ul=zh-cn&de=UTF-8&dt=%E4%BA%8C%E6%AC%A1%E5%88%A4%E5%88%AB%E5%88%86%E6%9E%90Quadratic%20Discriminant%20Analysis(QDA)%20%7C%20%E6%95%B0%E6%8D%AE%E5%B8%B8%E9%9D%92%E8%97%A4&sd=24-bit&sr=1536x864&vp=1519x755&je=0&fl=24.0%20r0&_u=SGAAgFAj~&jid=1055389986&cid=1526901335.1488283628&tid=UA-50808718-1&sf=90&z=903946858 HTTP/1.1" 200 52 "http://www.dataivy.cn/blog/%E4%BA%8C%E6%AC%A1%E5%88%A4%E5%88%AB%E5%88%86%E6%9E%90quadratic-discriminant-analysis_qda/" "Mozilla/5.0 (Windows NT 10.0; Win64; x64) AppleWebKit/537.36 (KHTML, like Gecko) Chrome/56.0.2924.87 Safari/537.36"
183.129.170.178 - - [28/Feb/2017:20:07:06 +0800] "GET /__ua.gif?v=1&_v=j48&a=483252645&t=pageview&_s=1&dl=http%3A%2F%2Fwww.dataivy.cn%2Fblog%2F%25E4%25BA%258C%25E6%25AC%25A1%25E5%2588%25A4%25E5%2588%25AB%25E5%2588%2586%25E6%259E%2590quadratic-discriminant-analysis_qda%2F&dr=https%3A%2F%2Fwww.google.com%2F&ul=zh-cn&de=UTF-8&dt=%E4%BA%8C%E6%AC%A1%E5%88%A4%E5%88%AB%E5%88%86%E6%9E%90Quadratic%20Discriminant%20Analysis(QDA)%20%7C%20%E6%95%B0%E6%8D%AE%E5%B8%B8%E9%9D%92%E8%97%A4&sd=24-bit&sr=1536x864&vp=1519x755&je=0&fl=24.0%20r0&_u=SGAAgFAj~&jid=1055389986&cid=1526901335.1488283628&tid=UA-50808718-1&sf=90&z=903946858 HTTP/1.1" 200 52 "http://www.dataivy.cn/blog/%E4%BA%8C%E6%AC%A1%E5%88%A4%E5%88%AB%E5%88%86%E6%9E%90quadratic-discriminant-analysis_qda/" "Mozilla/5.0 (Windows NT 10.0; Win64; x64) AppleWebKit/537.36 (KHTML, like Gecko) Chrome/56.0.2924.87 Safari/537.36"
112.124.127.44 - - [28/Feb/2017:20:09:56 +0800] "GET / HTTP/1.1" 200 48415 "-" "Mozilla/5.0 (compatible; MSIE 9.0; Windows NT 6.1; Win64; x64; Trident/5.0)"
115.28.26.13 - - [28/Feb/2017:20:10:46 +0800] "GET / HTTP/1.1" 200 48415 "-" "Mozilla/5.0 (compatible; MSIE 9.0; Windows NT 6.1; Win64; x64; Trident/5.0)"
120.26.227.125 - - [28/Feb/2017:20:11:52 +0800] "GET / HTTP/1.1" 200 10901 "-" "curl"
112.124.127.44 - - [28/Feb/2017:20:14:56 +0800] "GET / HTTP/1.1" 200 48415 "-" "Mozilla/5.0 (compatible; MSIE 9.0; Windows NT 6.1; Win64; x64; Trident/5.0)"
66.249.77.28 - - [28/Feb/2017:20:15:36 +0800] "GET /wp-content/uploads/2015/04/QQ%E6%88%AA%E5%9B%BE2015050814570511.png?wt_tb=1%7C1488067200162 HTTP/1.1" 404 5231 "-" "Googlebot-Image/1.0"
115.28.26.13 - - [28/Feb/2017:20:15:46 +0800] "GET / HTTP/1.1" 200 48415 "-" "Mozilla/5.0 (compatible; MSIE 9.0; Windows NT 6.1; Win64; x64; Trident/5.0)"
66.249.77.29 - - [28/Feb/2017:20:17:36 +0800] "GET /wp-content/uploads/2015/04/342ac65c1038534384b650b09213b07eca808822.png?wt_tb=1%7C1487116800140 HTTP/1.1" 404 5231 "-" "Googlebot-Image/1.0"
112.124.127.44 - - [28/Feb/2017:20:19:56 +0800] "GET / HTTP/1.1" 200 48415 "-" "Mozilla/5.0 (compatible; MSIE 9.0; Windows NT 6.1; Win64; x64; Trident/5.0)"
115.28.26.13 - - [28/Feb/2017:20:20:46 +0800] "GET / HTTP/1.1" 200 48415 "-" "Mozilla/5.0 (compatible; MSIE 9.0; Windows NT 6.1; Win64; x64; Trident/5.0)"
52.67.149.151 - - [28/Feb/2017:20:21:25 +0800] "GET / HTTP/1.1" 302 - "-" "Mozilla/5.0 (Linux; U; Android-4.0.3; en-us; Galaxy Nexus Build/IML74K) AppleWebKit/535.7 (KHTML, like Gecko) CrMo/16.0.912.75 Mobile Safari/535.7"
52.67.149.151 - - [28/Feb/2017:20:21:30 +0800] "GET / HTTP/1.1" 200 48415 "-" "Mozilla/5.0 (Linux; U; Android-4.0.3; en-us; Galaxy Nexus Build/IML74K) AppleWebKit/535.7 (KHTML, like Gecko) CrMo/16.0.912.75 Mobile Safari/535.7"
180.155.51.2 - - [28/Feb/2017:20:21:38 +0800] "GET /blog/%E9%80%82%E5%90%88%E5%A4%A7%E6%95%B0%E6%8D%AE%E7%9A%84%E8%81%9A%E7%B1%BB%E7%AE%97%E6%B3%95mini-batch-k-means/ HTTP/1.1" 200 9457 "https://www.baidu.com/link?url=0rH_yn3b8EXJdEukrkrB236uj4UdRZSgMwLCxDyVtL5yOMClq6H7E1gqsitbhuaL1dyPYd654Zi4jAe9cXFQkKr0Gk44Tt3095jtDx7WJEUzf1wx7BXkDGlVUciCYS6-iyPYiicUaL11Ov5IZgN6V98J13S6VTjjhVDjHFVcpK6weT6kEMGeUKJneF7vr0_MhimAMaGuX4iw8PO4wuA9qK&wd=&eqid=dcc0997e000285de0000000458b56b3b" "Mozilla/5.0 (Windows NT 6.1) AppleWebKit/537.36 (KHTML, like Gecko) Chrome/51.0.2704.103 Safari/537.36"
180.155.51.2 - - [28/Feb/2017:20:21:38 +0800] "GET /wp-content/themes/twentyfifteen/genericons/genericons.css?ver=3.2 HTTP/1.1" 200 16580 "http://www.dataivy.cn/blog/%E9%80%82%E5%90%88%E5%A4%A7%E6%95%B0%E6%8D%AE%E7%9A%84%E8%81%9A%E7%B1%BB%E7%AE%97%E6%B3%95mini-batch-k-means/" "Mozilla/5.0 (Windows NT 6.1) AppleWebKit/537.36 (KHTML, like Gecko) Chrome/51.0.2704.103 Safari/537.36"
180.155.51.2 - - [28/Feb/2017:20:21:38 +0800] "GET /wp-content/themes/twentyfifteen/style.css?ver=4.1.15 HTTP/1.1" 200 16247 "http://www.dataivy.cn/blog/%E9%80%82%E5%90%88%E5%A4%A7%E6%95%B0%E6%8D%AE%E7%9A%84%E8%81%9A%E7%B1%BB%E7%AE%97%E6%B3%95mini-batch-k-means/" "Mozilla/5.0 (Windows NT 6.1) AppleWebKit/537.36 (KHTML, like Gecko) Chrome/51.0.2704.103 Safari/537.36"
180.155.51.2 - - [28/Feb/2017:20:21:38 +0800] "GET /wp-includes/js/jquery/jquery-migrate.min.js?ver=1.2.1 HTTP/1.1" 200 3068 "http://www.dataivy.cn/blog/%E9%80%82%E5%90%88%E5%A4%A7%E6%95%B0%E6%8D%AE%E7%9A%84%E8%81%9A%E7%B1%BB%E7%AE%97%E6%B3%95mini-batch-k-means/" "Mozilla/5.0 (Windows NT 6.1) AppleWebKit/537.36 (KHTML, like Gecko) Chrome/51.0.2704.103 Safari/537.36"
180.155.51.2 - - [28/Feb/2017:20:21:38 +0800] "GET /wp-content/plugins/akismet/_inc/form.js?ver=3.1.5 HTTP/1.1" 200 318 "http://www.dataivy.cn/blog/%E9%80%82%E5%90%88%E5%A4%A7%E6%95%B0%E6%8D%AE%E7%9A%84%E8%81%9A%E7%B1%BB%E7%AE%97%E6%B3%95mini-batch-k-means/" "Mozilla/5.0 (Windows NT 6.1) AppleWebKit/537.36 (KHTML, like Gecko) Chrome/51.0.2704.103 Safari/537.36"
180.155.51.2 - - [28/Feb/2017:20:21:38 +0800] "GET /wp-content/themes/twentyfifteen/js/skip-link-focus-fix.js?ver=20141010 HTTP/1.1" 200 445 "http://www.dataivy.cn/blog/%E9%80%82%E5%90%88%E5%A4%A7%E6%95%B0%E6%8D%AE%E7%9A%84%E8%81%9A%E7%B1%BB%E7%AE%97%E6%B3%95mini-batch-k-means/" "Mozilla/5.0 (Windows NT 6.1) AppleWebKit/537.36 (KHTML, like Gecko) Chrome/51.0.2704.103 Safari/537.36"
180.155.51.2 - - [28/Feb/2017:20:21:38 +0800] "GET /wp-includes/js/comment-reply.min.js?ver=4.1.15 HTTP/1.1" 200 406 "http://www.dataivy.cn/blog/%E9%80%82%E5%90%88%E5%A4%A7%E6%95%B0%E6%8D%AE%E7%9A%84%E8%81%9A%E7%B1%BB%E7%AE%97%E6%B3%95mini-batch-k-means/" "Mozilla/5.0 (Windows NT 6.1) AppleWebKit/537.36 (KHTML, like Gecko) Chrome/51.0.2704.103 Safari/537.36"
180.155.51.2 - - [28/Feb/2017:20:21:38 +0800] "GET /wp-includes/js/jquery/jquery.js?ver=1.11.1 HTTP/1.1" 200 33231 "http://www.dataivy.cn/blog/%E9%80%82%E5%90%88%E5%A4%A7%E6%95%B0%E6%8D%AE%E7%9A%84%E8%81%9A%E7%B1%BB%E7%AE%97%E6%B3%95mini-batch-k-means/" "Mozilla/5.0 (Windows NT 6.1) AppleWebKit/537.36 (KHTML, like Gecko) Chrome/51.0.2704.103 Safari/537.36"
180.155.51.2 - - [28/Feb/2017:20:21:38 +0800] "GET /wp-content/themes/twentyfifteen/js/functions.js?ver=20141212 HTTP/1.1" 200 1324 "http://www.dataivy.cn/blog/%E9%80%82%E5%90%88%E5%A4%A7%E6%95%B0%E6%8D%AE%E7%9A%84%E8%81%9A%E7%B1%BB%E7%AE%97%E6%B3%95mini-batch-k-means/" "Mozilla/5.0 (Windows NT 6.1) AppleWebKit/537.36 (KHTML, like Gecko) Chrome/51.0.2704.103 Safari/537.36"
180.155.51.2 - - [28/Feb/2017:20:21:38 +0800] "GET /upload/weixin.png HTTP/1.1" 200 2018 "http://www.dataivy.cn/blog/%E9%80%82%E5%90%88%E5%A4%A7%E6%95%B0%E6%8D%AE%E7%9A%84%E8%81%9A%E7%B1%BB%E7%AE%97%E6%B3%95mini-batch-k-means/" "Mozilla/5.0 (Windows NT 6.1) AppleWebKit/537.36 (KHTML, like Gecko) Chrome/51.0.2704.103 Safari/537.36"
180.155.51.2 - - [28/Feb/2017:20:21:38 +0800] "GET /analytics/usertracking/webtrekk_mcp.min.js HTTP/1.1" 200 7704 "http://www.dataivy.cn/blog/%E9%80%82%E5%90%88%E5%A4%A7%E6%95%B0%E6%8D%AE%E7%9A%84%E8%81%9A%E7%B1%BB%E7%AE%97%E6%B3%95mini-batch-k-means/" "Mozilla/5.0 (Windows NT 6.1) AppleWebKit/537.36 (KHTML, like Gecko) Chrome/51.0.2704.103 Safari/537.36"
180.155.51.2 - - [28/Feb/2017:20:21:38 +0800] "GET /analytics/usertracking/webtrekk_v4.min.js HTTP/1.1" 200 23026 "http://www.dataivy.cn/blog/%E9%80%82%E5%90%88%E5%A4%A7%E6%95%B0%E6%8D%AE%E7%9A%84%E8%81%9A%E7%B1%BB%E7%AE%97%E6%B3%95mini-batch-k-means/" "Mozilla/5.0 (Windows NT 6.1) AppleWebKit/537.36 (KHTML, like Gecko) Chrome/51.0.2704.103 Safari/537.36"
117.184.140.238 - - [28/Feb/2017:20:21:38 +0800] "GET /blog/%e6%b7%b7%e5%90%88%e9%ab%98%e6%96%af%e6%a8%a1%e5%9e%8bgaussian-mixture-model_gmm/ HTTP/1.1" 200 10260 "-" "Mozilla/5.0 (iPhone; CPU iPhone OS 10_2_1 like Mac OS X) AppleWebKit/602.4.6 (KHTML, like Gecko) Version/10.0 Mobile/14D27 Safari/602.1"
180.155.51.2 - - [28/Feb/2017:20:21:38 +0800] "GET /wp-content/uploads/2015/05/minibatchkmeans11.png HTTP/1.1" 200 31492 "http://www.dataivy.cn/blog/%E9%80%82%E5%90%88%E5%A4%A7%E6%95%B0%E6%8D%AE%E7%9A%84%E8%81%9A%E7%B1%BB%E7%AE%97%E6%B3%95mini-batch-k-means/" "Mozilla/5.0 (Windows NT 6.1) AppleWebKit/537.36 (KHTML, like Gecko) Chrome/51.0.2704.103 Safari/537.36"
180.155.51.2 - - [28/Feb/2017:20:21:38 +0800] "GET /wp-content/uploads/2015/05/time_minibatchkmeans11.png HTTP/1.1" 200 12084 "http://www.dataivy.cn/blog/%E9%80%82%E5%90%88%E5%A4%A7%E6%95%B0%E6%8D%AE%E7%9A%84%E8%81%9A%E7%B1%BB%E7%AE%97%E6%B3%95mini-batch-k-means/" "Mozilla/5.0 (Windows NT 6.1) AppleWebKit/537.36 (KHTML, like Gecko) Chrome/51.0.2704.103 Safari/537.36"
117.184.140.238 - - [28/Feb/2017:20:21:39 +0800] "GET /apple-touch-icon-120x120-precomposed.png HTTP/1.1" 404 5231 "-" "MobileSafari/602.1 CFNetwork/808.3 Darwin/16.3.0"
180.155.51.2 - - [28/Feb/2017:20:21:39 +0800] "GET /__ua.gif?v=1&_v=j48&a=40406503&t=pageview&_s=1&dl=http%3A%2F%2Fwww.dataivy.cn%2Fblog%2F%25E9%2580%2582%25E5%2590%2588%25E5%25A4%25A7%25E6%2595%25B0%25E6%258D%25AE%25E7%259A%2584%25E8%2581%259A%25E7%25B1%25BB%25E7%25AE%2597%25E6%25B3%2595mini-batch-k-means%2F&dr=https%3A%2F%2Fwww.baidu.com%2Flink%3Furl%3D0rH_yn3b8EXJdEukrkrB236uj4UdRZSgMwLCxDyVtL5yOMClq6H7E1gqsitbhuaL1dyPYd654Zi4jAe9cXFQkKr0Gk44Tt3095jtDx7WJEUzf1wx7BXkDGlVUciCYS6-iyPYiicUaL11Ov5IZgN6V98J13S6VTjjhVDjHFVcpK6weT6kEMGeUKJneF7vr0_MhimAMaGuX4iw8PO4wuA9qK%26wd%3D%26eqid%3Ddcc0997e000285de0000000458b56b3b&ul=zh-cn&de=UTF-8&dt=%E9%80%82%E5%90%88%E5%A4%A7%E6%95%B0%E6%8D%AE%E7%9A%84%E8%81%9A%E7%B1%BB%E7%AE%97%E6%B3%95Mini%20Batch%20K-Means%20%7C%20%E6%95%B0%E6%8D%AE%E5%B8%B8%E9%9D%92%E8%97%A4&sd=24-bit&sr=1366x768&vp=1349x644&je=0&fl=22.0%20r0&_u=SGAAgEAj~&jid=407395224&cid=797536563.1488284501&tid=UA-50808718-1&sf=90&z=1106021915 HTTP/1.1" 200 52 "http://www.dataivy.cn/blog/%E9%80%82%E5%90%88%E5%A4%A7%E6%95%B0%E6%8D%AE%E7%9A%84%E8%81%9A%E7%B1%BB%E7%AE%97%E6%B3%95mini-batch-k-means/" "Mozilla/5.0 (Windows NT 6.1) AppleWebKit/537.36 (KHTML, like Gecko) Chrome/51.0.2704.103 Safari/537.36"
117.184.140.238 - - [28/Feb/2017:20:21:39 +0800] "GET /apple-touch-icon-120x120.png HTTP/1.1" 404 5231 "-" "MobileSafari/602.1 CFNetwork/808.3 Darwin/16.3.0"
117.184.140.238 - - [28/Feb/2017:20:21:39 +0800] "GET /apple-touch-icon-precomposed.png HTTP/1.1" 404 5231 "-" "MobileSafari/602.1 CFNetwork/808.3 Darwin/16.3.0"
117.184.140.238 - - [28/Feb/2017:20:21:39 +0800] "GET /apple-touch-icon.png HTTP/1.1" 404 5231 "-" "MobileSafari/602.1 CFNetwork/808.3 Darwin/16.3.0"
117.184.140.238 - - [28/Feb/2017:20:21:40 +0800] "GET /favicon.ico HTTP/1.1" 200 20 "-" "MobileSafari/602.1 CFNetwork/808.3 Darwin/16.3.0"
117.184.140.238 - - [28/Feb/2017:20:21:40 +0800] "GET /apple-touch-icon-120x120-precomposed.png HTTP/1.1" 404 5231 "-" "MobileSafari/602.1 CFNetwork/808.3 Darwin/16.3.0"
117.184.140.238 - - [28/Feb/2017:20:21:40 +0800] "GET /apple-touch-icon-120x120.png HTTP/1.1" 404 5231 "-" "MobileSafari/602.1 CFNetwork/808.3 Darwin/16.3.0"
117.184.140.238 - - [28/Feb/2017:20:21:40 +0800] "GET /apple-touch-icon-precomposed.png HTTP/1.1" 404 5231 "-" "MobileSafari/602.1 CFNetwork/808.3 Darwin/16.3.0"
117.184.140.238 - - [28/Feb/2017:20:21:41 +0800] "GET /apple-touch-icon.png HTTP/1.1" 404 5231 "-" "MobileSafari/602.1 CFNetwork/808.3 Darwin/16.3.0"
117.184.140.238 - - [28/Feb/2017:20:21:41 +0800] "GET /favicon.ico HTTP/1.1" 200 20 "-" "MobileSafari/602.1 CFNetwork/808.3 Darwin/16.3.0"
180.155.51.2 - - [28/Feb/2017:20:22:01 +0800] "GET /favicon.ico HTTP/1.1" 200 20 "http://www.dataivy.cn/blog/%E9%80%82%E5%90%88%E5%A4%A7%E6%95%B0%E6%8D%AE%E7%9A%84%E8%81%9A%E7%B1%BB%E7%AE%97%E6%B3%95mini-batch-k-means/" "Mozilla/5.0 (Windows NT 6.1) AppleWebKit/537.36 (KHTML, like Gecko) Chrome/51.0.2704.103 Safari/537.36"
8.29.198.27 - - [28/Feb/2017:20:23:24 +0800] "GET /feed/?wt_tb=6%7C1464595582717 HTTP/1.1" 200 3025 "-" "Feedly/1.0 (+http://www.feedly.com/fetcher.html; like FeedFetcher-Google)"
112.124.127.44 - - [28/Feb/2017:20:24:56 +0800] "GET / HTTP/1.1" 200 48415 "-" "Mozilla/5.0 (compatible; MSIE 9.0; Windows NT 6.1; Win64; x64; Trident/5.0)"
66.249.79.128 - - [28/Feb/2017:20:25:45 +0800] "GET /wp-content/uploads/2015/05/QQ%E6%88%AA%E5%9B%BE2015051016025711.png?wt_tb=1%7C1486684800139 HTTP/1.1" 404 5231 "-" "Googlebot-Image/1.0"
115.28.26.13 - - [28/Feb/2017:20:25:46 +0800] "GET / HTTP/1.1" 200 48415 "-" "Mozilla/5.0 (compatible; MSIE 9.0; Windows NT 6.1; Win64; x64; Trident/5.0)"
187.39.234.8 - - [28/Feb/2017:20:25:49 +0800] "POST /xmlrpc.php HTTP/1.1" 200 402 "-" "Mozilla/5.0 (Windows NT 6.1; WOW64; rv:40.0) Gecko/20100101 Firefox/40.1"
187.39.234.8 - - [28/Feb/2017:20:25:49 +0800] "GET /wp-login.php HTTP/1.1" 200 2641 "-" "Mozilla/5.0 (Windows NT 6.1; WOW64; rv:40.0) Gecko/20100101 Firefox/40.1"
187.39.234.8 - - [28/Feb/2017:20:25:50 +0800] "POST /wp-login.php HTTP/1.1" 200 3568 "-" "Mozilla/5.0 (Windows NT 6.1; WOW64; rv:40.0) Gecko/20100101 Firefox/40.1"
120.26.223.229 - - [28/Feb/2017:20:26:51 +0800] "GET / HTTP/1.1" 200 10903 "-" "curl"
118.190.22.53 - - [28/Feb/2017:20:26:52 +0800] "GET / HTTP/1.1" 200 10903 "-" "curl"
66.249.71.157 - - [28/Feb/2017:20:28:30 +0800] "GET / HTTP/1.1" 302 20 "-" "Mozilla/5.0 (Linux; Android 6.0.1; Nexus 5X Build/MMB29P) AppleWebKit/537.36 (KHTML, like Gecko) Chrome/41.0.2272.96 Mobile Safari/537.36 (compatible; Googlebot/2.1; +http://www.google.com/bot.html)"
66.249.77.27 - - [28/Feb/2017:20:28:31 +0800] "GET / HTTP/1.1" 200 10902 "-" "Mozilla/5.0 (Linux; Android 6.0.1; Nexus 5X Build/MMB29P) AppleWebKit/537.36 (KHTML, like Gecko) Chrome/41.0.2272.96 Mobile Safari/537.36 (compatible; Googlebot/2.1; +http://www.google.com/bot.html)"
112.124.127.44 - - [28/Feb/2017:20:29:56 +0800] "GET / HTTP/1.1" 200 48415 "-" "Mozilla/5.0 (compatible; MSIE 9.0; Windows NT 6.1; Win64; x64; Trident/5.0)"
218.17.212.238 - - [28/Feb/2017:20:30:43 +0800] "GET /feed HTTP/1.1" 302 - "-" "Mozilla/4.0 (compatible; MSIE 8.0; Windows NT 6.1; WOW64; Trident/4.0; SLCC2;)"
218.17.212.238 - - [28/Feb/2017:20:30:44 +0800] "GET / HTTP/1.1" 200 34387 "-" "Mozilla/4.0 (compatible; MSIE 8.0; Windows NT 6.1; WOW64; Trident/4.0; SLCC2;)"
218.17.212.238 - - [28/Feb/2017:20:30:44 +0800] "GET /feed HTTP/1.1" 302 20 "-" "Mozilla/4.0 (compatible; MSIE 8.0; Windows NT 6.1; WOW64; Trident/4.0; SLCC2;)"
218.17.212.238 - - [28/Feb/2017:20:30:44 +0800] "GET / HTTP/1.1" 200 10902 "-" "Mozilla/4.0 (compatible; MSIE 8.0; Windows NT 6.1; WOW64; Trident/4.0; SLCC2;)"
115.28.26.13 - - [28/Feb/2017:20:30:47 +0800] "GET / HTTP/1.1" 200 48415 "-" "Mozilla/5.0 (compatible; MSIE 9.0; Windows NT 6.1; Win64; x64; Trident/5.0)"
120.26.226.157 - - [28/Feb/2017:20:31:51 +0800] "GET / HTTP/1.1" 200 10902 "-" "curl"
118.190.22.80 - - [28/Feb/2017:20:31:51 +0800] "GET / HTTP/1.1" 200 10903 "-" "curl"
223.72.88.198 - - [28/Feb/2017:20:33:39 +0800] "GET /blog/python%E5%9F%BA%E7%A1%80%E6%95%B0%E6%8D%AE%E5%A4%84%E7%90%86%E5%BA%93-numpy/ HTTP/1.1" 200 15256 "-" "Mozilla/5.0 (Macintosh; Intel Mac OS X 10_12_2) AppleWebKit/602.3.12 (KHTML, like Gecko)"
223.72.88.198 - - [28/Feb/2017:20:33:39 +0800] "GET /apple-touch-icon-precomposed.png HTTP/1.1" 404 5231 "-" "Safari/12602.3.12.0.1 CFNetwork/807.2.14 Darwin/16.3.0 (x86_64)"
223.72.88.198 - - [28/Feb/2017:20:33:40 +0800] "GET /apple-touch-icon.png HTTP/1.1" 404 5231 "-" "Safari/12602.3.12.0.1 CFNetwork/807.2.14 Darwin/16.3.0 (x86_64)"
223.72.88.198 - - [28/Feb/2017:20:33:40 +0800] "GET /favicon.ico HTTP/1.1" 200 20 "-" "Safari/12602.3.12.0.1 CFNetwork/807.2.14 Darwin/16.3.0 (x86_64)"
223.72.88.198 - - [28/Feb/2017:20:33:40 +0800] "GET /apple-touch-icon-precomposed.png HTTP/1.1" 404 5231 "-" "Safari/12602.3.12.0.1 CFNetwork/807.2.14 Darwin/16.3.0 (x86_64)"
223.72.88.198 - - [28/Feb/2017:20:33:40 +0800] "GET /apple-touch-icon.png HTTP/1.1" 404 5231 "-" "Safari/12602.3.12.0.1 CFNetwork/807.2.14 Darwin/16.3.0 (x86_64)"
223.72.88.198 - - [28/Feb/2017:20:33:40 +0800] "GET /favicon.ico HTTP/1.1" 200 20 "-" "Safari/12602.3.12.0.1 CFNetwork/807.2.14 Darwin/16.3.0 (x86_64)"
223.72.88.198 - - [28/Feb/2017:20:33:40 +0800] "GET /blog/python%E5%9F%BA%E7%A1%80%E6%95%B0%E6%8D%AE%E5%A4%84%E7%90%86%E5%BA%93-numpy/ HTTP/1.1" 200 15257 "-" "Mozilla/5.0 (iPhone; CPU iPhone OS 10_0 like Mac OS X) AppleWebKit/602.1.38 (KHTML, like Gecko) Version/10.0 Mobile/14A300 Safari/602.1"
223.72.88.198 - - [28/Feb/2017:20:33:41 +0800] "GET /apple-touch-icon-precomposed.png HTTP/1.1" 404 5231 "-" "Safari/12602.3.12.0.1 CFNetwork/807.2.14 Darwin/16.3.0 (x86_64)"
223.72.88.198 - - [28/Feb/2017:20:33:41 +0800] "GET /apple-touch-icon.png HTTP/1.1" 404 5231 "-" "Safari/12602.3.12.0.1 CFNetwork/807.2.14 Darwin/16.3.0 (x86_64)"
223.72.88.198 - - [28/Feb/2017:20:33:41 +0800] "GET /favicon.ico HTTP/1.1" 200 20 "-" "Safari/12602.3.12.0.1 CFNetwork/807.2.14 Darwin/16.3.0 (x86_64)"
223.72.88.198 - - [28/Feb/2017:20:33:41 +0800] "GET /apple-touch-icon-precomposed.png HTTP/1.1" 404 5231 "-" "Safari/12602.3.12.0.1 CFNetwork/807.2.14 Darwin/16.3.0 (x86_64)"
223.72.88.198 - - [28/Feb/2017:20:33:42 +0800] "GET /apple-touch-icon.png HTTP/1.1" 404 5231 "-" "Safari/12602.3.12.0.1 CFNetwork/807.2.14 Darwin/16.3.0 (x86_64)"
223.72.88.198 - - [28/Feb/2017:20:33:42 +0800] "GET /favicon.ico HTTP/1.1" 200 20 "-" "Safari/12602.3.12.0.1 CFNetwork/807.2.14 Darwin/16.3.0 (x86_64)"
112.124.127.44 - - [28/Feb/2017:20:34:56 +0800] "GET / HTTP/1.1" 200 48415 "-" "Mozilla/5.0 (compatible; MSIE 9.0; Windows NT 6.1; Win64; x64; Trident/5.0)"
115.28.26.13 - - [28/Feb/2017:20:35:46 +0800] "GET / HTTP/1.1" 200 48415 "-" "Mozilla/5.0 (compatible; MSIE 9.0; Windows NT 6.1; Win64; x64; Trident/5.0)"
211.145.48.223 - - [28/Feb/2017:20:37:56 +0800] "GET /blog/python%E5%9F%BA%E7%A1%80%E6%95%B0%E6%8D%AE%E5%A4%84%E7%90%86%E5%BA%93-numpy/ HTTP/1.1" 200 15257 "http://www.so.com/link?url=http%3A%2F%2Fwww.dataivy.cn%2Fblog%2Fpython%25E5%259F%25BA%25E7%25A1%2580%25E6%2595%25B0%25E6%258D%25AE%25E5%25A4%2584%25E7%2590%2586%25E5%25BA%2593-numpy%2F&q=numpy+ndim&ts=1488285474&t=0e94bd3ad3651a87c061fa9946aac35&src=haosou" "Mozilla/5.0 (Windows NT 6.1; WOW64) AppleWebKit/537.36 (KHTML, like Gecko) Chrome/45.0.2454.101 Safari/537.36"
211.145.48.223 - - [28/Feb/2017:20:37:56 +0800] "GET /wp-content/themes/twentyfifteen/genericons/genericons.css?ver=3.2 HTTP/1.1" 200 16580 "http://www.dataivy.cn/blog/python%E5%9F%BA%E7%A1%80%E6%95%B0%E6%8D%AE%E5%A4%84%E7%90%86%E5%BA%93-numpy/" "Mozilla/5.0 (Windows NT 6.1; WOW64) AppleWebKit/537.36 (KHTML, like Gecko) Chrome/45.0.2454.101 Safari/537.36"
211.145.48.223 - - [28/Feb/2017:20:37:56 +0800] "GET /wp-content/themes/twentyfifteen/style.css?ver=4.1.15 HTTP/1.1" 200 16247 "http://www.dataivy.cn/blog/python%E5%9F%BA%E7%A1%80%E6%95%B0%E6%8D%AE%E5%A4%84%E7%90%86%E5%BA%93-numpy/" "Mozilla/5.0 (Windows NT 6.1; WOW64) AppleWebKit/537.36 (KHTML, like Gecko) Chrome/45.0.2454.101 Safari/537.36"
211.145.48.223 - - [28/Feb/2017:20:37:56 +0800] "GET /wp-includes/js/jquery/jquery-migrate.min.js?ver=1.2.1 HTTP/1.1" 200 3068 "http://www.dataivy.cn/blog/python%E5%9F%BA%E7%A1%80%E6%95%B0%E6%8D%AE%E5%A4%84%E7%90%86%E5%BA%93-numpy/" "Mozilla/5.0 (Windows NT 6.1; WOW64) AppleWebKit/537.36 (KHTML, like Gecko) Chrome/45.0.2454.101 Safari/537.36"
211.145.48.223 - - [28/Feb/2017:20:37:56 +0800] "GET /upload/weixin.png HTTP/1.1" 200 2018 "http://www.dataivy.cn/blog/python%E5%9F%BA%E7%A1%80%E6%95%B0%E6%8D%AE%E5%A4%84%E7%90%86%E5%BA%93-numpy/" "Mozilla/5.0 (Windows NT 6.1; WOW64) AppleWebKit/537.36 (KHTML, like Gecko) Chrome/45.0.2454.101 Safari/537.36"
211.145.48.223 - - [28/Feb/2017:20:37:56 +0800] "GET /wp-content/plugins/akismet/_inc/form.js?ver=3.1.5 HTTP/1.1" 200 318 "http://www.dataivy.cn/blog/python%E5%9F%BA%E7%A1%80%E6%95%B0%E6%8D%AE%E5%A4%84%E7%90%86%E5%BA%93-numpy/" "Mozilla/5.0 (Windows NT 6.1; WOW64) AppleWebKit/537.36 (KHTML, like Gecko) Chrome/45.0.2454.101 Safari/537.36"
211.145.48.223 - - [28/Feb/2017:20:37:56 +0800] "GET /wp-content/themes/twentyfifteen/js/skip-link-focus-fix.js?ver=20141010 HTTP/1.1" 200 445 "http://www.dataivy.cn/blog/python%E5%9F%BA%E7%A1%80%E6%95%B0%E6%8D%AE%E5%A4%84%E7%90%86%E5%BA%93-numpy/" "Mozilla/5.0 (Windows NT 6.1; WOW64) AppleWebKit/537.36 (KHTML, like Gecko) Chrome/45.0.2454.101 Safari/537.36"
211.145.48.223 - - [28/Feb/2017:20:37:56 +0800] "GET /wp-includes/js/comment-reply.min.js?ver=4.1.15 HTTP/1.1" 200 406 "http://www.dataivy.cn/blog/python%E5%9F%BA%E7%A1%80%E6%95%B0%E6%8D%AE%E5%A4%84%E7%90%86%E5%BA%93-numpy/" "Mozilla/5.0 (Windows NT 6.1; WOW64) AppleWebKit/537.36 (KHTML, like Gecko) Chrome/45.0.2454.101 Safari/537.36"
211.145.48.223 - - [28/Feb/2017:20:37:56 +0800] "GET /wp-content/themes/twentyfifteen/js/functions.js?ver=20141212 HTTP/1.1" 200 1324 "http://www.dataivy.cn/blog/python%E5%9F%BA%E7%A1%80%E6%95%B0%E6%8D%AE%E5%A4%84%E7%90%86%E5%BA%93-numpy/" "Mozilla/5.0 (Windows NT 6.1; WOW64) AppleWebKit/537.36 (KHTML, like Gecko) Chrome/45.0.2454.101 Safari/537.36"
211.145.48.223 - - [28/Feb/2017:20:37:56 +0800] "GET /analytics/usertracking/webtrekk_v4.min.js HTTP/1.1" 200 23026 "http://www.dataivy.cn/blog/python%E5%9F%BA%E7%A1%80%E6%95%B0%E6%8D%AE%E5%A4%84%E7%90%86%E5%BA%93-numpy/" "Mozilla/5.0 (Windows NT 6.1; WOW64) AppleWebKit/537.36 (KHTML, like Gecko) Chrome/45.0.2454.101 Safari/537.36"
211.145.48.223 - - [28/Feb/2017:20:37:56 +0800] "GET /wp-includes/js/jquery/jquery.js?ver=1.11.1 HTTP/1.1" 200 33231 "http://www.dataivy.cn/blog/python%E5%9F%BA%E7%A1%80%E6%95%B0%E6%8D%AE%E5%A4%84%E7%90%86%E5%BA%93-numpy/" "Mozilla/5.0 (Windows NT 6.1; WOW64) AppleWebKit/537.36 (KHTML, like Gecko) Chrome/45.0.2454.101 Safari/537.36"
211.145.48.223 - - [28/Feb/2017:20:37:56 +0800] "GET /analytics/usertracking/webtrekk_mcp.min.js HTTP/1.1" 200 7704 "http://www.dataivy.cn/blog/python%E5%9F%BA%E7%A1%80%E6%95%B0%E6%8D%AE%E5%A4%84%E7%90%86%E5%BA%93-numpy/" "Mozilla/5.0 (Windows NT 6.1; WOW64) AppleWebKit/537.36 (KHTML, like Gecko) Chrome/45.0.2454.101 Safari/537.36"
211.145.48.223 - - [28/Feb/2017:20:37:58 +0800] "GET /__ua.gif?v=1&_v=j48&a=1704929267&t=pageview&_s=1&dl=http%3A%2F%2Fwww.dataivy.cn%2Fblog%2Fpython%25E5%259F%25BA%25E7%25A1%2580%25E6%2595%25B0%25E6%258D%25AE%25E5%25A4%2584%25E7%2590%2586%25E5%25BA%2593-numpy%2F&dr=http%3A%2F%2Fwww.so.com%2Flink%3Furl%3Dhttp%253A%252F%252Fwww.dataivy.cn%252Fblog%252Fpython%2525E5%25259F%2525BA%2525E7%2525A1%252580%2525E6%252595%2525B0%2525E6%25258D%2525AE%2525E5%2525A4%252584%2525E7%252590%252586%2525E5%2525BA%252593-numpy%252F%26q%3Dnumpy%2Bndim%26ts%3D1488285474%26t%3D0e94bd3ad3651a87c061fa9946aac35%26src%3Dhaosou&ul=zh-cn&de=UTF-8&dt=Python%E5%9F%BA%E7%A1%80%E6%95%B0%E6%8D%AE%E5%A4%84%E7%90%86%E5%BA%93-NumPy(%E6%8C%81%E7%BB%AD%E6%9B%B4%E6%96%B0)%20%7C%20%E6%95%B0%E6%8D%AE%E5%B8%B8%E9%9D%92%E8%97%A4&sd=24-bit&sr=1920x1080&vp=1903x923&je=1&fl=23.0%20r0&_u=SGAAgEAj~&jid=937562161&cid=2053022289.1488285476&tid=UA-50808718-1&sf=90&z=221556103 HTTP/1.1" 200 52 "http://www.dataivy.cn/blog/python%E5%9F%BA%E7%A1%80%E6%95%B0%E6%8D%AE%E5%A4%84%E7%90%86%E5%BA%93-numpy/" "Mozilla/5.0 (Windows NT 6.1; WOW64) AppleWebKit/537.36 (KHTML, like Gecko) Chrome/45.0.2454.101 Safari/537.36"
211.145.48.223 - - [28/Feb/2017:20:38:20 +0800] "GET /__ua.gif?v=1&_v=j48&a=1704929267&t=timing&_s=2&dl=http%3A%2F%2Fwww.dataivy.cn%2Fblog%2Fpython%25E5%259F%25BA%25E7%25A1%2580%25E6%2595%25B0%25E6%258D%25AE%25E5%25A4%2584%25E7%2590%2586%25E5%25BA%2593-numpy%2F&dr=http%3A%2F%2Fwww.so.com%2Flink%3Furl%3Dhttp%253A%252F%252Fwww.dataivy.cn%252Fblog%252Fpython%2525E5%25259F%2525BA%2525E7%2525A1%252580%2525E6%252595%2525B0%2525E6%25258D%2525AE%2525E5%2525A4%252584%2525E7%252590%252586%2525E5%2525BA%252593-numpy%252F%26q%3Dnumpy%2Bndim%26ts%3D1488285474%26t%3D0e94bd3ad3651a87c061fa9946aac35%26src%3Dhaosou&ul=zh-cn&de=UTF-8&dt=Python%E5%9F%BA%E7%A1%80%E6%95%B0%E6%8D%AE%E5%A4%84%E7%90%86%E5%BA%93-NumPy(%E6%8C%81%E7%BB%AD%E6%9B%B4%E6%96%B0)%20%7C%20%E6%95%B0%E6%8D%AE%E5%B8%B8%E9%9D%92%E8%97%A4&sd=24-bit&sr=1920x1080&vp=1903x923&je=1&fl=23.0%20r0&plt=24003&pdt=55&dns=90&rrt=0&srt=259&tcp=56&dit=2706&clt=2706&_u=SGAAgEAj~&jid=&cid=2053022289.1488285476&tid=UA-50808718-1&sf=90&z=408288393 HTTP/1.1" 200 52 "http://www.dataivy.cn/blog/python%E5%9F%BA%E7%A1%80%E6%95%B0%E6%8D%AE%E5%A4%84%E7%90%86%E5%BA%93-numpy/" "Mozilla/5.0 (Windows NT 6.1; WOW64) AppleWebKit/537.36 (KHTML, like Gecko) Chrome/45.0.2454.101 Safari/537.36"
211.145.48.223 - - [28/Feb/2017:20:38:20 +0800] "GET /favicon.ico HTTP/1.1" 200 20 "http://www.dataivy.cn/blog/python%E5%9F%BA%E7%A1%80%E6%95%B0%E6%8D%AE%E5%A4%84%E7%90%86%E5%BA%93-numpy/" "Mozilla/5.0 (Windows NT 6.1; WOW64) AppleWebKit/537.36 (KHTML, like Gecko) Chrome/45.0.2454.101 Safari/537.36"
113.193.199.15 - - [28/Feb/2017:20:38:45 +0800] "POST /xmlrpc.php HTTP/1.1" 200 402 "-" "Mozilla/5.0 (Windows NT 6.1; WOW64; rv:40.0) Gecko/20100101 Firefox/40.1"
113.193.199.15 - - [28/Feb/2017:20:38:45 +0800] "GET /wp-login.php HTTP/1.1" 200 2641 "-" "Mozilla/5.0 (Windows NT 6.1; WOW64; rv:40.0) Gecko/20100101 Firefox/40.1"
113.193.199.15 - - [28/Feb/2017:20:38:46 +0800] "POST /wp-login.php HTTP/1.1" 200 3568 "-" "Mozilla/5.0 (Windows NT 6.1; WOW64; rv:40.0) Gecko/20100101 Firefox/40.1"
211.145.48.223 - - [28/Feb/2017:20:39:32 +0800] "GET /favicon.ico HTTP/1.1" 200 - "-" "Mozilla/4.0 (compatible; MSIE 7.0; Windows NT 5.1; Trident/4.0; .NET CLR 2.0.50727; 360space)"
112.124.127.44 - - [28/Feb/2017:20:39:56 +0800] "GET / HTTP/1.1" 200 48415 "-" "Mozilla/5.0 (compatible; MSIE 9.0; Windows NT 6.1; Win64; x64; Trident/5.0)"
199.30.25.67 - - [28/Feb/2017:20:40:08 +0800] "GET /wp-content/themes/twentyfifteen/genericons/Genericons.svg HTTP/1.1" 200 25047 "http://www.dataivy.cn/blog/dbscan/" "Mozilla/5.0 (Windows NT 6.1; WOW64) AppleWebKit/534+ (KHTML, like Gecko) BingPreview/1.0b"
115.28.26.13 - - [28/Feb/2017:20:40:46 +0800] "GET / HTTP/1.1" 200 48415 "-" "Mozilla/5.0 (compatible; MSIE 9.0; Windows NT 6.1; Win64; x64; Trident/5.0)"
211.145.48.223 - - [28/Feb/2017:20:40:56 +0800] "GET /blog/python%E5%9F%BA%E7%A1%80%E6%95%B0%E6%8D%AE%E5%A4%84%E7%90%86%E5%BA%93-numpy/ HTTP/1.1" 200 15256 "-" "Mozilla/5.0 (Windows NT 6.1; WOW64) AppleWebKit/537.36 (KHTML, like Gecko) Chrome/45.0.2454.101 Safari/537.36"
211.145.48.223 - - [28/Feb/2017:20:41:00 +0800] "GET /__ua.gif?v=1&_v=j48&a=24494497&t=pageview&_s=1&dl=http%3A%2F%2Fwww.dataivy.cn%2Fblog%2Fpython%25E5%259F%25BA%25E7%25A1%2580%25E6%2595%25B0%25E6%258D%25AE%25E5%25A4%2584%25E7%2590%2586%25E5%25BA%2593-numpy%2F&ul=zh-cn&de=UTF-8&dt=Python%E5%9F%BA%E7%A1%80%E6%95%B0%E6%8D%AE%E5%A4%84%E7%90%86%E5%BA%93-NumPy(%E6%8C%81%E7%BB%AD%E6%9B%B4%E6%96%B0)%20%7C%20%E6%95%B0%E6%8D%AE%E5%B8%B8%E9%9D%92%E8%97%A4&sd=24-bit&sr=1920x1080&vp=1562x906&je=1&fl=23.0%20r0&_u=SCCAgEAj~&jid=&cid=2053022289.1488285476&tid=UA-50808718-1&sf=90&z=480548438 HTTP/1.1" 200 52 "http://www.dataivy.cn/blog/python%E5%9F%BA%E7%A1%80%E6%95%B0%E6%8D%AE%E5%A4%84%E7%90%86%E5%BA%93-numpy/" "Mozilla/5.0 (Windows NT 6.1; WOW64) AppleWebKit/537.36 (KHTML, like Gecko) Chrome/45.0.2454.101 Safari/537.36"
211.145.48.223 - - [28/Feb/2017:20:41:01 +0800] "GET /__ua.gif?v=1&_v=j48&a=24494497&t=timing&_s=2&dl=http%3A%2F%2Fwww.dataivy.cn%2Fblog%2Fpython%25E5%259F%25BA%25E7%25A1%2580%25E6%2595%25B0%25E6%258D%25AE%25E5%25A4%2584%25E7%2590%2586%25E5%25BA%2593-numpy%2F&ul=zh-cn&de=UTF-8&dt=Python%E5%9F%BA%E7%A1%80%E6%95%B0%E6%8D%AE%E5%A4%84%E7%90%86%E5%BA%93-NumPy(%E6%8C%81%E7%BB%AD%E6%9B%B4%E6%96%B0)%20%7C%20%E6%95%B0%E6%8D%AE%E5%B8%B8%E9%9D%92%E8%97%A4&sd=24-bit&sr=1920x1080&vp=1562x906&je=1&fl=23.0%20r0&plt=5293&pdt=52&dns=0&rrt=347&srt=272&tcp=0&dit=3817&clt=3817&_u=SCCAgEAj~&jid=&cid=2053022289.1488285476&tid=UA-50808718-1&sf=90&z=1331553053 HTTP/1.1" 200 52 "http://www.dataivy.cn/blog/python%E5%9F%BA%E7%A1%80%E6%95%B0%E6%8D%AE%E5%A4%84%E7%90%86%E5%BA%93-numpy/" "Mozilla/5.0 (Windows NT 6.1; WOW64) AppleWebKit/537.36 (KHTML, like Gecko) Chrome/45.0.2454.101 Safari/537.36"
88.173.214.198 - - [28/Feb/2017:20:44:46 +0800] "GET /blog/%E6%A0%B8%E5%AF%86%E5%BA%A6%E4%BC%B0%E8%AE%A1kernel-density-estimation_kde/ HTTP/1.1" 200 9518 "-" "Mozilla/5.0 (Macintosh; Intel Mac OS X 10_10_5) AppleWebKit/602.3.12 (KHTML, like Gecko)"
88.173.214.198 - - [28/Feb/2017:20:44:47 +0800] "GET /apple-touch-icon-precomposed.png HTTP/1.1" 404 5231 "-" "Safari/10602.3.12.0.1 CFNetwork/720.5.7 Darwin/14.5.0 (x86_64)"
88.173.214.198 - - [28/Feb/2017:20:44:48 +0800] "GET /apple-touch-icon.png HTTP/1.1" 404 5231 "-" "Safari/10602.3.12.0.1 CFNetwork/720.5.7 Darwin/14.5.0 (x86_64)"
88.173.214.198 - - [28/Feb/2017:20:44:49 +0800] "GET /favicon.ico HTTP/1.1" 200 20 "-" "Safari/10602.3.12.0.1 CFNetwork/720.5.7 Darwin/14.5.0 (x86_64)"
88.173.214.198 - - [28/Feb/2017:20:44:49 +0800] "GET /apple-touch-icon-precomposed.png HTTP/1.1" 404 5231 "-" "Safari/10602.3.12.0.1 CFNetwork/720.5.7 Darwin/14.5.0 (x86_64)"
88.173.214.198 - - [28/Feb/2017:20:44:49 +0800] "GET /apple-touch-icon.png HTTP/1.1" 404 5231 "-" "Safari/10602.3.12.0.1 CFNetwork/720.5.7 Darwin/14.5.0 (x86_64)"
88.173.214.198 - - [28/Feb/2017:20:44:50 +0800] "GET /favicon.ico HTTP/1.1" 200 20 "-" "Safari/10602.3.12.0.1 CFNetwork/720.5.7 Darwin/14.5.0 (x86_64)"
88.173.214.198 - - [28/Feb/2017:20:44:52 +0800] "GET /blog/%E6%A0%B8%E5%AF%86%E5%BA%A6%E4%BC%B0%E8%AE%A1kernel-density-estimation_kde/ HTTP/1.1" 200 9517 "-" "Mozilla/5.0 (iPhone; CPU iPhone OS 10_0 like Mac OS X) AppleWebKit/602.1.38 (KHTML, like Gecko) Version/10.0 Mobile/14A300 Safari/602.1"
88.173.214.198 - - [28/Feb/2017:20:44:52 +0800] "GET /apple-touch-icon-precomposed.png HTTP/1.1" 404 5231 "-" "Safari/10602.3.12.0.1 CFNetwork/720.5.7 Darwin/14.5.0 (x86_64)"
88.173.214.198 - - [28/Feb/2017:20:44:53 +0800] "GET /apple-touch-icon.png HTTP/1.1" 404 5231 "-" "Safari/10602.3.12.0.1 CFNetwork/720.5.7 Darwin/14.5.0 (x86_64)"
88.173.214.198 - - [28/Feb/2017:20:44:53 +0800] "GET /favicon.ico HTTP/1.1" 200 20 "-" "Safari/10602.3.12.0.1 CFNetwork/720.5.7 Darwin/14.5.0 (x86_64)"
88.173.214.198 - - [28/Feb/2017:20:44:54 +0800] "GET /apple-touch-icon-precomposed.png HTTP/1.1" 404 5231 "-" "Safari/10602.3.12.0.1 CFNetwork/720.5.7 Darwin/14.5.0 (x86_64)"
88.173.214.198 - - [28/Feb/2017:20:44:56 +0800] "GET /apple-touch-icon.png HTTP/1.1" 404 5231 "-" "Safari/10602.3.12.0.1 CFNetwork/720.5.7 Darwin/14.5.0 (x86_64)"
112.124.127.44 - - [28/Feb/2017:20:44:56 +0800] "GET / HTTP/1.1" 200 48415 "-" "Mozilla/5.0 (compatible; MSIE 9.0; Windows NT 6.1; Win64; x64; Trident/5.0)"
88.173.214.198 - - [28/Feb/2017:20:44:57 +0800] "GET /favicon.ico HTTP/1.1" 200 20 "-" "Safari/10602.3.12.0.1 CFNetwork/720.5.7 Darwin/14.5.0 (x86_64)"
115.28.26.13 - - [28/Feb/2017:20:45:46 +0800] "GET / HTTP/1.1" 200 48415 "-" "Mozilla/5.0 (compatible; MSIE 9.0; Windows NT 6.1; Win64; x64; Trident/5.0)"
218.241.98.203 - - [28/Feb/2017:20:46:41 +0800] "GET / HTTP/1.1" 200 48415 "-" "libwww-perl/5.834"
118.190.22.53 - - [28/Feb/2017:20:47:48 +0800] "GET / HTTP/1.1" 200 10902 "-" "curl"
112.124.127.44 - - [28/Feb/2017:20:49:56 +0800] "GET / HTTP/1.1" 200 48415 "-" "Mozilla/5.0 (compatible; MSIE 9.0; Windows NT 6.1; Win64; x64; Trident/5.0)"
115.28.26.13 - - [28/Feb/2017:20:50:49 +0800] "GET / HTTP/1.1" 200 48415 "-" "Mozilla/5.0 (compatible; MSIE 9.0; Windows NT 6.1; Win64; x64; Trident/5.0)"
58.20.40.97 - - [28/Feb/2017:20:54:16 +0800] "GET /blog/python%E5%9F%BA%E7%A1%80%E6%95%B0%E6%8D%AE%E5%A4%84%E7%90%86%E5%BA%93-numpy/ HTTP/1.1" 200 15256 "-" "Mozilla/5.0 (Macintosh; Intel Mac OS X 10_12_3) AppleWebKit/602.4.8 (KHTML, like Gecko)"
58.20.40.97 - - [28/Feb/2017:20:54:16 +0800] "GET /apple-touch-icon-precomposed.png HTTP/1.1" 404 5231 "-" "Safari/12602.4.8 CFNetwork/807.2.14 Darwin/16.4.0 (x86_64)"
58.20.40.97 - - [28/Feb/2017:20:54:16 +0800] "GET /apple-touch-icon.png HTTP/1.1" 404 5231 "-" "Safari/12602.4.8 CFNetwork/807.2.14 Darwin/16.4.0 (x86_64)"
58.20.40.97 - - [28/Feb/2017:20:54:16 +0800] "GET /favicon.ico HTTP/1.1" 200 20 "-" "Safari/12602.4.8 CFNetwork/807.2.14 Darwin/16.4.0 (x86_64)"
58.20.40.97 - - [28/Feb/2017:20:54:16 +0800] "GET /apple-touch-icon-precomposed.png HTTP/1.1" 404 5231 "-" "Safari/12602.4.8 CFNetwork/807.2.14 Darwin/16.4.0 (x86_64)"
58.20.40.97 - - [28/Feb/2017:20:54:17 +0800] "GET /apple-touch-icon.png HTTP/1.1" 404 5231 "-" "Safari/12602.4.8 CFNetwork/807.2.14 Darwin/16.4.0 (x86_64)"
58.20.40.97 - - [28/Feb/2017:20:54:17 +0800] "GET /favicon.ico HTTP/1.1" 200 20 "-" "Safari/12602.4.8 CFNetwork/807.2.14 Darwin/16.4.0 (x86_64)"
58.20.40.97 - - [28/Feb/2017:20:54:17 +0800] "GET /blog/python%E5%9F%BA%E7%A1%80%E6%95%B0%E6%8D%AE%E5%A4%84%E7%90%86%E5%BA%93-numpy/ HTTP/1.1" 200 15257 "-" "Mozilla/5.0 (iPhone; CPU iPhone OS 10_0 like Mac OS X) AppleWebKit/602.1.38 (KHTML, like Gecko) Version/10.0 Mobile/14A300 Safari/602.1"
58.20.40.97 - - [28/Feb/2017:20:54:17 +0800] "GET /apple-touch-icon-precomposed.png HTTP/1.1" 404 5231 "-" "Safari/12602.4.8 CFNetwork/807.2.14 Darwin/16.4.0 (x86_64)"
58.20.40.97 - - [28/Feb/2017:20:54:17 +0800] "GET /apple-touch-icon.png HTTP/1.1" 404 5231 "-" "Safari/12602.4.8 CFNetwork/807.2.14 Darwin/16.4.0 (x86_64)"
58.20.40.97 - - [28/Feb/2017:20:54:18 +0800] "GET /favicon.ico HTTP/1.1" 200 20 "-" "Safari/12602.4.8 CFNetwork/807.2.14 Darwin/16.4.0 (x86_64)"
58.20.40.97 - - [28/Feb/2017:20:54:18 +0800] "GET /apple-touch-icon-precomposed.png HTTP/1.1" 404 5231 "-" "Safari/12602.4.8 CFNetwork/807.2.14 Darwin/16.4.0 (x86_64)"
58.20.40.97 - - [28/Feb/2017:20:54:18 +0800] "GET /apple-touch-icon.png HTTP/1.1" 404 5231 "-" "Safari/12602.4.8 CFNetwork/807.2.14 Darwin/16.4.0 (x86_64)"
58.20.40.97 - - [28/Feb/2017:20:54:18 +0800] "GET /favicon.ico HTTP/1.1" 200 20 "-" "Safari/12602.4.8 CFNetwork/807.2.14 Darwin/16.4.0 (x86_64)"
49.146.137.22 - - [28/Feb/2017:20:54:37 +0800] "POST /xmlrpc.php HTTP/1.1" 200 402 "-" "Mozilla/5.0 (Windows NT 6.1; WOW64; rv:40.0) Gecko/20100101 Firefox/40.1"
49.146.137.22 - - [28/Feb/2017:20:54:37 +0800] "GET /wp-login.php HTTP/1.1" 200 2641 "-" "Mozilla/5.0 (Windows NT 6.1; WOW64; rv:40.0) Gecko/20100101 Firefox/40.1"
49.146.137.22 - - [28/Feb/2017:20:54:37 +0800] "POST /wp-login.php HTTP/1.1" 200 3568 "-" "Mozilla/5.0 (Windows NT 6.1; WOW64; rv:40.0) Gecko/20100101 Firefox/40.1"
112.124.127.44 - - [28/Feb/2017:20:54:56 +0800] "GET / HTTP/1.1" 200 48415 "-" "Mozilla/5.0 (compatible; MSIE 9.0; Windows NT 6.1; Win64; x64; Trident/5.0)"
115.28.26.13 - - [28/Feb/2017:20:55:48 +0800] "GET / HTTP/1.1" 200 48415 "-" "Mozilla/5.0 (compatible; MSIE 9.0; Windows NT 6.1; Win64; x64; Trident/5.0)"
120.55.66.117 - - [28/Feb/2017:20:56:07 +0800] "GET / HTTP/1.1" 200 10902 "-" "curl"
114.215.165.130 - - [28/Feb/2017:20:56:08 +0800] "GET / HTTP/1.1" 200 10902 "-" "curl"
107.23.64.134 - - [28/Feb/2017:20:56:23 +0800] "GET /favicon.ico HTTP/1.1" 200 20 "http://dataivy.cn" "Mozilla/5.0 (Macintosh; U; Intel Mac OS X 10.6; en-US; rv:1.9.1.7) Gecko/20091221 Firefox/3.5.7 (.NET CLR 3.5.30729)"
52.87.144.150 - - [28/Feb/2017:20:56:23 +0800] "GET /wp-content/uploads/2015/04/novelty_detection.png HTTP/1.1" 200 14732 "http://www.dataivy.cn" "Mozilla/5.0 (Macintosh; U; Intel Mac OS X 10.6; en-US; rv:1.9.1.7) Gecko/20091221 Firefox/3.5.7 (.NET CLR 3.5.30729)"
54.224.0.103 - - [28/Feb/2017:20:56:23 +0800] "GET /wp-content/uploads/2015/05/sc.png HTTP/1.1" 200 14492 "http://www.dataivy.cn" "Mozilla/5.0 (Macintosh; U; Intel Mac OS X 10.6; en-US; rv:1.9.1.7) Gecko/20091221 Firefox/3.5.7 (.NET CLR 3.5.30729)"
52.87.144.150 - - [28/Feb/2017:20:56:24 +0800] "GET /wp-content/uploads/2015/05/QQ%E6%88%AA%E5%9B%BE2015051016025711.png HTTP/1.1" 200 4895 "http://www.dataivy.cn" "Mozilla/5.0 (Macintosh; U; Intel Mac OS X 10.6; en-US; rv:1.9.1.7) Gecko/20091221 Firefox/3.5.7 (.NET CLR 3.5.30729)"
54.224.0.103 - - [28/Feb/2017:20:56:23 +0800] "GET /wp-content/uploads/2015/05/201105022056107476.gif HTTP/1.1" 200 308242 "http://www.dataivy.cn" "Mozilla/5.0 (Macintosh; U; Intel Mac OS X 10.6; en-US; rv:1.9.1.7) Gecko/20091221 Firefox/3.5.7 (.NET CLR 3.5.30729)"
107.23.64.134 - - [28/Feb/2017:20:56:33 +0800] "GET /wp-content/uploads/2015/05/bars11.png HTTP/1.1" 200 5530 "http://www.dataivy.cn" "Mozilla/5.0 (Macintosh; U; Intel Mac OS X 10.6; en-US; rv:1.9.1.7) Gecko/20091221 Firefox/3.5.7 (.NET CLR 3.5.30729)"
205.164.24.98 - - [28/Feb/2017:20:56:46 +0800] "GET /blog/%E9%80%82%E5%90%88%E5%A4%A7%E6%95%B0%E6%8D%AE%E7%9A%84%E8%81%9A%E7%B1%BB%E7%AE%97%E6%B3%95mini-batch-k-means/ HTTP/1.1" 200 9457 "https://www.google.com/" "Mozilla/5.0 (Windows NT 10.0; WOW64) AppleWebKit/537.36 (KHTML, like Gecko) Chrome/56.0.2924.87 Safari/537.36"
205.164.24.98 - - [28/Feb/2017:20:56:47 +0800] "GET /__ua.gif?v=1&_v=j48&a=931011234&t=pageview&_s=1&dl=http%3A%2F%2Fwww.dataivy.cn%2Fblog%2F%25E9%2580%2582%25E5%2590%2588%25E5%25A4%25A7%25E6%2595%25B0%25E6%258D%25AE%25E7%259A%2584%25E8%2581%259A%25E7%25B1%25BB%25E7%25AE%2597%25E6%25B3%2595mini-batch-k-means%2F&dr=https%3A%2F%2Fwww.google.com%2F&ul=zh-cn&de=UTF-8&dt=%E9%80%82%E5%90%88%E5%A4%A7%E6%95%B0%E6%8D%AE%E7%9A%84%E8%81%9A%E7%B1%BB%E7%AE%97%E6%B3%95Mini%20Batch%20K-Means%20%7C%20%E6%95%B0%E6%8D%AE%E5%B8%B8%E9%9D%92%E8%97%A4&sd=24-bit&sr=1536x864&vp=1519x693&je=0&fl=24.0%20r0&_u=SCCAgEAj~&jid=6678210&cid=1389789069.1488247862&tid=UA-50808718-1&sf=90&z=2020493558 HTTP/1.1" 200 52 "http://www.dataivy.cn/blog/%E9%80%82%E5%90%88%E5%A4%A7%E6%95%B0%E6%8D%AE%E7%9A%84%E8%81%9A%E7%B1%BB%E7%AE%97%E6%B3%95mini-batch-k-means/" "Mozilla/5.0 (Windows NT 10.0; WOW64) AppleWebKit/537.36 (KHTML, like Gecko) Chrome/56.0.2924.87 Safari/537.36"
66.249.77.27 - - [28/Feb/2017:20:57:08 +0800] "GET /wp-content/uploads/2015/04/QQ%E6%88%AA%E5%9B%BE2015050814570511.png?wt_tb=1%7C1487462400142 HTTP/1.1" 404 5231 "-" "Googlebot-Image/1.0"
112.124.127.44 - - [28/Feb/2017:20:59:56 +0800] "GET / HTTP/1.1" 200 48415 "-" "Mozilla/5.0 (compatible; MSIE 9.0; Windows NT 6.1; Win64; x64; Trident/5.0)"
115.28.26.13 - - [28/Feb/2017:21:00:47 +0800] "GET / HTTP/1.1" 200 48415 "-" "Mozilla/5.0 (compatible; MSIE 9.0; Windows NT 6.1; Win64; x64; Trident/5.0)"
218.17.212.238 - - [28/Feb/2017:21:02:01 +0800] "GET /feed HTTP/1.1" 302 - "-" "Mozilla/4.0 (compatible; MSIE 8.0; Windows NT 6.1; WOW64; Trident/4.0; SLCC2;)"
218.17.212.238 - - [28/Feb/2017:21:02:01 +0800] "GET / HTTP/1.1" 200 32714 "-" "Mozilla/4.0 (compatible; MSIE 8.0; Windows NT 6.1; WOW64; Trident/4.0; SLCC2;)"
218.17.212.238 - - [28/Feb/2017:21:02:01 +0800] "GET /feed HTTP/1.1" 302 20 "-" "Mozilla/4.0 (compatible; MSIE 8.0; Windows NT 6.1; WOW64; Trident/4.0; SLCC2;)"
218.17.212.238 - - [28/Feb/2017:21:02:01 +0800] "GET / HTTP/1.1" 200 10901 "-" "Mozilla/4.0 (compatible; MSIE 8.0; Windows NT 6.1; WOW64; Trident/4.0; SLCC2;)"
45.32.46.86 - - [28/Feb/2017:21:04:34 +0800] "GET /blog/%E6%A0%B8%E5%AF%86%E5%BA%A6%E4%BC%B0%E8%AE%A1kernel-density-estimation_kde/ HTTP/1.1" 200 9519 "https://www.google.co.jp/" "Mozilla/5.0 (Windows NT 10.0; WOW64) AppleWebKit/537.36 (KHTML, like Gecko) Chrome/56.0.2924.87 Safari/537.36"
45.32.46.86 - - [28/Feb/2017:21:04:35 +0800] "GET /wp-content/themes/twentyfifteen/style.css?ver=4.1.15 HTTP/1.1" 200 16247 "http://www.dataivy.cn/blog/%E6%A0%B8%E5%AF%86%E5%BA%A6%E4%BC%B0%E8%AE%A1kernel-density-estimation_kde/" "Mozilla/5.0 (Windows NT 10.0; WOW64) AppleWebKit/537.36 (KHTML, like Gecko) Chrome/56.0.2924.87 Safari/537.36"
45.32.46.86 - - [28/Feb/2017:21:04:35 +0800] "GET /wp-includes/js/jquery/jquery-migrate.min.js?ver=1.2.1 HTTP/1.1" 200 3068 "http://www.dataivy.cn/blog/%E6%A0%B8%E5%AF%86%E5%BA%A6%E4%BC%B0%E8%AE%A1kernel-density-estimation_kde/" "Mozilla/5.0 (Windows NT 10.0; WOW64) AppleWebKit/537.36 (KHTML, like Gecko) Chrome/56.0.2924.87 Safari/537.36"
45.32.46.86 - - [28/Feb/2017:21:04:36 +0800] "GET /wp-content/themes/twentyfifteen/genericons/genericons.css?ver=3.2 HTTP/1.1" 200 16580 "http://www.dataivy.cn/blog/%E6%A0%B8%E5%AF%86%E5%BA%A6%E4%BC%B0%E8%AE%A1kernel-density-estimation_kde/" "Mozilla/5.0 (Windows NT 10.0; WOW64) AppleWebKit/537.36 (KHTML, like Gecko) Chrome/56.0.2924.87 Safari/537.36"
45.32.46.86 - - [28/Feb/2017:21:04:35 +0800] "GET /wp-includes/js/jquery/jquery.js?ver=1.11.1 HTTP/1.1" 200 33231 "http://www.dataivy.cn/blog/%E6%A0%B8%E5%AF%86%E5%BA%A6%E4%BC%B0%E8%AE%A1kernel-density-estimation_kde/" "Mozilla/5.0 (Windows NT 10.0; WOW64) AppleWebKit/537.36 (KHTML, like Gecko) Chrome/56.0.2924.87 Safari/537.36"
45.32.46.86 - - [28/Feb/2017:21:04:37 +0800] "GET /wp-content/plugins/akismet/_inc/form.js?ver=3.1.5 HTTP/1.1" 200 318 "http://www.dataivy.cn/blog/%E6%A0%B8%E5%AF%86%E5%BA%A6%E4%BC%B0%E8%AE%A1kernel-density-estimation_kde/" "Mozilla/5.0 (Windows NT 10.0; WOW64) AppleWebKit/537.36 (KHTML, like Gecko) Chrome/56.0.2924.87 Safari/537.36"
