103.240.125.65 - - [28/Feb/2017:23:14:09 +0800] "GET /__ua.gif?v=1&_v=j48&a=2038058406&t=pageview&_s=1&dl=http%3A%2F%2Fwww.dataivy.cn%2Fblog%2Fpython%25E5%259F%25BA%25E7%25A1%2580%25E6%2595%25B0%25E6%258D%25AE%25E5%25A4%2584%25E7%2590%2586%25E5%25BA%2593-numpy%2F&dr=https%3A%2F%2Fwww.baidu.com%2Flink%3Furl%3DqrB8HuJ3O_X9L3MH3bsOjpCfR54bPepawqsnxng_Yo2gL_TTem5sm8mfX902JX0MYXclayOb2Bf4_0k3y3shWRwzKdOUIEyHZSK0Hf64vwrje__T-BrGO9JAjM-M6QwmLNQaqtfgBJ-XMviDi3O0rHdX702iWtI2gcqA6n75lfO%26wd%3D%26eqid%3D8d9646bf00018f410000000358b5912a&ul=zh-cn&de=UTF-8&dt=Python%E5%9F%BA%E7%A1%80%E6%95%B0%E6%8D%AE%E5%A4%84%E7%90%86%E5%BA%93-NumPy(%E6%8C%81%E7%BB%AD%E6%9B%B4%E6%96%B0)%20%7C%20%E6%95%B0%E6%8D%AE%E5%B8%B8%E9%9D%92%E8%97%A4&sd=24-bit&sr=1536x864&vp=1519x714&je=0&_u=SCCAgEAj~&jid=&cid=539658312.1488294241&tid=UA-50808718-1&sf=90&linkid=tag_cloud-3&z=1819418936 HTTP/1.1" 200 52 "http://www.dataivy.cn/blog/python%E5%9F%BA%E7%A1%80%E6%95%B0%E6%8D%AE%E5%A4%84%E7%90%86%E5%BA%93-numpy/" "Mozilla/5.0 (Windows NT 10.0; WOW64; rv:51.0) Gecko/20100101 Firefox/51.0"
103.240.125.65 - - [28/Feb/2017:23:14:10 +0800] "GET /__ua.gif?v=1&_v=j48&a=2038058406&t=timing&_s=2&dl=http%3A%2F%2Fwww.dataivy.cn%2Fblog%2Fpython%25E5%259F%25BA%25E7%25A1%2580%25E6%2595%25B0%25E6%258D%25AE%25E5%25A4%2584%25E7%2590%2586%25E5%25BA%2593-numpy%2F&dr=https%3A%2F%2Fwww.baidu.com%2Flink%3Furl%3DqrB8HuJ3O_X9L3MH3bsOjpCfR54bPepawqsnxng_Yo2gL_TTem5sm8mfX902JX0MYXclayOb2Bf4_0k3y3shWRwzKdOUIEyHZSK0Hf64vwrje__T-BrGO9JAjM-M6QwmLNQaqtfgBJ-XMviDi3O0rHdX702iWtI2gcqA6n75lfO%26wd%3D%26eqid%3D8d9646bf00018f410000000358b5912a&ul=zh-cn&de=UTF-8&dt=Python%E5%9F%BA%E7%A1%80%E6%95%B0%E6%8D%AE%E5%A4%84%E7%90%86%E5%BA%93-NumPy(%E6%8C%81%E7%BB%AD%E6%9B%B4%E6%96%B0)%20%7C%20%E6%95%B0%E6%8D%AE%E5%B8%B8%E9%9D%92%E8%97%A4&sd=24-bit&sr=1536x864&vp=1519x714&je=0&plt=1454&pdt=7&dns=0&rrt=13&srt=6&tcp=0&dit=179&clt=304&_u=SCCAgEAj~&jid=&cid=539658312.1488294241&tid=UA-50808718-1&sf=90&linkid=tag_cloud-3&z=1522957507 HTTP/1.1" 200 52 "http://www.dataivy.cn/blog/python%E5%9F%BA%E7%A1%80%E6%95%B0%E6%8D%AE%E5%A4%84%E7%90%86%E5%BA%93-numpy/" "Mozilla/5.0 (Windows NT 10.0; WOW64; rv:51.0) Gecko/20100101 Firefox/51.0"
103.240.125.65 - - [28/Feb/2017:23:14:10 +0800] "GET /blog/%e6%96%b0%e5%a5%87%e6%a3%80%e6%b5%8bnovelty-detection/ HTTP/1.1" 200 12054 "http://www.dataivy.cn/blog/python%E5%9F%BA%E7%A1%80%E6%95%B0%E6%8D%AE%E5%A4%84%E7%90%86%E5%BA%93-numpy/" "Mozilla/5.0 (Windows NT 10.0; WOW64; rv:51.0) Gecko/20100101 Firefox/51.0"
103.240.125.65 - - [28/Feb/2017:23:14:27 +0800] "GET /blog/tag/k-means/?wt_tb=1%7C1488294849273 HTTP/1.1" 200 7408 "http://www.dataivy.cn/blog/python%E5%9F%BA%E7%A1%80%E6%95%B0%E6%8D%AE%E5%A4%84%E7%90%86%E5%BA%93-numpy/" "Mozilla/5.0 (Windows NT 10.0; WOW64; rv:51.0) Gecko/20100101 Firefox/51.0"
103.240.125.65 - - [28/Feb/2017:23:14:28 +0800] "GET /__ua.gif?v=1&_v=j48&a=1262114598&t=pageview&_s=1&dl=http%3A%2F%2Fwww.dataivy.cn%2Fblog%2Ftag%2Fk-means%2F%3Fwt_tb%3D1%257C1488294849273&ul=zh-cn&de=UTF-8&dt=K-Means%20%7C%20%E6%95%B0%E6%8D%AE%E5%B8%B8%E9%9D%92%E8%97%A4&sd=24-bit&sr=1536x864&vp=1519x714&je=0&_u=SCCAgEAj~&jid=&cid=539658312.1488294241&tid=UA-50808718-1&sf=90&linkid=tag_cloud-3&z=796393015 HTTP/1.1" 200 52 "http://www.dataivy.cn/blog/tag/k-means/?wt_tb=1%7C1488294849273" "Mozilla/5.0 (Windows NT 10.0; WOW64; rv:51.0) Gecko/20100101 Firefox/51.0"
103.240.125.65 - - [28/Feb/2017:23:14:38 +0800] "GET /__ua.gif?v=1&_v=j48&a=1262114598&t=timing&_s=2&dl=http%3A%2F%2Fwww.dataivy.cn%2Fblog%2Ftag%2Fk-means%2F%3Fwt_tb%3D1%257C1488294849273&ul=zh-cn&de=UTF-8&dt=K-Means%20%7C%20%E6%95%B0%E6%8D%AE%E5%B8%B8%E9%9D%92%E8%97%A4&sd=24-bit&sr=1536x864&vp=1519x714&je=0&plt=11116&pdt=1&dns=0&rrt=28&srt=240&tcp=0&dit=1099&clt=1131&_u=SCCAgEAj~&jid=&cid=539658312.1488294241&tid=UA-50808718-1&sf=90&linkid=tag_cloud-3&z=896200027 HTTP/1.1" 200 52 "http://www.dataivy.cn/blog/tag/k-means/?wt_tb=1%7C1488294849273" "Mozilla/5.0 (Windows NT 10.0; WOW64; rv:51.0) Gecko/20100101 Firefox/51.0"
103.240.125.65 - - [28/Feb/2017:23:14:39 +0800] "GET /blog/dbscan/ HTTP/1.1" 200 10339 "http://www.dataivy.cn/blog/tag/k-means/?wt_tb=1%7C1488294849273" "Mozilla/5.0 (Windows NT 10.0; WOW64; rv:51.0) Gecko/20100101 Firefox/51.0"
103.240.125.65 - - [28/Feb/2017:23:14:43 +0800] "GET /wp-content/uploads/2015/05/DBSCAN11.png HTTP/1.1" 200 5813 "http://www.dataivy.cn/blog/dbscan/" "Mozilla/5.0 (Windows NT 10.0; WOW64; rv:51.0) Gecko/20100101 Firefox/51.0"
103.240.125.65 - - [28/Feb/2017:23:14:43 +0800] "GET /wp-content/uploads/2015/05/dbscan_result11.png HTTP/1.1" 200 14231 "http://www.dataivy.cn/blog/dbscan/" "Mozilla/5.0 (Windows NT 10.0; WOW64; rv:51.0) Gecko/20100101 Firefox/51.0"
103.240.125.65 - - [28/Feb/2017:23:14:43 +0800] "GET /wp-content/uploads/2015/05/dbscan_time11.png HTTP/1.1" 200 6111 "http://www.dataivy.cn/blog/dbscan/" "Mozilla/5.0 (Windows NT 10.0; WOW64; rv:51.0) Gecko/20100101 Firefox/51.0"
103.240.125.65 - - [28/Feb/2017:23:14:44 +0800] "GET /__ua.gif?v=1&_v=j48&a=690517327&t=pageview&_s=1&dl=http%3A%2F%2Fwww.dataivy.cn%2Fblog%2Fdbscan%2F&ul=zh-cn&de=UTF-8&dt=DBSCAN%20%7C%20%E6%95%B0%E6%8D%AE%E5%B8%B8%E9%9D%92%E8%97%A4&sd=24-bit&sr=1536x864&vp=1519x714&je=0&_u=SCCAgFAj~&jid=&cid=539658312.1488294241&tid=UA-50808718-1&sf=90&linkid=post-469&z=1123868881 HTTP/1.1" 200 52 "http://www.dataivy.cn/blog/dbscan/" "Mozilla/5.0 (Windows NT 10.0; WOW64; rv:51.0) Gecko/20100101 Firefox/51.0"
103.240.125.65 - - [28/Feb/2017:23:14:45 +0800] "GET /__ua.gif?v=1&_v=j48&a=690517327&t=timing&_s=2&dl=http%3A%2F%2Fwww.dataivy.cn%2Fblog%2Fdbscan%2F&ul=zh-cn&de=UTF-8&dt=DBSCAN%20%7C%20%E6%95%B0%E6%8D%AE%E5%B8%B8%E9%9D%92%E8%97%A4&sd=24-bit&sr=1536x864&vp=1519x714&je=0&plt=5589&pdt=2&dns=0&rrt=24&srt=350&tcp=0&dit=4592&clt=4652&_u=SCCAgFAj~&jid=&cid=539658312.1488294241&tid=UA-50808718-1&sf=90&linkid=post-469&z=925600827 HTTP/1.1" 200 52 "http://www.dataivy.cn/blog/dbscan/" "Mozilla/5.0 (Windows NT 10.0; WOW64; rv:51.0) Gecko/20100101 Firefox/51.0"
42.236.10.114 - - [28/Feb/2017:23:14:54 +0800] "GET /blog/%E6%96%B0%E5%A5%87%E6%A3%80%E6%B5%8Bnovelty-detection/?wt_tb=2%7C1482133722490 HTTP/1.1" 200 12102 "http://www.dataivy.cn/blog/%E6%96%B0%E5%A5%87%E6%A3%80%E6%B5%8Bnovelty-detection/?wt_tb=2%7C1482133722490" "Mozilla/5.0 (Windows NT 6.2) AppleWebKit/537.36 (KHTML, like Gecko) Chrome/31.0.1650.63 Safari/537.36 QIHU 360SE; 360Spider"
180.163.220.125 - - [28/Feb/2017:23:14:55 +0800] "GET /blog/%E8%81%9A%E7%B1%BB%E7%AE%97%E6%B3%95affinity-propagation_ap/ HTTP/1.1" 200 11684 "http://www.dataivy.cn/blog/%E8%81%9A%E7%B1%BB%E7%AE%97%E6%B3%95affinity-propagation_ap/" "Mozilla/5.0 (Windows NT 6.2) AppleWebKit/537.36 (KHTML, like Gecko) Chrome/31.0.1650.63 Safari/537.36 QIHU 360SE; 360Spider"
180.163.220.61 - - [28/Feb/2017:23:14:55 +0800] "GET /blog/%E8%81%9A%E7%B1%BB%E7%AE%97%E6%B3%95affinity-propagation_ap/ HTTP/1.1" 200 11684 "http://www.dataivy.cn/blog/%E8%81%9A%E7%B1%BB%E7%AE%97%E6%B3%95affinity-propagation_ap/" "Mozilla/5.0 (Windows NT 6.2) AppleWebKit/537.36 (KHTML, like Gecko) Chrome/31.0.1650.63 Safari/537.36 QIHU 360SE; 360Spider"
180.163.220.61 - - [28/Feb/2017:23:14:55 +0800] "GET /blog/python%E5%9F%BA%E7%A1%80%E6%95%B0%E6%8D%AE%E5%A4%84%E7%90%86%E5%BA%93-numpy/ HTTP/1.1" 200 15256 "http://www.dataivy.cn/blog/python%E5%9F%BA%E7%A1%80%E6%95%B0%E6%8D%AE%E5%A4%84%E7%90%86%E5%BA%93-numpy/" "Mozilla/5.0 (Windows NT 6.2) AppleWebKit/537.36 (KHTML, like Gecko) Chrome/31.0.1650.63 Safari/537.36 QIHU 360SE; 360Spider"
112.124.127.44 - - [28/Feb/2017:23:14:56 +0800] "GET / HTTP/1.1" 200 48415 "-" "Mozilla/5.0 (compatible; MSIE 9.0; Windows NT 6.1; Win64; x64; Trident/5.0)"
115.28.26.13 - - [28/Feb/2017:23:15:46 +0800] "GET / HTTP/1.1" 200 48415 "-" "Mozilla/5.0 (compatible; MSIE 9.0; Windows NT 6.1; Win64; x64; Trident/5.0)"
112.124.127.44 - - [28/Feb/2017:23:19:57 +0800] "GET / HTTP/1.1" 200 48415 "-" "Mozilla/5.0 (compatible; MSIE 9.0; Windows NT 6.1; Win64; x64; Trident/5.0)"
115.28.26.13 - - [28/Feb/2017:23:20:47 +0800] "GET / HTTP/1.1" 200 48415 "-" "Mozilla/5.0 (compatible; MSIE 9.0; Windows NT 6.1; Win64; x64; Trident/5.0)"
112.124.127.44 - - [28/Feb/2017:23:24:57 +0800] "GET / HTTP/1.1" 200 48415 "-" "Mozilla/5.0 (compatible; MSIE 9.0; Windows NT 6.1; Win64; x64; Trident/5.0)"
115.28.26.13 - - [28/Feb/2017:23:25:46 +0800] "GET / HTTP/1.1" 200 48415 "-" "Mozilla/5.0 (compatible; MSIE 9.0; Windows NT 6.1; Win64; x64; Trident/5.0)"
66.249.77.28 - - [28/Feb/2017:23:28:04 +0800] "GET /wp-content/uploads/2015/04/QQ%E6%88%AA%E5%9B%BE201505081402351111.png?wt_tb=1%7C1485388800158 HTTP/1.1" 404 5231 "-" "Googlebot-Image/1.0"
128.84.125.237 - - [28/Feb/2017:23:28:13 +0800] "GET /blog/%E6%A0%B8%E5%AF%86%E5%BA%A6%E4%BC%B0%E8%AE%A1kernel-density-estimation_kde/ HTTP/1.1" 200 9518 "https://www.google.com/" "Mozilla/5.0 (Macintosh; Intel Mac OS X 10_11_6) AppleWebKit/537.36 (KHTML, like Gecko) Chrome/56.0.2924.87 Safari/537.36"
128.84.125.237 - - [28/Feb/2017:23:28:14 +0800] "GET /wp-content/themes/twentyfifteen/genericons/genericons.css?ver=3.2 HTTP/1.1" 200 16580 "http://www.dataivy.cn/blog/%E6%A0%B8%E5%AF%86%E5%BA%A6%E4%BC%B0%E8%AE%A1kernel-density-estimation_kde/" "Mozilla/5.0 (Macintosh; Intel Mac OS X 10_11_6) AppleWebKit/537.36 (KHTML, like Gecko) Chrome/56.0.2924.87 Safari/537.36"
128.84.125.237 - - [28/Feb/2017:23:28:14 +0800] "GET /wp-includes/js/jquery/jquery-migrate.min.js?ver=1.2.1 HTTP/1.1" 200 3068 "http://www.dataivy.cn/blog/%E6%A0%B8%E5%AF%86%E5%BA%A6%E4%BC%B0%E8%AE%A1kernel-density-estimation_kde/" "Mozilla/5.0 (Macintosh; Intel Mac OS X 10_11_6) AppleWebKit/537.36 (KHTML, like Gecko) Chrome/56.0.2924.87 Safari/537.36"
128.84.125.237 - - [28/Feb/2017:23:28:14 +0800] "GET /wp-content/themes/twentyfifteen/style.css?ver=4.1.15 HTTP/1.1" 200 16247 "http://www.dataivy.cn/blog/%E6%A0%B8%E5%AF%86%E5%BA%A6%E4%BC%B0%E8%AE%A1kernel-density-estimation_kde/" "Mozilla/5.0 (Macintosh; Intel Mac OS X 10_11_6) AppleWebKit/537.36 (KHTML, like Gecko) Chrome/56.0.2924.87 Safari/537.36"
128.84.125.237 - - [28/Feb/2017:23:28:14 +0800] "GET /wp-includes/js/jquery/jquery.js?ver=1.11.1 HTTP/1.1" 200 33231 "http://www.dataivy.cn/blog/%E6%A0%B8%E5%AF%86%E5%BA%A6%E4%BC%B0%E8%AE%A1kernel-density-estimation_kde/" "Mozilla/5.0 (Macintosh; Intel Mac OS X 10_11_6) AppleWebKit/537.36 (KHTML, like Gecko) Chrome/56.0.2924.87 Safari/537.36"
128.84.125.237 - - [28/Feb/2017:23:28:15 +0800] "GET /wp-content/plugins/akismet/_inc/form.js?ver=3.1.5 HTTP/1.1" 200 318 "http://www.dataivy.cn/blog/%E6%A0%B8%E5%AF%86%E5%BA%A6%E4%BC%B0%E8%AE%A1kernel-density-estimation_kde/" "Mozilla/5.0 (Macintosh; Intel Mac OS X 10_11_6) AppleWebKit/537.36 (KHTML, like Gecko) Chrome/56.0.2924.87 Safari/537.36"
128.84.125.237 - - [28/Feb/2017:23:28:15 +0800] "GET /wp-content/themes/twentyfifteen/js/functions.js?ver=20141212 HTTP/1.1" 200 1324 "http://www.dataivy.cn/blog/%E6%A0%B8%E5%AF%86%E5%BA%A6%E4%BC%B0%E8%AE%A1kernel-density-estimation_kde/" "Mozilla/5.0 (Macintosh; Intel Mac OS X 10_11_6) AppleWebKit/537.36 (KHTML, like Gecko) Chrome/56.0.2924.87 Safari/537.36"
128.84.125.237 - - [28/Feb/2017:23:28:15 +0800] "GET /wp-includes/js/comment-reply.min.js?ver=4.1.15 HTTP/1.1" 200 406 "http://www.dataivy.cn/blog/%E6%A0%B8%E5%AF%86%E5%BA%A6%E4%BC%B0%E8%AE%A1kernel-density-estimation_kde/" "Mozilla/5.0 (Macintosh; Intel Mac OS X 10_11_6) AppleWebKit/537.36 (KHTML, like Gecko) Chrome/56.0.2924.87 Safari/537.36"
128.84.125.237 - - [28/Feb/2017:23:28:15 +0800] "GET /wp-content/themes/twentyfifteen/js/skip-link-focus-fix.js?ver=20141010 HTTP/1.1" 200 445 "http://www.dataivy.cn/blog/%E6%A0%B8%E5%AF%86%E5%BA%A6%E4%BC%B0%E8%AE%A1kernel-density-estimation_kde/" "Mozilla/5.0 (Macintosh; Intel Mac OS X 10_11_6) AppleWebKit/537.36 (KHTML, like Gecko) Chrome/56.0.2924.87 Safari/537.36"
128.84.125.237 - - [28/Feb/2017:23:28:15 +0800] "GET /upload/weixin.png HTTP/1.1" 200 2018 "http://www.dataivy.cn/blog/%E6%A0%B8%E5%AF%86%E5%BA%A6%E4%BC%B0%E8%AE%A1kernel-density-estimation_kde/" "Mozilla/5.0 (Macintosh; Intel Mac OS X 10_11_6) AppleWebKit/537.36 (KHTML, like Gecko) Chrome/56.0.2924.87 Safari/537.36"
128.84.125.237 - - [28/Feb/2017:23:28:16 +0800] "GET /wp-content/uploads/2015/04/Kernel-Density-EstimationKDE.png HTTP/1.1" 200 15278 "http://www.dataivy.cn/blog/%E6%A0%B8%E5%AF%86%E5%BA%A6%E4%BC%B0%E8%AE%A1kernel-density-estimation_kde/" "Mozilla/5.0 (Macintosh; Intel Mac OS X 10_11_6) AppleWebKit/537.36 (KHTML, like Gecko) Chrome/56.0.2924.87 Safari/537.36"
128.84.125.237 - - [28/Feb/2017:23:28:16 +0800] "GET /analytics/usertracking/webtrekk_mcp.min.js HTTP/1.1" 200 7704 "http://www.dataivy.cn/blog/%E6%A0%B8%E5%AF%86%E5%BA%A6%E4%BC%B0%E8%AE%A1kernel-density-estimation_kde/" "Mozilla/5.0 (Macintosh; Intel Mac OS X 10_11_6) AppleWebKit/537.36 (KHTML, like Gecko) Chrome/56.0.2924.87 Safari/537.36"
128.84.125.237 - - [28/Feb/2017:23:28:16 +0800] "GET /analytics/usertracking/webtrekk_v4.min.js HTTP/1.1" 200 23026 "http://www.dataivy.cn/blog/%E6%A0%B8%E5%AF%86%E5%BA%A6%E4%BC%B0%E8%AE%A1kernel-density-estimation_kde/" "Mozilla/5.0 (Macintosh; Intel Mac OS X 10_11_6) AppleWebKit/537.36 (KHTML, like Gecko) Chrome/56.0.2924.87 Safari/537.36"
128.84.125.237 - - [28/Feb/2017:23:28:17 +0800] "GET /__ua.gif?v=1&_v=j48&a=1435696798&t=pageview&_s=1&dl=http%3A%2F%2Fwww.dataivy.cn%2Fblog%2F%25E6%25A0%25B8%25E5%25AF%2586%25E5%25BA%25A6%25E4%25BC%25B0%25E8%25AE%25A1kernel-density-estimation_kde%2F&dr=https%3A%2F%2Fwww.google.com%2F&ul=en-us&de=UTF-8&dt=%E6%A0%B8%E5%AF%86%E5%BA%A6%E4%BC%B0%E8%AE%A1Kernel%20Density%20Estimation(KDE)%20%7C%20%E6%95%B0%E6%8D%AE%E5%B8%B8%E9%9D%92%E8%97%A4&sd=24-bit&sr=1440x900&vp=1381x709&je=0&_u=SGAAgEAj~&jid=166921921&cid=647048538.1488295698&tid=UA-50808718-1&sf=90&z=369680379 HTTP/1.1" 200 52 "http://www.dataivy.cn/blog/%E6%A0%B8%E5%AF%86%E5%BA%A6%E4%BC%B0%E8%AE%A1kernel-density-estimation_kde/" "Mozilla/5.0 (Macintosh; Intel Mac OS X 10_11_6) AppleWebKit/537.36 (KHTML, like Gecko) Chrome/56.0.2924.87 Safari/537.36"
128.84.125.237 - - [28/Feb/2017:23:28:23 +0800] "GET /__ua.gif?v=1&_v=j48&a=1435696798&t=timing&_s=2&dl=http%3A%2F%2Fwww.dataivy.cn%2Fblog%2F%25E6%25A0%25B8%25E5%25AF%2586%25E5%25BA%25A6%25E4%25BC%25B0%25E8%25AE%25A1kernel-density-estimation_kde%2F&dr=https%3A%2F%2Fwww.google.com%2F&ul=en-us&de=UTF-8&dt=%E6%A0%B8%E5%AF%86%E5%BA%A6%E4%BC%B0%E8%AE%A1Kernel%20Density%20Estimation(KDE)%20%7C%20%E6%95%B0%E6%8D%AE%E5%B8%B8%E9%9D%92%E8%97%A4&sd=24-bit&sr=1440x900&vp=1381x709&je=0&plt=9692&pdt=5&dns=345&rrt=0&srt=941&tcp=3&dit=3637&clt=3637&_u=SGAAgEAj~&jid=&cid=647048538.1488295698&tid=UA-50808718-1&sf=90&z=994769755 HTTP/1.1" 200 52 "http://www.dataivy.cn/blog/%E6%A0%B8%E5%AF%86%E5%BA%A6%E4%BC%B0%E8%AE%A1kernel-density-estimation_kde/" "Mozilla/5.0 (Macintosh; Intel Mac OS X 10_11_6) AppleWebKit/537.36 (KHTML, like Gecko) Chrome/56.0.2924.87 Safari/537.36"
128.84.125.237 - - [28/Feb/2017:23:28:23 +0800] "GET /favicon.ico HTTP/1.1" 200 20 "http://www.dataivy.cn/blog/%E6%A0%B8%E5%AF%86%E5%BA%A6%E4%BC%B0%E8%AE%A1kernel-density-estimation_kde/" "Mozilla/5.0 (Macintosh; Intel Mac OS X 10_11_6) AppleWebKit/537.36 (KHTML, like Gecko) Chrome/56.0.2924.87 Safari/537.36"
112.124.127.44 - - [28/Feb/2017:23:29:56 +0800] "GET / HTTP/1.1" 200 48415 "-" "Mozilla/5.0 (compatible; MSIE 9.0; Windows NT 6.1; Win64; x64; Trident/5.0)"
115.28.26.13 - - [28/Feb/2017:23:30:46 +0800] "GET / HTTP/1.1" 200 48415 "-" "Mozilla/5.0 (compatible; MSIE 9.0; Windows NT 6.1; Win64; x64; Trident/5.0)"
49.176.101.103 - - [28/Feb/2017:23:33:55 +0800] "POST /xmlrpc.php HTTP/1.1" 200 402 "-" "Mozilla/5.0 (Windows NT 6.1; WOW64; rv:40.0) Gecko/20100101 Firefox/40.1"
49.176.101.103 - - [28/Feb/2017:23:33:55 +0800] "GET /wp-login.php HTTP/1.1" 200 2641 "-" "Mozilla/5.0 (Windows NT 6.1; WOW64; rv:40.0) Gecko/20100101 Firefox/40.1"
49.176.101.103 - - [28/Feb/2017:23:33:56 +0800] "POST /wp-login.php HTTP/1.1" 200 3568 "-" "Mozilla/5.0 (Windows NT 6.1; WOW64; rv:40.0) Gecko/20100101 Firefox/40.1"
173.212.216.186 - - [28/Feb/2017:23:34:55 +0800] "GET /robots.txt HTTP/1.1" 200 134 "-" "Mozilla/5.0 (compatible; MJ12bot/v1.4.7; http://mj12bot.com/)"
112.124.127.44 - - [28/Feb/2017:23:34:56 +0800] "GET / HTTP/1.1" 200 48415 "-" "Mozilla/5.0 (compatible; MSIE 9.0; Windows NT 6.1; Win64; x64; Trident/5.0)"
173.212.216.186 - - [28/Feb/2017:23:35:04 +0800] "GET /tag/%E5%AE%A2%E6%88%B7%E5%88%86%E6%9E%90/feed HTTP/1.1" 302 - "-" "Mozilla/5.0 (compatible; MJ12bot/v1.4.7; http://mj12bot.com/)"
173.212.216.186 - - [28/Feb/2017:23:35:10 +0800] "GET /robots.txt HTTP/1.1" 200 134 "-" "Mozilla/5.0 (compatible; MJ12bot/v1.4.7; http://mj12bot.com/)"
173.212.216.186 - - [28/Feb/2017:23:35:15 +0800] "GET / HTTP/1.1" 200 48415 "-" "Mozilla/5.0 (compatible; MJ12bot/v1.4.7; http://mj12bot.com/)"
173.212.216.186 - - [28/Feb/2017:23:35:22 +0800] "GET /tag/java HTTP/1.1" 302 20 "-" "Mozilla/5.0 (compatible; MJ12bot/v1.4.7; http://mj12bot.com/)"
173.212.216.186 - - [28/Feb/2017:23:35:27 +0800] "GET / HTTP/1.1" 200 10900 "-" "Mozilla/5.0 (compatible; MJ12bot/v1.4.7; http://mj12bot.com/)"
173.212.216.186 - - [28/Feb/2017:23:35:38 +0800] "GET /tag/julia/feed HTTP/1.1" 302 20 "-" "Mozilla/5.0 (compatible; MJ12bot/v1.4.7; http://mj12bot.com/)"
173.212.216.186 - - [28/Feb/2017:23:35:42 +0800] "GET / HTTP/1.1" 200 10903 "-" "Mozilla/5.0 (compatible; MJ12bot/v1.4.7; http://mj12bot.com/)"
115.28.26.13 - - [28/Feb/2017:23:35:46 +0800] "GET / HTTP/1.1" 200 48415 "-" "Mozilla/5.0 (compatible; MSIE 9.0; Windows NT 6.1; Win64; x64; Trident/5.0)"
173.212.216.186 - - [28/Feb/2017:23:35:50 +0800] "GET /tag/kartograph HTTP/1.1" 302 20 "-" "Mozilla/5.0 (compatible; MJ12bot/v1.4.7; http://mj12bot.com/)"
173.212.216.186 - - [28/Feb/2017:23:35:56 +0800] "GET / HTTP/1.1" 200 10901 "-" "Mozilla/5.0 (compatible; MJ12bot/v1.4.7; http://mj12bot.com/)"
173.212.216.186 - - [28/Feb/2017:23:36:05 +0800] "GET /tag/kartograph/feed HTTP/1.1" 302 20 "-" "Mozilla/5.0 (compatible; MJ12bot/v1.4.7; http://mj12bot.com/)"
173.212.216.186 - - [28/Feb/2017:23:36:08 +0800] "GET / HTTP/1.1" 200 10903 "-" "Mozilla/5.0 (compatible; MJ12bot/v1.4.7; http://mj12bot.com/)"
173.212.216.186 - - [28/Feb/2017:23:36:12 +0800] "GET /tag/kpi HTTP/1.1" 302 20 "-" "Mozilla/5.0 (compatible; MJ12bot/v1.4.7; http://mj12bot.com/)"
173.212.216.186 - - [28/Feb/2017:23:36:19 +0800] "GET / HTTP/1.1" 200 10902 "-" "Mozilla/5.0 (compatible; MJ12bot/v1.4.7; http://mj12bot.com/)"
139.129.132.110 - - [28/Feb/2017:23:37:14 +0800] "GET / HTTP/1.1" 200 10903 "-" "curl"
120.26.214.200 - - [28/Feb/2017:23:37:17 +0800] "GET / HTTP/1.1" 200 10903 "-" "curl"
218.17.212.231 - - [28/Feb/2017:23:39:17 +0800] "GET /feed HTTP/1.1" 302 - "-" "Mozilla/4.0 (compatible; MSIE 8.0; Windows NT 6.1; WOW64; Trident/4.0; SLCC2;)"
218.17.212.231 - - [28/Feb/2017:23:39:17 +0800] "GET / HTTP/1.1" 200 39285 "-" "Mozilla/4.0 (compatible; MSIE 8.0; Windows NT 6.1; WOW64; Trident/4.0; SLCC2;)"
218.17.212.231 - - [28/Feb/2017:23:39:17 +0800] "GET /feed HTTP/1.1" 302 20 "-" "Mozilla/4.0 (compatible; MSIE 8.0; Windows NT 6.1; WOW64; Trident/4.0; SLCC2;)"
218.17.212.231 - - [28/Feb/2017:23:39:17 +0800] "GET / HTTP/1.1" 200 10901 "-" "Mozilla/4.0 (compatible; MSIE 8.0; Windows NT 6.1; WOW64; Trident/4.0; SLCC2;)"
112.124.127.44 - - [28/Feb/2017:23:39:56 +0800] "GET / HTTP/1.1" 200 48415 "-" "Mozilla/5.0 (compatible; MSIE 9.0; Windows NT 6.1; Win64; x64; Trident/5.0)"
66.249.77.29 - - [28/Feb/2017:23:39:58 +0800] "GET /wp-content/uploads/2015/05/plot_lda_qda_00111.png?wt_tb=1%7C1487462400139 HTTP/1.1" 404 5231 "-" "Googlebot-Image/1.0"
115.28.26.13 - - [28/Feb/2017:23:40:46 +0800] "GET / HTTP/1.1" 200 48415 "-" "Mozilla/5.0 (compatible; MSIE 9.0; Windows NT 6.1; Win64; x64; Trident/5.0)"
60.205.142.55 - - [28/Feb/2017:23:41:16 +0800] "GET /blog/%e5%9b%a0%e5%ad%90%e5%88%86%e6%9e%90factor-analysis/ HTTP/1.1" 200 11955 "-" "Mozilla/5.0 (Macintosh; U; Intel Mac OS X 10_6_8; en-us) AppleWebKit/534.50 (KHTML, like Gecko) Version/5.1 Safari/534.50"
120.26.226.84 - - [28/Feb/2017:23:44:43 +0800] "GET / HTTP/1.1" 200 10901 "-" "curl"
118.190.22.74 - - [28/Feb/2017:23:44:43 +0800] "GET / HTTP/1.1" 200 10901 "-" "curl"
112.124.127.44 - - [28/Feb/2017:23:44:56 +0800] "GET / HTTP/1.1" 200 48415 "-" "Mozilla/5.0 (compatible; MSIE 9.0; Windows NT 6.1; Win64; x64; Trident/5.0)"
115.28.26.13 - - [28/Feb/2017:23:45:46 +0800] "GET / HTTP/1.1" 200 48415 "-" "Mozilla/5.0 (compatible; MSIE 9.0; Windows NT 6.1; Win64; x64; Trident/5.0)"
112.124.127.44 - - [28/Feb/2017:23:49:54 +0800] "GET / HTTP/1.1" 200 48415 "-" "Mozilla/5.0 (compatible; MSIE 9.0; Windows NT 6.1; Win64; x64; Trident/5.0)"
36.110.173.44 - - [28/Feb/2017:23:50:07 +0800] "GET /favicon.ico HTTP/1.1" 200 - "-" "Mozilla/4.0 (compatible; MSIE 7.0; Windows NT 5.1; Trident/4.0; .NET CLR 2.0.50727; 360space)"
115.28.26.13 - - [28/Feb/2017:23:50:44 +0800] "GET / HTTP/1.1" 200 48415 "-" "Mozilla/5.0 (compatible; MSIE 9.0; Windows NT 6.1; Win64; x64; Trident/5.0)"
112.124.127.44 - - [28/Feb/2017:23:54:56 +0800] "GET / HTTP/1.1" 200 48415 "-" "Mozilla/5.0 (compatible; MSIE 9.0; Windows NT 6.1; Win64; x64; Trident/5.0)"
115.28.26.13 - - [28/Feb/2017:23:55:47 +0800] "GET / HTTP/1.1" 200 48415 "-" "Mozilla/5.0 (compatible; MSIE 9.0; Windows NT 6.1; Win64; x64; Trident/5.0)"
42.156.136.97 - - [28/Feb/2017:23:57:48 +0800] "GET /blog/k%E5%9D%87%E5%80%BCk-means/ HTTP/1.1" 200 11890 "-" "YisouSpider"
112.124.127.44 - - [28/Feb/2017:23:59:56 +0800] "GET / HTTP/1.1" 200 48415 "-" "Mozilla/5.0 (compatible; MSIE 9.0; Windows NT 6.1; Win64; x64; Trident/5.0)"
115.28.26.13 - - [01/Mar/2017:00:00:46 +0800] "GET / HTTP/1.1" 200 48415 "-" "Mozilla/5.0 (compatible; MSIE 9.0; Windows NT 6.1; Win64; x64; Trident/5.0)"
120.26.223.229 - - [01/Mar/2017:00:01:06 +0800] "GET / HTTP/1.1" 200 10902 "-" "curl"
118.190.22.72 - - [01/Mar/2017:00:01:06 +0800] "GET / HTTP/1.1" 200 10902 "-" "curl"
66.249.77.28 - - [01/Mar/2017:00:04:23 +0800] "GET /wp-content/uploads/2015/05/mean-shift11.png HTTP/1.1" 404 5231 "-" "Googlebot-Image/1.0"
112.124.127.44 - - [01/Mar/2017:00:04:56 +0800] "GET / HTTP/1.1" 200 48415 "-" "Mozilla/5.0 (compatible; MSIE 9.0; Windows NT 6.1; Win64; x64; Trident/5.0)"
115.28.26.13 - - [01/Mar/2017:00:05:46 +0800] "GET / HTTP/1.1" 200 48415 "-" "Mozilla/5.0 (compatible; MSIE 9.0; Windows NT 6.1; Win64; x64; Trident/5.0)"
114.41.48.180 - - [01/Mar/2017:00:09:07 +0800] "GET /blog/%E4%B8%BB%E6%88%90%E5%88%86%E5%88%86%E6%9E%90principal-component-analysis_pca/ HTTP/1.1" 200 10508 "https://www.google.com.tw/" "Mozilla/5.0 (iPhone; CPU iPhone OS 10_0_2 like Mac OS X) AppleWebKit/602.1.50 (KHTML, like Gecko) Version/10.0 Mobile/14A456 Safari/602.1"
114.41.48.180 - - [01/Mar/2017:00:09:07 +0800] "GET /wp-content/themes/twentyfifteen/genericons/genericons.css?ver=3.2 HTTP/1.1" 200 16580 "http://www.dataivy.cn/blog/%E4%B8%BB%E6%88%90%E5%88%86%E5%88%86%E6%9E%90principal-component-analysis_pca/" "Mozilla/5.0 (iPhone; CPU iPhone OS 10_0_2 like Mac OS X) AppleWebKit/602.1.50 (KHTML, like Gecko) Version/10.0 Mobile/14A456 Safari/602.1"
114.41.48.180 - - [01/Mar/2017:00:09:07 +0800] "GET /wp-content/themes/twentyfifteen/style.css?ver=4.1.15 HTTP/1.1" 200 16247 "http://www.dataivy.cn/blog/%E4%B8%BB%E6%88%90%E5%88%86%E5%88%86%E6%9E%90principal-component-analysis_pca/" "Mozilla/5.0 (iPhone; CPU iPhone OS 10_0_2 like Mac OS X) AppleWebKit/602.1.50 (KHTML, like Gecko) Version/10.0 Mobile/14A456 Safari/602.1"
114.41.48.180 - - [01/Mar/2017:00:09:07 +0800] "GET /wp-includes/js/jquery/jquery-migrate.min.js?ver=1.2.1 HTTP/1.1" 200 3068 "http://www.dataivy.cn/blog/%E4%B8%BB%E6%88%90%E5%88%86%E5%88%86%E6%9E%90principal-component-analysis_pca/" "Mozilla/5.0 (iPhone; CPU iPhone OS 10_0_2 like Mac OS X) AppleWebKit/602.1.50 (KHTML, like Gecko) Version/10.0 Mobile/14A456 Safari/602.1"
114.41.48.180 - - [01/Mar/2017:00:09:07 +0800] "GET /wp-content/plugins/akismet/_inc/form.js?ver=3.1.5 HTTP/1.1" 200 318 "http://www.dataivy.cn/blog/%E4%B8%BB%E6%88%90%E5%88%86%E5%88%86%E6%9E%90principal-component-analysis_pca/" "Mozilla/5.0 (iPhone; CPU iPhone OS 10_0_2 like Mac OS X) AppleWebKit/602.1.50 (KHTML, like Gecko) Version/10.0 Mobile/14A456 Safari/602.1"
114.41.48.180 - - [01/Mar/2017:00:09:07 +0800] "GET /wp-includes/js/jquery/jquery.js?ver=1.11.1 HTTP/1.1" 200 33231 "http://www.dataivy.cn/blog/%E4%B8%BB%E6%88%90%E5%88%86%E5%88%86%E6%9E%90principal-component-analysis_pca/" "Mozilla/5.0 (iPhone; CPU iPhone OS 10_0_2 like Mac OS X) AppleWebKit/602.1.50 (KHTML, like Gecko) Version/10.0 Mobile/14A456 Safari/602.1"
114.41.48.180 - - [01/Mar/2017:00:09:07 +0800] "GET /wp-content/themes/twentyfifteen/js/skip-link-focus-fix.js?ver=20141010 HTTP/1.1" 200 445 "http://www.dataivy.cn/blog/%E4%B8%BB%E6%88%90%E5%88%86%E5%88%86%E6%9E%90principal-component-analysis_pca/" "Mozilla/5.0 (iPhone; CPU iPhone OS 10_0_2 like Mac OS X) AppleWebKit/602.1.50 (KHTML, like Gecko) Version/10.0 Mobile/14A456 Safari/602.1"
114.41.48.180 - - [01/Mar/2017:00:09:07 +0800] "GET /wp-includes/js/comment-reply.min.js?ver=4.1.15 HTTP/1.1" 200 406 "http://www.dataivy.cn/blog/%E4%B8%BB%E6%88%90%E5%88%86%E5%88%86%E6%9E%90principal-component-analysis_pca/" "Mozilla/5.0 (iPhone; CPU iPhone OS 10_0_2 like Mac OS X) AppleWebKit/602.1.50 (KHTML, like Gecko) Version/10.0 Mobile/14A456 Safari/602.1"
114.41.48.180 - - [01/Mar/2017:00:09:07 +0800] "GET /wp-content/themes/twentyfifteen/js/functions.js?ver=20141212 HTTP/1.1" 200 1324 "http://www.dataivy.cn/blog/%E4%B8%BB%E6%88%90%E5%88%86%E5%88%86%E6%9E%90principal-component-analysis_pca/" "Mozilla/5.0 (iPhone; CPU iPhone OS 10_0_2 like Mac OS X) AppleWebKit/602.1.50 (KHTML, like Gecko) Version/10.0 Mobile/14A456 Safari/602.1"
114.41.48.180 - - [01/Mar/2017:00:09:08 +0800] "GET /analytics/usertracking/webtrekk_mcp.min.js HTTP/1.1" 200 7704 "http://www.dataivy.cn/blog/%E4%B8%BB%E6%88%90%E5%88%86%E5%88%86%E6%9E%90principal-component-analysis_pca/" "Mozilla/5.0 (iPhone; CPU iPhone OS 10_0_2 like Mac OS X) AppleWebKit/602.1.50 (KHTML, like Gecko) Version/10.0 Mobile/14A456 Safari/602.1"
114.41.48.180 - - [01/Mar/2017:00:09:08 +0800] "GET /upload/weixin.png HTTP/1.1" 200 2018 "http://www.dataivy.cn/blog/%E4%B8%BB%E6%88%90%E5%88%86%E5%88%86%E6%9E%90principal-component-analysis_pca/" "Mozilla/5.0 (iPhone; CPU iPhone OS 10_0_2 like Mac OS X) AppleWebKit/602.1.50 (KHTML, like Gecko) Version/10.0 Mobile/14A456 Safari/602.1"
114.41.48.180 - - [01/Mar/2017:00:09:08 +0800] "GET /analytics/usertracking/webtrekk_v4.min.js HTTP/1.1" 200 23026 "http://www.dataivy.cn/blog/%E4%B8%BB%E6%88%90%E5%88%86%E5%88%86%E6%9E%90principal-component-analysis_pca/" "Mozilla/5.0 (iPhone; CPU iPhone OS 10_0_2 like Mac OS X) AppleWebKit/602.1.50 (KHTML, like Gecko) Version/10.0 Mobile/14A456 Safari/602.1"
114.41.48.180 - - [01/Mar/2017:00:09:08 +0800] "GET /wp-content/uploads/2015/05/201105022056107476.gif HTTP/1.1" 200 308242 "http://www.dataivy.cn/blog/%E4%B8%BB%E6%88%90%E5%88%86%E5%88%86%E6%9E%90principal-component-analysis_pca/" "Mozilla/5.0 (iPhone; CPU iPhone OS 10_0_2 like Mac OS X) AppleWebKit/602.1.50 (KHTML, like Gecko) Version/10.0 Mobile/14A456 Safari/602.1"
114.41.48.180 - - [01/Mar/2017:00:09:10 +0800] "GET /wp-content/themes/twentyfifteen/genericons/Genericons.svg HTTP/1.1" 200 25047 "http://www.dataivy.cn/blog/%E4%B8%BB%E6%88%90%E5%88%86%E5%88%86%E6%9E%90principal-component-analysis_pca/" "Mozilla/5.0 (iPhone; CPU iPhone OS 10_0_2 like Mac OS X) AppleWebKit/602.1.50 (KHTML, like Gecko) Version/10.0 Mobile/14A456 Safari/602.1"
114.41.48.180 - - [01/Mar/2017:00:09:10 +0800] "GET /__ua.gif?v=1&_v=j48&a=116161502&t=pageview&_s=1&dl=http%3A%2F%2Fwww.dataivy.cn%2Fblog%2F%25E4%25B8%25BB%25E6%2588%2590%25E5%2588%2586%25E5%2588%2586%25E6%259E%2590principal-component-analysis_pca%2F&dr=https%3A%2F%2Fwww.google.com.tw%2F&ul=zh-tw&de=UTF-8&dt=%E4%B8%BB%E6%88%90%E5%88%86%E5%88%86%E6%9E%90Principal%20component%20analysis(PCA)%20%7C%20%E6%95%B0%E6%8D%AE%E5%B8%B8%E9%9D%92%E8%97%A4&sd=32-bit&sr=375x667&vp=375x559&je=0&_u=SGAAgEQi~&jid=1304708331&cid=1526191944.1488298151&tid=UA-50808718-1&sf=90&z=1459519471 HTTP/1.1" 200 52 "http://www.dataivy.cn/blog/%E4%B8%BB%E6%88%90%E5%88%86%E5%88%86%E6%9E%90principal-component-analysis_pca/" "Mozilla/5.0 (iPhone; CPU iPhone OS 10_0_2 like Mac OS X) AppleWebKit/602.1.50 (KHTML, like Gecko) Version/10.0 Mobile/14A456 Safari/602.1"
114.41.48.180 - - [01/Mar/2017:00:09:13 +0800] "GET /__ua.gif?v=1&_v=j48&a=116161502&t=timing&_s=2&dl=http%3A%2F%2Fwww.dataivy.cn%2Fblog%2F%25E4%25B8%25BB%25E6%2588%2590%25E5%2588%2586%25E5%2588%2586%25E6%259E%2590principal-component-analysis_pca%2F&dr=https%3A%2F%2Fwww.google.com.tw%2F&ul=zh-tw&de=UTF-8&dt=%E4%B8%BB%E6%88%90%E5%88%86%E5%88%86%E6%9E%90Principal%20component%20analysis(PCA)%20%7C%20%E6%95%B0%E6%8D%AE%E5%B8%B8%E9%9D%92%E8%97%A4&sd=32-bit&sr=375x667&vp=375x559&je=0&plt=6422&pdt=48&dns=131&rrt=0&srt=210&tcp=33&dit=2854&clt=2854&_u=SGAAgEQi~&jid=&cid=1526191944.1488298151&tid=UA-50808718-1&sf=90&z=2120799187 HTTP/1.1" 200 52 "http://www.dataivy.cn/blog/%E4%B8%BB%E6%88%90%E5%88%86%E5%88%86%E6%9E%90principal-component-analysis_pca/" "Mozilla/5.0 (iPhone; CPU iPhone OS 10_0_2 like Mac OS X) AppleWebKit/602.1.50 (KHTML, like Gecko) Version/10.0 Mobile/14A456 Safari/602.1"
112.124.127.44 - - [01/Mar/2017:00:09:56 +0800] "GET / HTTP/1.1" 200 48415 "-" "Mozilla/5.0 (compatible; MSIE 9.0; Windows NT 6.1; Win64; x64; Trident/5.0)"
96.83.162.57 - - [01/Mar/2017:00:10:17 +0800] "HEAD / HTTP/1.1" 302 - "-" "Mozilla/5.0 (Linux; U; Android-4.0.3; en-us; Galaxy Nexus Build/IML74K) AppleWebKit/535.7 (KHTML, like Gecko) CrMo/16.0.912.75 Mobile Safari/535.7"
96.83.162.57 - - [01/Mar/2017:00:10:20 +0800] "HEAD / HTTP/1.1" 200 - "-" "Mozilla/5.0 (Linux; U; Android-4.0.3; en-us; Galaxy Nexus Build/IML74K) AppleWebKit/535.7 (KHTML, like Gecko) CrMo/16.0.912.75 Mobile Safari/535.7"
218.17.212.238 - - [01/Mar/2017:00:10:25 +0800] "GET /feed HTTP/1.1" 302 - "-" "Mozilla/4.0 (compatible; MSIE 8.0; Windows NT 6.1; WOW64; Trident/4.0; SLCC2;)"
218.17.212.238 - - [01/Mar/2017:00:10:25 +0800] "GET / HTTP/1.1" 200 42494 "-" "Mozilla/4.0 (compatible; MSIE 8.0; Windows NT 6.1; WOW64; Trident/4.0; SLCC2;)"
218.17.212.238 - - [01/Mar/2017:00:10:25 +0800] "GET /feed HTTP/1.1" 302 20 "-" "Mozilla/4.0 (compatible; MSIE 8.0; Windows NT 6.1; WOW64; Trident/4.0; SLCC2;)"
218.17.212.238 - - [01/Mar/2017:00:10:27 +0800] "GET / HTTP/1.1" 200 10903 "-" "Mozilla/4.0 (compatible; MSIE 8.0; Windows NT 6.1; WOW64; Trident/4.0; SLCC2;)"
115.28.26.13 - - [01/Mar/2017:00:10:46 +0800] "GET / HTTP/1.1" 200 48415 "-" "Mozilla/5.0 (compatible; MSIE 9.0; Windows NT 6.1; Win64; x64; Trident/5.0)"
106.38.241.141 - - [01/Mar/2017:00:13:25 +0800] "GET /blog/%e9%80%82%e5%90%88%e5%a4%a7%e6%95%b0%e6%8d%ae%e7%9a%84%e8%81%9a%e7%b1%bb%e7%ae%97%e6%b3%95mini-batch-k-means/ HTTP/1.1" 200 9406 "-" "Sogou web spider/4.0(+http://www.sogou.com/docs/help/webmasters.htm#07)"
106.38.241.141 - - [01/Mar/2017:00:13:34 +0800] "GET /blog/%e7%a5%9e%e7%bb%8f%e7%bd%91%e7%bb%9c%e6%a8%a1%e5%9e%8bneural-network-models/feed/ HTTP/1.1" 200 595 "-" "Sogou web spider/4.0(+http://www.sogou.com/docs/help/webmasters.htm#07)"
106.38.241.141 - - [01/Mar/2017:00:13:52 +0800] "GET /?p=450 HTTP/1.1" 301 20 "-" "Sogou web spider/4.0(+http://www.sogou.com/docs/help/webmasters.htm#07)"
106.38.241.141 - - [01/Mar/2017:00:14:05 +0800] "GET /blog/%e8%b0%b1%e8%81%9a%e7%b1%bbspectral-clustering/ HTTP/1.1" 200 10069 "-" "Sogou web spider/4.0(+http://www.sogou.com/docs/help/webmasters.htm#07)"
112.124.127.44 - - [01/Mar/2017:00:14:56 +0800] "GET / HTTP/1.1" 200 48415 "-" "Mozilla/5.0 (compatible; MSIE 9.0; Windows NT 6.1; Win64; x64; Trident/5.0)"
42.156.139.97 - - [01/Mar/2017:00:18:50 +0800] "GET /blog/tag/%E5%8D%8F%E6%96%B9%E5%B7%AE/ HTTP/1.1" 200 5952 "-" "YisouSpider"
112.124.127.44 - - [01/Mar/2017:00:19:56 +0800] "GET / HTTP/1.1" 200 48415 "-" "Mozilla/5.0 (compatible; MSIE 9.0; Windows NT 6.1; Win64; x64; Trident/5.0)"
112.124.127.44 - - [01/Mar/2017:00:24:56 +0800] "GET / HTTP/1.1" 200 48415 "-" "Mozilla/5.0 (compatible; MSIE 9.0; Windows NT 6.1; Win64; x64; Trident/5.0)"
115.28.26.13 - - [01/Mar/2017:00:25:46 +0800] "GET / HTTP/1.1" 200 48415 "-" "Mozilla/5.0 (compatible; MSIE 9.0; Windows NT 6.1; Win64; x64; Trident/5.0)"
66.249.77.28 - - [01/Mar/2017:00:26:34 +0800] "GET /wp-content/uploads/2015/04/novelty_detection.png HTTP/1.1" 404 5231 "-" "Googlebot-Image/1.0"
74.105.240.156 - - [01/Mar/2017:00:27:52 +0800] "GET /blog/python%E5%9F%BA%E7%A1%80%E6%95%B0%E6%8D%AE%E5%A4%84%E7%90%86%E5%BA%93-numpy/ HTTP/1.1" 200 15256 "-" "Mozilla/5.0 (Macintosh; Intel Mac OS X 10_12_3) AppleWebKit/602.4.8 (KHTML, like Gecko)"
74.105.240.156 - - [01/Mar/2017:00:27:53 +0800] "GET /apple-touch-icon-precomposed.png HTTP/1.1" 404 5231 "-" "Safari/12602.4.8 CFNetwork/807.2.14 Darwin/16.4.0 (x86_64)"
74.105.240.156 - - [01/Mar/2017:00:27:53 +0800] "GET /apple-touch-icon.png HTTP/1.1" 404 5231 "-" "Safari/12602.4.8 CFNetwork/807.2.14 Darwin/16.4.0 (x86_64)"
74.105.240.156 - - [01/Mar/2017:00:27:54 +0800] "GET /favicon.ico HTTP/1.1" 200 20 "-" "Safari/12602.4.8 CFNetwork/807.2.14 Darwin/16.4.0 (x86_64)"
74.105.240.156 - - [01/Mar/2017:00:27:54 +0800] "GET /apple-touch-icon-precomposed.png HTTP/1.1" 404 5231 "-" "Safari/12602.4.8 CFNetwork/807.2.14 Darwin/16.4.0 (x86_64)"
74.105.240.156 - - [01/Mar/2017:00:27:54 +0800] "GET /apple-touch-icon.png HTTP/1.1" 404 5231 "-" "Safari/12602.4.8 CFNetwork/807.2.14 Darwin/16.4.0 (x86_64)"
74.105.240.156 - - [01/Mar/2017:00:27:55 +0800] "GET /favicon.ico HTTP/1.1" 200 20 "-" "Safari/12602.4.8 CFNetwork/807.2.14 Darwin/16.4.0 (x86_64)"
74.105.240.156 - - [01/Mar/2017:00:27:55 +0800] "GET /blog/python%E5%9F%BA%E7%A1%80%E6%95%B0%E6%8D%AE%E5%A4%84%E7%90%86%E5%BA%93-numpy/ HTTP/1.1" 200 15256 "-" "Mozilla/5.0 (iPhone; CPU iPhone OS 10_0 like Mac OS X) AppleWebKit/602.1.38 (KHTML, like Gecko) Version/10.0 Mobile/14A300 Safari/602.1"
74.105.240.156 - - [01/Mar/2017:00:27:56 +0800] "GET /apple-touch-icon-precomposed.png HTTP/1.1" 404 5231 "-" "Safari/12602.4.8 CFNetwork/807.2.14 Darwin/16.4.0 (x86_64)"
74.105.240.156 - - [01/Mar/2017:00:27:56 +0800] "GET /apple-touch-icon.png HTTP/1.1" 404 5231 "-" "Safari/12602.4.8 CFNetwork/807.2.14 Darwin/16.4.0 (x86_64)"
74.105.240.156 - - [01/Mar/2017:00:27:57 +0800] "GET /favicon.ico HTTP/1.1" 200 20 "-" "Safari/12602.4.8 CFNetwork/807.2.14 Darwin/16.4.0 (x86_64)"
74.105.240.156 - - [01/Mar/2017:00:27:57 +0800] "GET /apple-touch-icon-precomposed.png HTTP/1.1" 404 5231 "-" "Safari/12602.4.8 CFNetwork/807.2.14 Darwin/16.4.0 (x86_64)"
74.105.240.156 - - [01/Mar/2017:00:27:57 +0800] "GET /apple-touch-icon.png HTTP/1.1" 404 5231 "-" "Safari/12602.4.8 CFNetwork/807.2.14 Darwin/16.4.0 (x86_64)"
74.105.240.156 - - [01/Mar/2017:00:27:58 +0800] "GET /favicon.ico HTTP/1.1" 200 20 "-" "Safari/12602.4.8 CFNetwork/807.2.14 Darwin/16.4.0 (x86_64)"
112.124.127.44 - - [01/Mar/2017:00:29:56 +0800] "GET / HTTP/1.1" 200 48415 "-" "Mozilla/5.0 (compatible; MSIE 9.0; Windows NT 6.1; Win64; x64; Trident/5.0)"
115.28.26.13 - - [01/Mar/2017:00:30:48 +0800] "GET / HTTP/1.1" 200 48415 "-" "Mozilla/5.0 (compatible; MSIE 9.0; Windows NT 6.1; Win64; x64; Trident/5.0)"
66.249.71.157 - - [01/Mar/2017:00:31:56 +0800] "GET / HTTP/1.1" 302 20 "-" "Mozilla/5.0 (Linux; Android 6.0.1; Nexus 5X Build/MMB29P) AppleWebKit/537.36 (KHTML, like Gecko) Chrome/41.0.2272.96 Mobile Safari/537.36 (compatible; Googlebot/2.1; +http://www.google.com/bot.html)"
66.249.77.28 - - [01/Mar/2017:00:31:57 +0800] "GET / HTTP/1.1" 200 10900 "-" "Mozilla/5.0 (Linux; Android 6.0.1; Nexus 5X Build/MMB29P) AppleWebKit/537.36 (KHTML, like Gecko) Chrome/41.0.2272.96 Mobile Safari/537.36 (compatible; Googlebot/2.1; +http://www.google.com/bot.html)"
112.124.127.44 - - [01/Mar/2017:00:34:56 +0800] "GET / HTTP/1.1" 200 48415 "-" "Mozilla/5.0 (compatible; MSIE 9.0; Windows NT 6.1; Win64; x64; Trident/5.0)"
115.28.26.13 - - [01/Mar/2017:00:35:46 +0800] "GET / HTTP/1.1" 200 48415 "-" "Mozilla/5.0 (compatible; MSIE 9.0; Windows NT 6.1; Win64; x64; Trident/5.0)"
129.2.181.248 - - [01/Mar/2017:00:39:51 +0800] "GET /blog/%E6%A0%B8%E5%AF%86%E5%BA%A6%E4%BC%B0%E8%AE%A1kernel-density-estimation_kde/ HTTP/1.1" 200 9519 "https://www.google.com/" "Mozilla/5.0 (Windows NT 10.0; WOW64) AppleWebKit/537.36 (KHTML, like Gecko) Chrome/56.0.2924.87 Safari/537.36"
129.2.181.248 - - [01/Mar/2017:00:39:51 +0800] "GET /wp-content/themes/twentyfifteen/genericons/genericons.css?ver=3.2 HTTP/1.1" 200 16580 "http://www.dataivy.cn/blog/%E6%A0%B8%E5%AF%86%E5%BA%A6%E4%BC%B0%E8%AE%A1kernel-density-estimation_kde/" "Mozilla/5.0 (Windows NT 10.0; WOW64) AppleWebKit/537.36 (KHTML, like Gecko) Chrome/56.0.2924.87 Safari/537.36"
129.2.181.248 - - [01/Mar/2017:00:39:52 +0800] "GET /wp-includes/js/jquery/jquery-migrate.min.js?ver=1.2.1 HTTP/1.1" 200 3068 "http://www.dataivy.cn/blog/%E6%A0%B8%E5%AF%86%E5%BA%A6%E4%BC%B0%E8%AE%A1kernel-density-estimation_kde/" "Mozilla/5.0 (Windows NT 10.0; WOW64) AppleWebKit/537.36 (KHTML, like Gecko) Chrome/56.0.2924.87 Safari/537.36"
129.2.181.248 - - [01/Mar/2017:00:39:51 +0800] "GET /wp-content/themes/twentyfifteen/style.css?ver=4.1.15 HTTP/1.1" 200 16247 "http://www.dataivy.cn/blog/%E6%A0%B8%E5%AF%86%E5%BA%A6%E4%BC%B0%E8%AE%A1kernel-density-estimation_kde/" "Mozilla/5.0 (Windows NT 10.0; WOW64) AppleWebKit/537.36 (KHTML, like Gecko) Chrome/56.0.2924.87 Safari/537.36"
129.2.181.248 - - [01/Mar/2017:00:39:52 +0800] "GET /wp-includes/js/jquery/jquery.js?ver=1.11.1 HTTP/1.1" 200 33231 "http://www.dataivy.cn/blog/%E6%A0%B8%E5%AF%86%E5%BA%A6%E4%BC%B0%E8%AE%A1kernel-density-estimation_kde/" "Mozilla/5.0 (Windows NT 10.0; WOW64) AppleWebKit/537.36 (KHTML, like Gecko) Chrome/56.0.2924.87 Safari/537.36"
129.2.181.248 - - [01/Mar/2017:00:39:52 +0800] "GET /wp-content/plugins/akismet/_inc/form.js?ver=3.1.5 HTTP/1.1" 200 318 "http://www.dataivy.cn/blog/%E6%A0%B8%E5%AF%86%E5%BA%A6%E4%BC%B0%E8%AE%A1kernel-density-estimation_kde/" "Mozilla/5.0 (Windows NT 10.0; WOW64) AppleWebKit/537.36 (KHTML, like Gecko) Chrome/56.0.2924.87 Safari/537.36"
129.2.181.248 - - [01/Mar/2017:00:39:52 +0800] "GET /wp-content/themes/twentyfifteen/js/skip-link-focus-fix.js?ver=20141010 HTTP/1.1" 200 445 "http://www.dataivy.cn/blog/%E6%A0%B8%E5%AF%86%E5%BA%A6%E4%BC%B0%E8%AE%A1kernel-density-estimation_kde/" "Mozilla/5.0 (Windows NT 10.0; WOW64) AppleWebKit/537.36 (KHTML, like Gecko) Chrome/56.0.2924.87 Safari/537.36"
129.2.181.248 - - [01/Mar/2017:00:39:52 +0800] "GET /wp-includes/js/comment-reply.min.js?ver=4.1.15 HTTP/1.1" 200 406 "http://www.dataivy.cn/blog/%E6%A0%B8%E5%AF%86%E5%BA%A6%E4%BC%B0%E8%AE%A1kernel-density-estimation_kde/" "Mozilla/5.0 (Windows NT 10.0; WOW64) AppleWebKit/537.36 (KHTML, like Gecko) Chrome/56.0.2924.87 Safari/537.36"
129.2.181.248 - - [01/Mar/2017:00:39:53 +0800] "GET /wp-content/themes/twentyfifteen/js/functions.js?ver=20141212 HTTP/1.1" 200 1324 "http://www.dataivy.cn/blog/%E6%A0%B8%E5%AF%86%E5%BA%A6%E4%BC%B0%E8%AE%A1kernel-density-estimation_kde/" "Mozilla/5.0 (Windows NT 10.0; WOW64) AppleWebKit/537.36 (KHTML, like Gecko) Chrome/56.0.2924.87 Safari/537.36"
129.2.181.248 - - [01/Mar/2017:00:39:53 +0800] "GET /analytics/usertracking/webtrekk_v4.min.js HTTP/1.1" 200 23026 "http://www.dataivy.cn/blog/%E6%A0%B8%E5%AF%86%E5%BA%A6%E4%BC%B0%E8%AE%A1kernel-density-estimation_kde/" "Mozilla/5.0 (Windows NT 10.0; WOW64) AppleWebKit/537.36 (KHTML, like Gecko) Chrome/56.0.2924.87 Safari/537.36"
129.2.181.248 - - [01/Mar/2017:00:39:53 +0800] "GET /analytics/usertracking/webtrekk_mcp.min.js HTTP/1.1" 200 7704 "http://www.dataivy.cn/blog/%E6%A0%B8%E5%AF%86%E5%BA%A6%E4%BC%B0%E8%AE%A1kernel-density-estimation_kde/" "Mozilla/5.0 (Windows NT 10.0; WOW64) AppleWebKit/537.36 (KHTML, like Gecko) Chrome/56.0.2924.87 Safari/537.36"
129.2.181.248 - - [01/Mar/2017:00:39:54 +0800] "GET /upload/weixin.png HTTP/1.1" 200 2018 "http://www.dataivy.cn/blog/%E6%A0%B8%E5%AF%86%E5%BA%A6%E4%BC%B0%E8%AE%A1kernel-density-estimation_kde/" "Mozilla/5.0 (Windows NT 10.0; WOW64) AppleWebKit/537.36 (KHTML, like Gecko) Chrome/56.0.2924.87 Safari/537.36"
129.2.181.248 - - [01/Mar/2017:00:39:54 +0800] "GET /wp-content/uploads/2015/04/Kernel-Density-EstimationKDE.png HTTP/1.1" 200 15278 "http://www.dataivy.cn/blog/%E6%A0%B8%E5%AF%86%E5%BA%A6%E4%BC%B0%E8%AE%A1kernel-density-estimation_kde/" "Mozilla/5.0 (Windows NT 10.0; WOW64) AppleWebKit/537.36 (KHTML, like Gecko) Chrome/56.0.2924.87 Safari/537.36"
112.124.127.44 - - [01/Mar/2017:00:39:56 +0800] "GET / HTTP/1.1" 200 48415 "-" "Mozilla/5.0 (compatible; MSIE 9.0; Windows NT 6.1; Win64; x64; Trident/5.0)"
115.28.26.13 - - [01/Mar/2017:00:40:46 +0800] "GET / HTTP/1.1" 200 48415 "-" "Mozilla/5.0 (compatible; MSIE 9.0; Windows NT 6.1; Win64; x64; Trident/5.0)"
112.124.127.44 - - [01/Mar/2017:00:44:56 +0800] "GET / HTTP/1.1" 200 48415 "-" "Mozilla/5.0 (compatible; MSIE 9.0; Windows NT 6.1; Win64; x64; Trident/5.0)"
218.17.212.231 - - [01/Mar/2017:00:45:16 +0800] "GET /feed HTTP/1.1" 302 - "-" "Mozilla/4.0 (compatible; MSIE 8.0; Windows NT 6.1; WOW64; Trident/4.0; SLCC2;)"
218.17.212.231 - - [01/Mar/2017:00:45:16 +0800] "GET / HTTP/1.1" 200 39285 "-" "Mozilla/4.0 (compatible; MSIE 8.0; Windows NT 6.1; WOW64; Trident/4.0; SLCC2;)"
218.17.212.231 - - [01/Mar/2017:00:45:16 +0800] "GET /feed HTTP/1.1" 302 20 "-" "Mozilla/4.0 (compatible; MSIE 8.0; Windows NT 6.1; WOW64; Trident/4.0; SLCC2;)"
218.17.212.231 - - [01/Mar/2017:00:45:16 +0800] "GET / HTTP/1.1" 200 10902 "-" "Mozilla/4.0 (compatible; MSIE 8.0; Windows NT 6.1; WOW64; Trident/4.0; SLCC2;)"
115.28.26.13 - - [01/Mar/2017:00:45:46 +0800] "GET / HTTP/1.1" 200 48415 "-" "Mozilla/5.0 (compatible; MSIE 9.0; Windows NT 6.1; Win64; x64; Trident/5.0)"
66.249.77.28 - - [01/Mar/2017:00:48:15 +0800] "GET /wp-content/uploads/2015/05/minibatchkmeans11.png HTTP/1.1" 404 5231 "-" "Googlebot-Image/1.0"
112.124.127.44 - - [01/Mar/2017:00:49:56 +0800] "GET / HTTP/1.1" 200 48415 "-" "Mozilla/5.0 (compatible; MSIE 9.0; Windows NT 6.1; Win64; x64; Trident/5.0)"
180.153.73.61 - - [01/Mar/2017:00:50:39 +0800] "GET /feed/ HTTP/1.0" 304 - "-" "Mozilla/4.0 (compatible; Windows;)"
115.28.26.13 - - [01/Mar/2017:00:50:46 +0800] "GET / HTTP/1.1" 200 48415 "-" "Mozilla/5.0 (compatible; MSIE 9.0; Windows NT 6.1; Win64; x64; Trident/5.0)"
112.124.127.44 - - [01/Mar/2017:00:54:56 +0800] "GET / HTTP/1.1" 200 48415 "-" "Mozilla/5.0 (compatible; MSIE 9.0; Windows NT 6.1; Win64; x64; Trident/5.0)"
115.28.26.13 - - [01/Mar/2017:00:55:46 +0800] "GET / HTTP/1.1" 200 48415 "-" "Mozilla/5.0 (compatible; MSIE 9.0; Windows NT 6.1; Win64; x64; Trident/5.0)"
118.190.22.79 - - [01/Mar/2017:00:56:50 +0800] "GET / HTTP/1.1" 200 10902 "-" "curl"
120.26.214.155 - - [01/Mar/2017:00:56:50 +0800] "GET / HTTP/1.1" 200 10903 "-" "curl"
112.124.127.44 - - [01/Mar/2017:00:59:56 +0800] "GET / HTTP/1.1" 200 48415 "-" "Mozilla/5.0 (compatible; MSIE 9.0; Windows NT 6.1; Win64; x64; Trident/5.0)"
115.28.26.13 - - [01/Mar/2017:01:00:46 +0800] "GET / HTTP/1.1" 200 48415 "-" "Mozilla/5.0 (compatible; MSIE 9.0; Windows NT 6.1; Win64; x64; Trident/5.0)"
114.143.248.204 - - [01/Mar/2017:01:01:31 +0800] "POST /xmlrpc.php HTTP/1.1" 200 402 "-" "Mozilla/5.0 (Windows NT 6.1; WOW64; rv:40.0) Gecko/20100101 Firefox/40.1"
114.143.248.204 - - [01/Mar/2017:01:01:34 +0800] "GET /wp-login.php HTTP/1.1" 200 2641 "-" "Mozilla/5.0 (Windows NT 6.1; WOW64; rv:40.0) Gecko/20100101 Firefox/40.1"
114.143.248.204 - - [01/Mar/2017:01:01:35 +0800] "POST /wp-login.php HTTP/1.1" 200 3568 "-" "Mozilla/5.0 (Windows NT 6.1; WOW64; rv:40.0) Gecko/20100101 Firefox/40.1"
123.125.71.72 - - [01/Mar/2017:01:02:57 +0800] "GET /blog/tag/%E5%88%87%E7%89%87/ HTTP/1.1" 200 22073 "-" "Mozilla/5.0 (iPhone; CPU iPhone OS 8_0 like Mac OS X) AppleWebKit/600.1.3 (KHTML, like Gecko) Version/8.0 Mobile/12A4345d Safari/600.1.4"
123.125.71.15 - - [01/Mar/2017:01:03:00 +0800] "GET /wp-content/themes/twentyfifteen/genericons/genericons.css?ver=3.2 HTTP/1.1" 200 27519 "http://www.dataivy.cn/blog/tag/%E5%88%87%E7%89%87/" "Mozilla/5.0 (iPhone; CPU iPhone OS 8_0 like Mac OS X) AppleWebKit/600.1.3 (KHTML, like Gecko) Version/8.0 Mobile/12A4345d Safari/600.1.4"
123.125.71.88 - - [01/Mar/2017:01:03:00 +0800] "GET /wp-content/themes/twentyfifteen/style.css?ver=4.1.15 HTTP/1.1" 200 101940 "http://www.dataivy.cn/blog/tag/%E5%88%87%E7%89%87/" "Mozilla/5.0 (iPhone; CPU iPhone OS 8_0 like Mac OS X) AppleWebKit/600.1.3 (KHTML, like Gecko) Version/8.0 Mobile/12A4345d Safari/600.1.4"
220.181.108.108 - - [01/Mar/2017:01:03:00 +0800] "GET /wp-includes/js/jquery/jquery.js?ver=1.11.1 HTTP/1.1" 200 95807 "http://www.dataivy.cn/blog/tag/%E5%88%87%E7%89%87/" "Mozilla/5.0 (iPhone; CPU iPhone OS 8_0 like Mac OS X) AppleWebKit/600.1.3 (KHTML, like Gecko) Version/8.0 Mobile/12A4345d Safari/600.1.4"
123.125.71.103 - - [01/Mar/2017:01:03:04 +0800] "GET /wp-includes/js/jquery/jquery-migrate.min.js?ver=1.2.1 HTTP/1.1" 200 7200 "http://www.dataivy.cn/blog/tag/%E5%88%87%E7%89%87/" "Mozilla/5.0 (iPhone; CPU iPhone OS 8_0 like Mac OS X) AppleWebKit/600.1.3 (KHTML, like Gecko) Version/8.0 Mobile/12A4345d Safari/600.1.4"
123.125.71.107 - - [01/Mar/2017:01:03:10 +0800] "GET /wp-content/themes/twentyfifteen/js/skip-link-focus-fix.js?ver=20141010 HTTP/1.1" 200 727 "http://www.dataivy.cn/blog/tag/%E5%88%87%E7%89%87/" "Mozilla/5.0 (iPhone; CPU iPhone OS 8_0 like Mac OS X) AppleWebKit/600.1.3 (KHTML, like Gecko) Version/8.0 Mobile/12A4345d Safari/600.1.4"
123.125.71.55 - - [01/Mar/2017:01:03:10 +0800] "GET /wp-content/themes/twentyfifteen/genericons/Genericons.ttf HTTP/1.1" 200 22576 "http://www.dataivy.cn/blog/tag/%E5%88%87%E7%89%87/" "Mozilla/5.0 (iPhone; CPU iPhone OS 8_0 like Mac OS X) AppleWebKit/600.1.3 (KHTML, like Gecko) Version/8.0 Mobile/12A4345d Safari/600.1.4"
123.125.71.34 - - [01/Mar/2017:01:03:10 +0800] "GET /wp-content/themes/twentyfifteen/js/functions.js?ver=20141212 HTTP/1.1" 200 4072 "http://www.dataivy.cn/blog/tag/%E5%88%87%E7%89%87/" "Mozilla/5.0 (iPhone; CPU iPhone OS 8_0 like Mac OS X) AppleWebKit/600.1.3 (KHTML, like Gecko) Version/8.0 Mobile/12A4345d Safari/600.1.4"
123.125.71.32 - - [01/Mar/2017:01:03:13 +0800] "GET /analytics/usertracking/webtrekk_v4.min.js HTTP/1.1" 200 82164 "http://www.dataivy.cn/blog/tag/%E5%88%87%E7%89%87/" "Mozilla/5.0 (iPhone; CPU iPhone OS 8_0 like Mac OS X) AppleWebKit/600.1.3 (KHTML, like Gecko) Version/8.0 Mobile/12A4345d Safari/600.1.4"
123.125.71.53 - - [01/Mar/2017:01:03:14 +0800] "GET /analytics/usertracking/webtrekk_mcp.min.js HTTP/1.1" 200 24811 "http://www.dataivy.cn/blog/tag/%E5%88%87%E7%89%87/" "Mozilla/5.0 (iPhone; CPU iPhone OS 8_0 like Mac OS X) AppleWebKit/600.1.3 (KHTML, like Gecko) Version/8.0 Mobile/12A4345d Safari/600.1.4"
112.124.127.44 - - [01/Mar/2017:01:04:56 +0800] "GET / HTTP/1.1" 200 48415 "-" "Mozilla/5.0 (compatible; MSIE 9.0; Windows NT 6.1; Win64; x64; Trident/5.0)"
115.28.26.13 - - [01/Mar/2017:01:05:46 +0800] "GET / HTTP/1.1" 200 48415 "-" "Mozilla/5.0 (compatible; MSIE 9.0; Windows NT 6.1; Win64; x64; Trident/5.0)"
220.181.108.157 - - [01/Mar/2017:01:06:15 +0800] "GET /wp-content/uploads/2015/05/kmeans-411.png HTTP/1.1" 404 5231 "http://image.baidu.com/i?ct=503316480&z=0&tn=baiduimagedetail" "Baiduspider-image+(+http://www.baidu.com/search/spider.htm)"
112.124.127.44 - - [01/Mar/2017:01:09:56 +0800] "GET / HTTP/1.1" 200 48415 "-" "Mozilla/5.0 (compatible; MSIE 9.0; Windows NT 6.1; Win64; x64; Trident/5.0)"
115.28.26.13 - - [01/Mar/2017:01:10:46 +0800] "GET / HTTP/1.1" 200 48415 "-" "Mozilla/5.0 (compatible; MSIE 9.0; Windows NT 6.1; Win64; x64; Trident/5.0)"
188.167.72.157 - - [01/Mar/2017:01:11:04 +0800] "POST /xmlrpc.php HTTP/1.1" 200 402 "-" "Mozilla/5.0 (Windows NT 6.1; WOW64; rv:40.0) Gecko/20100101 Firefox/40.1"
188.167.72.157 - - [01/Mar/2017:01:11:06 +0800] "GET /wp-login.php HTTP/1.1" 200 2641 "-" "Mozilla/5.0 (Windows NT 6.1; WOW64; rv:40.0) Gecko/20100101 Firefox/40.1"
188.167.72.157 - - [01/Mar/2017:01:11:09 +0800] "POST /wp-login.php HTTP/1.1" 200 3568 "-" "Mozilla/5.0 (Windows NT 6.1; WOW64; rv:40.0) Gecko/20100101 Firefox/40.1"
107.77.106.77 - - [01/Mar/2017:01:12:06 +0800] "GET /blog/python%E5%9F%BA%E7%A1%80%E6%95%B0%E6%8D%AE%E5%A4%84%E7%90%86%E5%BA%93-numpy/ HTTP/1.1" 200 15257 "-" "Mozilla/5.0 (iPhone; CPU iPhone OS 10_2 like Mac OS X) AppleWebKit/602.3.12 (KHTML, like Gecko) Version/10.0 Mobile/14C92 Safari/602.1"
107.77.106.77 - - [01/Mar/2017:01:12:08 +0800] "GET /apple-touch-icon-120x120-precomposed.png HTTP/1.1" 404 5231 "-" "MobileSafari/602.1 CFNetwork/808.2.16 Darwin/16.3.0"
107.77.106.77 - - [01/Mar/2017:01:12:09 +0800] "GET /apple-touch-icon-120x120.png HTTP/1.1" 404 5231 "-" "MobileSafari/602.1 CFNetwork/808.2.16 Darwin/16.3.0"
107.77.106.77 - - [01/Mar/2017:01:12:09 +0800] "GET /apple-touch-icon-precomposed.png HTTP/1.1" 404 5231 "-" "MobileSafari/602.1 CFNetwork/808.2.16 Darwin/16.3.0"
107.77.106.77 - - [01/Mar/2017:01:12:10 +0800] "GET /apple-touch-icon.png HTTP/1.1" 404 5231 "-" "MobileSafari/602.1 CFNetwork/808.2.16 Darwin/16.3.0"
107.77.106.77 - - [01/Mar/2017:01:12:10 +0800] "GET /favicon.ico HTTP/1.1" 200 20 "-" "MobileSafari/602.1 CFNetwork/808.2.16 Darwin/16.3.0"
107.77.106.77 - - [01/Mar/2017:01:12:10 +0800] "GET /apple-touch-icon-120x120-precomposed.png HTTP/1.1" 404 5231 "-" "MobileSafari/602.1 CFNetwork/808.2.16 Darwin/16.3.0"
107.77.106.77 - - [01/Mar/2017:01:12:11 +0800] "GET /apple-touch-icon-120x120.png HTTP/1.1" 404 5231 "-" "MobileSafari/602.1 CFNetwork/808.2.16 Darwin/16.3.0"
107.77.106.77 - - [01/Mar/2017:01:12:11 +0800] "GET /apple-touch-icon-precomposed.png HTTP/1.1" 404 5231 "-" "MobileSafari/602.1 CFNetwork/808.2.16 Darwin/16.3.0"
107.77.106.77 - - [01/Mar/2017:01:12:12 +0800] "GET /apple-touch-icon.png HTTP/1.1" 404 5231 "-" "MobileSafari/602.1 CFNetwork/808.2.16 Darwin/16.3.0"
107.77.106.77 - - [01/Mar/2017:01:12:12 +0800] "GET /favicon.ico HTTP/1.1" 200 20 "-" "MobileSafari/602.1 CFNetwork/808.2.16 Darwin/16.3.0"
115.28.26.13 - - [01/Mar/2017:01:15:50 +0800] "GET / HTTP/1.1" 200 48415 "-" "Mozilla/5.0 (compatible; MSIE 9.0; Windows NT 6.1; Win64; x64; Trident/5.0)"
