220.181.108.163 - - [01/Mar/2017:01:15:50 +0800] "GET /blog/python%E5%9F%BA%E7%A1%80%E6%95%B0%E6%8D%AE%E5%A4%84%E7%90%86%E5%BA%93-numpy/ HTTP/1.1" 200 15255 "-" "Mozilla/5.0 (compatible; Baiduspider/2.0; +http://www.baidu.com/search/spider.html)"
218.17.212.238 - - [01/Mar/2017:01:16:48 +0800] "GET /feed HTTP/1.1" 302 - "-" "Mozilla/4.0 (compatible; MSIE 8.0; Windows NT 6.1; WOW64; Trident/4.0; SLCC2;)"
218.17.212.238 - - [01/Mar/2017:01:16:48 +0800] "GET / HTTP/1.1" 200 48415 "-" "Mozilla/4.0 (compatible; MSIE 8.0; Windows NT 6.1; WOW64; Trident/4.0; SLCC2;)"
218.17.212.238 - - [01/Mar/2017:01:16:49 +0800] "GET /feed HTTP/1.1" 302 20 "-" "Mozilla/4.0 (compatible; MSIE 8.0; Windows NT 6.1; WOW64; Trident/4.0; SLCC2;)"
218.17.212.238 - - [01/Mar/2017:01:16:49 +0800] "GET / HTTP/1.1" 200 10903 "-" "Mozilla/4.0 (compatible; MSIE 8.0; Windows NT 6.1; WOW64; Trident/4.0; SLCC2;)"
112.124.127.44 - - [01/Mar/2017:01:19:56 +0800] "GET / HTTP/1.1" 200 48415 "-" "Mozilla/5.0 (compatible; MSIE 9.0; Windows NT 6.1; Win64; x64; Trident/5.0)"
115.28.26.13 - - [01/Mar/2017:01:20:46 +0800] "GET / HTTP/1.1" 200 48415 "-" "Mozilla/5.0 (compatible; MSIE 9.0; Windows NT 6.1; Win64; x64; Trident/5.0)"
120.55.66.117 - - [01/Mar/2017:01:21:07 +0800] "GET / HTTP/1.1" 200 10901 "-" "curl"
118.190.22.72 - - [01/Mar/2017:01:21:09 +0800] "GET / HTTP/1.1" 200 10902 "-" "curl"
160.39.166.89 - - [01/Mar/2017:01:21:32 +0800] "GET /?wt_tb=1%7C1474745203612 HTTP/1.1" 200 10921 "-" "Mozilla/5.0 (Macintosh; Intel Mac OS X 10_10_5) AppleWebKit/602.4.8 (KHTML, like Gecko)"
160.39.166.89 - - [01/Mar/2017:01:21:33 +0800] "GET /apple-touch-icon-precomposed.png HTTP/1.1" 404 5231 "-" "Safari/10602.4.8.0.1 CFNetwork/720.5.7 Darwin/14.5.0 (x86_64)"
160.39.166.89 - - [01/Mar/2017:01:21:33 +0800] "GET /apple-touch-icon.png HTTP/1.1" 404 5231 "-" "Safari/10602.4.8.0.1 CFNetwork/720.5.7 Darwin/14.5.0 (x86_64)"
160.39.166.89 - - [01/Mar/2017:01:21:33 +0800] "GET /favicon.ico HTTP/1.1" 200 20 "-" "Safari/10602.4.8.0.1 CFNetwork/720.5.7 Darwin/14.5.0 (x86_64)"
160.39.166.89 - - [01/Mar/2017:01:21:34 +0800] "GET /apple-touch-icon-precomposed.png HTTP/1.1" 404 5231 "-" "Safari/10602.4.8.0.1 CFNetwork/720.5.7 Darwin/14.5.0 (x86_64)"
160.39.166.89 - - [01/Mar/2017:01:21:34 +0800] "GET /apple-touch-icon.png HTTP/1.1" 404 5231 "-" "Safari/10602.4.8.0.1 CFNetwork/720.5.7 Darwin/14.5.0 (x86_64)"
160.39.166.89 - - [01/Mar/2017:01:21:35 +0800] "GET /favicon.ico HTTP/1.1" 200 20 "-" "Safari/10602.4.8.0.1 CFNetwork/720.5.7 Darwin/14.5.0 (x86_64)"
160.39.166.89 - - [01/Mar/2017:01:21:35 +0800] "GET /?wt_tb=1%7C1474745203612 HTTP/1.1" 200 10922 "-" "Mozilla/5.0 (iPhone; CPU iPhone OS 10_0 like Mac OS X) AppleWebKit/602.1.38 (KHTML, like Gecko) Version/10.0 Mobile/14A300 Safari/602.1"
160.39.166.89 - - [01/Mar/2017:01:21:35 +0800] "GET /apple-touch-icon-precomposed.png HTTP/1.1" 404 5231 "-" "Safari/10602.4.8.0.1 CFNetwork/720.5.7 Darwin/14.5.0 (x86_64)"
160.39.166.89 - - [01/Mar/2017:01:21:36 +0800] "GET /apple-touch-icon.png HTTP/1.1" 404 5231 "-" "Safari/10602.4.8.0.1 CFNetwork/720.5.7 Darwin/14.5.0 (x86_64)"
160.39.166.89 - - [01/Mar/2017:01:21:36 +0800] "GET /favicon.ico HTTP/1.1" 200 20 "-" "Safari/10602.4.8.0.1 CFNetwork/720.5.7 Darwin/14.5.0 (x86_64)"
160.39.166.89 - - [01/Mar/2017:01:21:36 +0800] "GET /apple-touch-icon-precomposed.png HTTP/1.1" 404 5231 "-" "Safari/10602.4.8.0.1 CFNetwork/720.5.7 Darwin/14.5.0 (x86_64)"
160.39.166.89 - - [01/Mar/2017:01:21:37 +0800] "GET /apple-touch-icon.png HTTP/1.1" 404 5231 "-" "Safari/10602.4.8.0.1 CFNetwork/720.5.7 Darwin/14.5.0 (x86_64)"
160.39.166.89 - - [01/Mar/2017:01:21:37 +0800] "GET /favicon.ico HTTP/1.1" 200 20 "-" "Safari/10602.4.8.0.1 CFNetwork/720.5.7 Darwin/14.5.0 (x86_64)"
112.124.127.44 - - [01/Mar/2017:01:24:56 +0800] "GET / HTTP/1.1" 200 48415 "-" "Mozilla/5.0 (compatible; MSIE 9.0; Windows NT 6.1; Win64; x64; Trident/5.0)"
115.28.26.13 - - [01/Mar/2017:01:25:46 +0800] "GET / HTTP/1.1" 200 48415 "-" "Mozilla/5.0 (compatible; MSIE 9.0; Windows NT 6.1; Win64; x64; Trident/5.0)"
112.124.127.44 - - [01/Mar/2017:01:29:56 +0800] "GET / HTTP/1.1" 200 48415 "-" "Mozilla/5.0 (compatible; MSIE 9.0; Windows NT 6.1; Win64; x64; Trident/5.0)"
115.28.26.13 - - [01/Mar/2017:01:30:46 +0800] "GET / HTTP/1.1" 200 48415 "-" "Mozilla/5.0 (compatible; MSIE 9.0; Windows NT 6.1; Win64; x64; Trident/5.0)"
112.124.127.44 - - [01/Mar/2017:01:34:57 +0800] "GET / HTTP/1.1" 200 48415 "-" "Mozilla/5.0 (compatible; MSIE 9.0; Windows NT 6.1; Win64; x64; Trident/5.0)"
123.125.71.42 - - [01/Mar/2017:01:35:06 +0800] "GET /wp-content/uploads/2015/05/%CD%BC%C6%AC111.png HTTP/1.1" 404 5231 "http://image.baidu.com/i?ct=503316480&z=0&tn=baiduimagedetail" "Baiduspider-image+(+http://www.baidu.com/search/spider.htm)"
47.93.81.100 - - [01/Mar/2017:01:35:18 +0800] "GET /blog/tag/%E7%8B%AC%E7%AB%8B%E6%88%90%E5%88%86%E5%88%86%E6%9E%90/ HTTP/1.1" 200 6011 "-" "Mozilla/5.0 (Windows NT 6.1; WOW64) AppleWebKit/537.36 (KHTML, like Gecko) Chrome/49.0.2623.22 Safari/537.36 SE 2.X MetaSr 1.0"
47.93.81.100 - - [01/Mar/2017:01:35:21 +0800] "GET /blog/%e7%8b%ac%e7%ab%8b%e6%88%90%e5%88%86%e5%88%86%e6%9e%90independent-component-analysis_ica/ HTTP/1.1" 200 9734 "-" "Mozilla/4.0 (compatible; MSIE 7.0; Windows NT 5.1; Trident/4.0; SE 2.X MetaSr 1.0; SE 2.X MetaSr 1.0; .NET CLR 2.0.50727; SE 2.X MetaSr 1.0)"
111.202.103.21 - - [01/Mar/2017:01:35:24 +0800] "GET /wp-content/uploads/2015/05/ica11.png HTTP/1.1" 404 18271 "-" "Mozilla/5.0 (Windows NT 5.1) AppleWebKit/534.30 (KHTML, like Gecko) Chrome/12.0.742.122 Safari/534.30"
111.202.103.135 - - [01/Mar/2017:01:35:25 +0800] "GET /wp-content/uploads/2015/05/ica11.png HTTP/1.1" 404 18271 "-" "Mozilla/5.0 (Windows NT 5.1) AppleWebKit/534.30 (KHTML, like Gecko) Chrome/12.0.742.122 Safari/534.30"
36.110.170.156 - - [01/Mar/2017:01:35:27 +0800] "GET /wp-content/uploads/2015/05/ica11.png HTTP/1.1" 404 18271 "-" "Mozilla/5.0 (Windows NT 5.1) AppleWebKit/534.30 (KHTML, like Gecko) Chrome/12.0.742.122 Safari/534.30"
36.110.170.149 - - [01/Mar/2017:01:35:27 +0800] "GET /wp-content/uploads/2015/05/ica11.png HTTP/1.1" 404 18271 "-" "Mozilla/5.0 (Windows NT 5.1) AppleWebKit/534.30 (KHTML, like Gecko) Chrome/12.0.742.122 Safari/534.30"
115.28.26.13 - - [01/Mar/2017:01:35:47 +0800] "GET / HTTP/1.1" 200 48415 "-" "Mozilla/5.0 (compatible; MSIE 9.0; Windows NT 6.1; Win64; x64; Trident/5.0)"
220.181.108.174 - - [01/Mar/2017:01:36:32 +0800] "GET /wp-content/uploads/2015/05/DBSCAN11.png HTTP/1.1" 404 5231 "http://image.baidu.com/i?ct=503316480&z=0&tn=baiduimagedetail" "Baiduspider-image+(+http://www.baidu.com/search/spider.htm)"
123.125.71.79 - - [01/Mar/2017:01:37:19 +0800] "GET /?p=206 HTTP/1.1" 301 20 "-" "Mozilla/5.0 (compatible; Baiduspider/2.0; +http://www.baidu.com/search/spider.html)"
123.125.71.18 - - [01/Mar/2017:01:37:19 +0800] "GET /blog/%E7%A5%9E%E7%BB%8F%E7%BD%91%E7%BB%9C%E6%A8%A1%E5%9E%8Bneural-network-models/ HTTP/1.1" 200 13548 "-" "Mozilla/5.0 (compatible; Baiduspider/2.0; +http://www.baidu.com/search/spider.html)"
112.124.127.44 - - [01/Mar/2017:01:39:56 +0800] "GET / HTTP/1.1" 200 48415 "-" "Mozilla/5.0 (compatible; MSIE 9.0; Windows NT 6.1; Win64; x64; Trident/5.0)"
115.28.26.13 - - [01/Mar/2017:01:40:47 +0800] "GET / HTTP/1.1" 200 48415 "-" "Mozilla/5.0 (compatible; MSIE 9.0; Windows NT 6.1; Win64; x64; Trident/5.0)"
118.190.22.76 - - [01/Mar/2017:01:41:07 +0800] "GET / HTTP/1.1" 200 10902 "-" "curl"
120.26.227.85 - - [01/Mar/2017:01:41:07 +0800] "GET / HTTP/1.1" 200 10903 "-" "curl"
112.124.127.44 - - [01/Mar/2017:01:44:56 +0800] "GET / HTTP/1.1" 200 48415 "-" "Mozilla/5.0 (compatible; MSIE 9.0; Windows NT 6.1; Win64; x64; Trident/5.0)"
115.28.26.13 - - [01/Mar/2017:01:45:46 +0800] "GET / HTTP/1.1" 200 48415 "-" "Mozilla/5.0 (compatible; MSIE 9.0; Windows NT 6.1; Win64; x64; Trident/5.0)"
177.185.194.164 - - [01/Mar/2017:01:46:29 +0800] "POST /wp-login.php HTTP/1.1" 200 1571 "http://www.dataivy.cn/wp-login.php" "Mozilla/5.0 (Windows NT 6.1; Win64; x64) AppleWebKit/537.36 (KHTML, like Gecko) Chrome/53.0.2785.89 Safari/537.36"
66.249.77.27 - - [01/Mar/2017:01:47:28 +0800] "GET /wp-content/uploads/2015/05/time_minibatchkmeans11.png HTTP/1.1" 404 5231 "-" "Googlebot-Image/1.0"
31.39.34.146 - - [01/Mar/2017:01:47:52 +0800] "HEAD / HTTP/1.1" 302 - "-" "Mozilla/5.0 (Linux; Android 5.1.1; Nexus 5 Build/LMY48B; wv) AppleWebKit/537.36 (KHTML, like Gecko) Version/4.0 Chrome/43.0.2357.65 Mobile Safari/537.36"
31.39.34.146 - - [01/Mar/2017:01:47:53 +0800] "HEAD / HTTP/1.1" 200 - "-" "Mozilla/5.0 (Linux; Android 5.1.1; Nexus 5 Build/LMY48B; wv) AppleWebKit/537.36 (KHTML, like Gecko) Version/4.0 Chrome/43.0.2357.65 Mobile Safari/537.36"
218.17.212.238 - - [01/Mar/2017:01:48:20 +0800] "GET /feed HTTP/1.1" 302 - "-" "Mozilla/4.0 (compatible; MSIE 8.0; Windows NT 6.1; WOW64; Trident/4.0; SLCC2;)"
218.17.212.238 - - [01/Mar/2017:01:48:20 +0800] "GET / HTTP/1.1" 200 29625 "-" "Mozilla/4.0 (compatible; MSIE 8.0; Windows NT 6.1; WOW64; Trident/4.0; SLCC2;)"
218.17.212.238 - - [01/Mar/2017:01:48:20 +0800] "GET /feed HTTP/1.1" 302 20 "-" "Mozilla/4.0 (compatible; MSIE 8.0; Windows NT 6.1; WOW64; Trident/4.0; SLCC2;)"
218.17.212.238 - - [01/Mar/2017:01:48:20 +0800] "GET / HTTP/1.1" 200 10903 "-" "Mozilla/4.0 (compatible; MSIE 8.0; Windows NT 6.1; WOW64; Trident/4.0; SLCC2;)"
112.124.127.44 - - [01/Mar/2017:01:49:56 +0800] "GET / HTTP/1.1" 200 48415 "-" "Mozilla/5.0 (compatible; MSIE 9.0; Windows NT 6.1; Win64; x64; Trident/5.0)"
115.28.26.13 - - [01/Mar/2017:01:50:46 +0800] "GET / HTTP/1.1" 200 48415 "-" "Mozilla/5.0 (compatible; MSIE 9.0; Windows NT 6.1; Win64; x64; Trident/5.0)"
42.156.139.97 - - [01/Mar/2017:01:54:30 +0800] "GET /blog/tag/oneclasssvm/ HTTP/1.1" 200 5856 "-" "YisouSpider"
112.124.127.44 - - [01/Mar/2017:01:54:56 +0800] "GET / HTTP/1.1" 200 48415 "-" "Mozilla/5.0 (compatible; MSIE 9.0; Windows NT 6.1; Win64; x64; Trident/5.0)"
115.28.26.13 - - [01/Mar/2017:01:55:46 +0800] "GET / HTTP/1.1" 200 48415 "-" "Mozilla/5.0 (compatible; MSIE 9.0; Windows NT 6.1; Win64; x64; Trident/5.0)"
66.249.77.29 - - [01/Mar/2017:01:55:57 +0800] "GET /wp-content/uploads/2015/04/Kernel-Density-EstimationKDE.png?wt_tb=1%7C1485129600138 HTTP/1.1" 404 5231 "-" "Googlebot-Image/1.0"
220.181.108.157 - - [01/Mar/2017:01:58:48 +0800] "GET /blog/%E9%80%82%E5%90%88%E5%A4%A7%E6%95%B0%E6%8D%AE%E7%9A%84%E8%81%9A%E7%B1%BB%E7%AE%97%E6%B3%95mini-batch-k-means/ HTTP/1.1" 200 9458 "-" "Mozilla/5.0 (compatible; Baiduspider/2.0; +http://www.baidu.com/search/spider.html)"
207.46.13.185 - - [01/Mar/2017:01:59:34 +0800] "GET /blog/k%C3%A5%C2%9D%E2%80%A1%C3%A5%E2%82%AC%C2%BCk-means HTTP/1.1" 302 20 "-" "Mozilla/5.0 (compatible; bingbot/2.0; +http://www.bing.com/bingbot.htm)"
112.124.127.44 - - [01/Mar/2017:01:59:56 +0800] "GET / HTTP/1.1" 200 48415 "-" "Mozilla/5.0 (compatible; MSIE 9.0; Windows NT 6.1; Win64; x64; Trident/5.0)"
66.249.77.27 - - [01/Mar/2017:02:00:34 +0800] "GET /wp-content/uploads/2015/04/Kernel-Density-EstimationKDE.png?wt_tb=1%7C1485820800138 HTTP/1.1" 404 5231 "-" "Googlebot-Image/1.0"
115.28.26.13 - - [01/Mar/2017:02:00:46 +0800] "GET / HTTP/1.1" 200 48415 "-" "Mozilla/5.0 (compatible; MSIE 9.0; Windows NT 6.1; Win64; x64; Trident/5.0)"
112.124.127.44 - - [01/Mar/2017:02:04:56 +0800] "GET / HTTP/1.1" 200 48415 "-" "Mozilla/5.0 (compatible; MSIE 9.0; Windows NT 6.1; Win64; x64; Trident/5.0)"
66.249.77.28 - - [01/Mar/2017:02:05:09 +0800] "GET /wp-content/uploads/2015/04/342ac65c1038534384b650b09213b07eca808822.png HTTP/1.1" 404 5231 "-" "Googlebot-Image/1.0"
115.28.26.13 - - [01/Mar/2017:02:05:46 +0800] "GET / HTTP/1.1" 200 48415 "-" "Mozilla/5.0 (compatible; MSIE 9.0; Windows NT 6.1; Win64; x64; Trident/5.0)"
120.26.227.85 - - [01/Mar/2017:02:07:14 +0800] "GET / HTTP/1.1" 200 10904 "-" "curl"
118.190.22.72 - - [01/Mar/2017:02:07:14 +0800] "GET / HTTP/1.1" 200 10902 "-" "curl"
58.60.250.193 - - [01/Mar/2017:02:08:31 +0800] "GET /wp-content/uploads/2015/05/bars11.png HTTP/1.1" 404 5231 "http://blog.csdn.net/helloeveryon/article/details/51259459" "Mozilla/5.0 (X11; Linux x86_64) AppleWebKit/534.24 (KHTML, like Gecko) Chrome/11.0.696.34 Safari/534.24"
58.60.250.193 - - [01/Mar/2017:02:08:31 +0800] "GET /wp-content/uploads/2015/05/ap_clustering1111.png HTTP/1.1" 404 5231 "http://blog.csdn.net/helloeveryon/article/details/51259459" "Mozilla/5.0 (X11; Linux x86_64) AppleWebKit/534.24 (KHTML, like Gecko) Chrome/11.0.696.34 Safari/534.24"
58.60.250.193 - - [01/Mar/2017:02:08:44 +0800] "GET /wp-content/uploads/2015/05/ap_clustering1111.png HTTP/1.1" 404 5231 "http://blog.csdn.net/helloeveryon/article/details/51259459" "Mozilla/5.0 (X11; Linux x86_64) AppleWebKit/534.24 (KHTML, like Gecko) Chrome/11.0.696.34 Safari/534.24"
58.60.250.193 - - [01/Mar/2017:02:08:44 +0800] "GET /wp-content/uploads/2015/05/bars11.png HTTP/1.1" 404 5231 "http://blog.csdn.net/helloeveryon/article/details/51259459" "Mozilla/5.0 (X11; Linux x86_64) AppleWebKit/534.24 (KHTML, like Gecko) Chrome/11.0.696.34 Safari/534.24"
66.249.77.27 - - [01/Mar/2017:02:09:46 +0800] "GET /wp-content/uploads/2015/05/QQ%E6%88%AA%E5%9B%BE2015051016025711.png?wt_tb=1%7C1487980800159 HTTP/1.1" 404 5231 "-" "Googlebot-Image/1.0"
112.124.127.44 - - [01/Mar/2017:02:09:56 +0800] "GET / HTTP/1.1" 200 48415 "-" "Mozilla/5.0 (compatible; MSIE 9.0; Windows NT 6.1; Win64; x64; Trident/5.0)"
115.28.26.13 - - [01/Mar/2017:02:10:46 +0800] "GET / HTTP/1.1" 200 48415 "-" "Mozilla/5.0 (compatible; MSIE 9.0; Windows NT 6.1; Win64; x64; Trident/5.0)"
66.249.79.132 - - [01/Mar/2017:02:14:23 +0800] "GET /wp-content/uploads/2015/04/20130616181626-1670148626.jpg?wt_tb=1%7C1487116800139 HTTP/1.1" 404 5231 "-" "Googlebot-Image/1.0"
112.124.127.44 - - [01/Mar/2017:02:14:56 +0800] "GET / HTTP/1.1" 200 48415 "-" "Mozilla/5.0 (compatible; MSIE 9.0; Windows NT 6.1; Win64; x64; Trident/5.0)"
115.28.26.13 - - [01/Mar/2017:02:15:46 +0800] "GET / HTTP/1.1" 200 48415 "-" "Mozilla/5.0 (compatible; MSIE 9.0; Windows NT 6.1; Win64; x64; Trident/5.0)"
66.249.77.28 - - [01/Mar/2017:02:17:49 +0800] "GET /wp-content/uploads/2015/05/ap_clustering1111.png?wt_tb=1%7C1488240000160 HTTP/1.1" 404 5231 "-" "Googlebot-Image/1.0"
112.124.127.44 - - [01/Mar/2017:02:19:56 +0800] "GET / HTTP/1.1" 200 48415 "-" "Mozilla/5.0 (compatible; MSIE 9.0; Windows NT 6.1; Win64; x64; Trident/5.0)"
220.181.108.147 - - [01/Mar/2017:02:20:18 +0800] "GET /wp-content/uploads/2015/05/plot_outlier_detection_0021111.png?wt_tb=2%7C1482133722490 HTTP/1.1" 404 5231 "-" "Baiduspider-image+(+http://www.baidu.com/search/spider.htm)"
218.17.212.231 - - [01/Mar/2017:02:20:44 +0800] "GET /feed HTTP/1.1" 302 - "-" "Mozilla/4.0 (compatible; MSIE 8.0; Windows NT 6.1; WOW64; Trident/4.0; SLCC2;)"
218.17.212.231 - - [01/Mar/2017:02:20:44 +0800] "GET / HTTP/1.1" 200 31069 "-" "Mozilla/4.0 (compatible; MSIE 8.0; Windows NT 6.1; WOW64; Trident/4.0; SLCC2;)"
218.17.212.231 - - [01/Mar/2017:02:20:44 +0800] "GET /feed HTTP/1.1" 302 20 "-" "Mozilla/4.0 (compatible; MSIE 8.0; Windows NT 6.1; WOW64; Trident/4.0; SLCC2;)"
218.17.212.231 - - [01/Mar/2017:02:20:44 +0800] "GET / HTTP/1.1" 200 10901 "-" "Mozilla/4.0 (compatible; MSIE 8.0; Windows NT 6.1; WOW64; Trident/4.0; SLCC2;)"
115.28.26.13 - - [01/Mar/2017:02:20:46 +0800] "GET / HTTP/1.1" 200 48415 "-" "Mozilla/5.0 (compatible; MSIE 9.0; Windows NT 6.1; Win64; x64; Trident/5.0)"
66.249.79.132 - - [01/Mar/2017:02:21:38 +0800] "GET /wp-content/uploads/2015/04/QQ%E6%88%AA%E5%9B%BE2015050814570511.png?wt_tb=1%7C1487980800162 HTTP/1.1" 404 5231 "-" "Googlebot-Image/1.0"
123.125.71.32 - - [01/Mar/2017:02:23:37 +0800] "GET /wp-content/uploads/2015/05/%D2%F2%D7%D3%B7%D6%CE%F6.png HTTP/1.1" 404 5231 "http://image.baidu.com/i?ct=503316480&z=0&tn=baiduimagedetail" "Baiduspider-image+(+http://www.baidu.com/search/spider.htm)"
66.249.77.29 - - [01/Mar/2017:02:25:04 +0800] "GET /wp-content/uploads/2015/04/QQ%E6%88%AA%E5%9B%BE2015050814432911.png?wt_tb=1%7C1486339200141 HTTP/1.1" 404 5231 "-" "Googlebot-Image/1.0"
112.124.127.44 - - [01/Mar/2017:02:25:05 +0800] "GET / HTTP/1.1" 200 48415 "-" "Mozilla/5.0 (compatible; MSIE 9.0; Windows NT 6.1; Win64; x64; Trident/5.0)"
115.28.26.13 - - [01/Mar/2017:02:25:46 +0800] "GET / HTTP/1.1" 200 48415 "-" "Mozilla/5.0 (compatible; MSIE 9.0; Windows NT 6.1; Win64; x64; Trident/5.0)"
123.125.71.57 - - [01/Mar/2017:02:26:17 +0800] "GET /wp-content/uploads/2015/04/QQ%BD%D8%CD%BC201505081402351111.png HTTP/1.1" 404 5231 "http://image.baidu.com/i?ct=503316480&z=0&tn=baiduimagedetail" "Baiduspider-image+(+http://www.baidu.com/search/spider.htm)"
114.215.165.75 - - [01/Mar/2017:02:28:17 +0800] "GET / HTTP/1.1" 200 10902 "-" "curl"
66.249.77.29 - - [01/Mar/2017:02:29:03 +0800] "GET /wp-content/uploads/2015/04/342ac65c1038534384b650b09213b07eca808822.png?wt_tb=1%7C1488067200160 HTTP/1.1" 404 5231 "-" "Googlebot-Image/1.0"
112.124.127.44 - - [01/Mar/2017:02:29:56 +0800] "GET / HTTP/1.1" 200 48415 "-" "Mozilla/5.0 (compatible; MSIE 9.0; Windows NT 6.1; Win64; x64; Trident/5.0)"
115.28.26.13 - - [01/Mar/2017:02:30:46 +0800] "GET / HTTP/1.1" 200 48415 "-" "Mozilla/5.0 (compatible; MSIE 9.0; Windows NT 6.1; Win64; x64; Trident/5.0)"
120.26.223.229 - - [01/Mar/2017:02:32:15 +0800] "GET / HTTP/1.1" 200 10902 "-" "curl"
118.190.22.74 - - [01/Mar/2017:02:32:15 +0800] "GET / HTTP/1.1" 200 10901 "-" "curl"
66.249.73.141 - - [01/Mar/2017:02:34:23 +0800] "GET / HTTP/1.1" 302 20 "-" "Mozilla/5.0 (Linux; Android 6.0.1; Nexus 5X Build/MMB29P) AppleWebKit/537.36 (KHTML, like Gecko) Chrome/41.0.2272.96 Mobile Safari/537.36 (compatible; Googlebot/2.1; +http://www.google.com/bot.html)"
66.249.79.191 - - [01/Mar/2017:02:34:23 +0800] "GET / HTTP/1.1" 200 10901 "-" "Mozilla/5.0 (Linux; Android 6.0.1; Nexus 5X Build/MMB29P) AppleWebKit/537.36 (KHTML, like Gecko) Chrome/41.0.2272.96 Mobile Safari/537.36 (compatible; Googlebot/2.1; +http://www.google.com/bot.html)"
174.7.45.147 - - [01/Mar/2017:02:34:50 +0800] "GET /blog/%E8%B0%B1%E8%81%9A%E7%B1%BBspectral-clustering/ HTTP/1.1" 200 10089 "https://www.google.ca/" "Mozilla/5.0 (Macintosh; Intel Mac OS X 10_11_6) AppleWebKit/537.36 (KHTML, like Gecko) Chrome/56.0.2924.87 Safari/537.36"
174.7.45.147 - - [01/Mar/2017:02:34:50 +0800] "GET /wp-content/themes/twentyfifteen/genericons/genericons.css?ver=3.2 HTTP/1.1" 200 16580 "http://www.dataivy.cn/blog/%E8%B0%B1%E8%81%9A%E7%B1%BBspectral-clustering/" "Mozilla/5.0 (Macintosh; Intel Mac OS X 10_11_6) AppleWebKit/537.36 (KHTML, like Gecko) Chrome/56.0.2924.87 Safari/537.36"
174.7.45.147 - - [01/Mar/2017:02:34:50 +0800] "GET /wp-content/themes/twentyfifteen/style.css?ver=4.1.15 HTTP/1.1" 200 16247 "http://www.dataivy.cn/blog/%E8%B0%B1%E8%81%9A%E7%B1%BBspectral-clustering/" "Mozilla/5.0 (Macintosh; Intel Mac OS X 10_11_6) AppleWebKit/537.36 (KHTML, like Gecko) Chrome/56.0.2924.87 Safari/537.36"
174.7.45.147 - - [01/Mar/2017:02:34:51 +0800] "GET /wp-includes/js/jquery/jquery-migrate.min.js?ver=1.2.1 HTTP/1.1" 200 3068 "http://www.dataivy.cn/blog/%E8%B0%B1%E8%81%9A%E7%B1%BBspectral-clustering/" "Mozilla/5.0 (Macintosh; Intel Mac OS X 10_11_6) AppleWebKit/537.36 (KHTML, like Gecko) Chrome/56.0.2924.87 Safari/537.36"
174.7.45.147 - - [01/Mar/2017:02:34:51 +0800] "GET /wp-includes/js/jquery/jquery.js?ver=1.11.1 HTTP/1.1" 200 33231 "http://www.dataivy.cn/blog/%E8%B0%B1%E8%81%9A%E7%B1%BBspectral-clustering/" "Mozilla/5.0 (Macintosh; Intel Mac OS X 10_11_6) AppleWebKit/537.36 (KHTML, like Gecko) Chrome/56.0.2924.87 Safari/537.36"
174.7.45.147 - - [01/Mar/2017:02:34:52 +0800] "GET /wp-content/plugins/akismet/_inc/form.js?ver=3.1.5 HTTP/1.1" 200 318 "http://www.dataivy.cn/blog/%E8%B0%B1%E8%81%9A%E7%B1%BBspectral-clustering/" "Mozilla/5.0 (Macintosh; Intel Mac OS X 10_11_6) AppleWebKit/537.36 (KHTML, like Gecko) Chrome/56.0.2924.87 Safari/537.36"
174.7.45.147 - - [01/Mar/2017:02:34:52 +0800] "GET /wp-content/themes/twentyfifteen/js/skip-link-focus-fix.js?ver=20141010 HTTP/1.1" 200 445 "http://www.dataivy.cn/blog/%E8%B0%B1%E8%81%9A%E7%B1%BBspectral-clustering/" "Mozilla/5.0 (Macintosh; Intel Mac OS X 10_11_6) AppleWebKit/537.36 (KHTML, like Gecko) Chrome/56.0.2924.87 Safari/537.36"
66.249.77.27 - - [01/Mar/2017:02:34:52 +0800] "GET /blog/%E6%A0%B8%E5%AF%86%E5%BA%A6%E4%BC%B0%E8%AE%A1kernel-density-estimation_kde/?wt_tb=1%7C1466208000148 HTTP/1.1" 200 9540 "-" "Mozilla/5.0 (compatible; Googlebot/2.1; +http://www.google.com/bot.html)"
174.7.45.147 - - [01/Mar/2017:02:34:52 +0800] "GET /wp-includes/js/comment-reply.min.js?ver=4.1.15 HTTP/1.1" 200 406 "http://www.dataivy.cn/blog/%E8%B0%B1%E8%81%9A%E7%B1%BBspectral-clustering/" "Mozilla/5.0 (Macintosh; Intel Mac OS X 10_11_6) AppleWebKit/537.36 (KHTML, like Gecko) Chrome/56.0.2924.87 Safari/537.36"
174.7.45.147 - - [01/Mar/2017:02:34:52 +0800] "GET /wp-content/themes/twentyfifteen/js/functions.js?ver=20141212 HTTP/1.1" 200 1324 "http://www.dataivy.cn/blog/%E8%B0%B1%E8%81%9A%E7%B1%BBspectral-clustering/" "Mozilla/5.0 (Macintosh; Intel Mac OS X 10_11_6) AppleWebKit/537.36 (KHTML, like Gecko) Chrome/56.0.2924.87 Safari/537.36"
174.7.45.147 - - [01/Mar/2017:02:34:53 +0800] "GET /analytics/usertracking/webtrekk_v4.min.js HTTP/1.1" 200 23026 "http://www.dataivy.cn/blog/%E8%B0%B1%E8%81%9A%E7%B1%BBspectral-clustering/" "Mozilla/5.0 (Macintosh; Intel Mac OS X 10_11_6) AppleWebKit/537.36 (KHTML, like Gecko) Chrome/56.0.2924.87 Safari/537.36"
174.7.45.147 - - [01/Mar/2017:02:34:53 +0800] "GET /analytics/usertracking/webtrekk_mcp.min.js HTTP/1.1" 200 7704 "http://www.dataivy.cn/blog/%E8%B0%B1%E8%81%9A%E7%B1%BBspectral-clustering/" "Mozilla/5.0 (Macintosh; Intel Mac OS X 10_11_6) AppleWebKit/537.36 (KHTML, like Gecko) Chrome/56.0.2924.87 Safari/537.36"
174.7.45.147 - - [01/Mar/2017:02:34:54 +0800] "GET /upload/weixin.png HTTP/1.1" 200 2018 "http://www.dataivy.cn/blog/%E8%B0%B1%E8%81%9A%E7%B1%BBspectral-clustering/" "Mozilla/5.0 (Macintosh; Intel Mac OS X 10_11_6) AppleWebKit/537.36 (KHTML, like Gecko) Chrome/56.0.2924.87 Safari/537.36"
174.7.45.147 - - [01/Mar/2017:02:34:54 +0800] "GET /wp-content/uploads/2015/05/sc.png HTTP/1.1" 200 14492 "http://www.dataivy.cn/blog/%E8%B0%B1%E8%81%9A%E7%B1%BBspectral-clustering/" "Mozilla/5.0 (Macintosh; Intel Mac OS X 10_11_6) AppleWebKit/537.36 (KHTML, like Gecko) Chrome/56.0.2924.87 Safari/537.36"
174.7.45.147 - - [01/Mar/2017:02:34:54 +0800] "GET /wp-content/uploads/2015/05/spectral_clustering11.png HTTP/1.1" 200 15103 "http://www.dataivy.cn/blog/%E8%B0%B1%E8%81%9A%E7%B1%BBspectral-clustering/" "Mozilla/5.0 (Macintosh; Intel Mac OS X 10_11_6) AppleWebKit/537.36 (KHTML, like Gecko) Chrome/56.0.2924.87 Safari/537.36"
174.7.45.147 - - [01/Mar/2017:02:34:55 +0800] "GET /wp-content/uploads/2015/05/spectral_clustering1.png HTTP/1.1" 200 13006 "http://www.dataivy.cn/blog/%E8%B0%B1%E8%81%9A%E7%B1%BBspectral-clustering/" "Mozilla/5.0 (Macintosh; Intel Mac OS X 10_11_6) AppleWebKit/537.36 (KHTML, like Gecko) Chrome/56.0.2924.87 Safari/537.36"
112.124.127.44 - - [01/Mar/2017:02:34:56 +0800] "GET / HTTP/1.1" 200 48415 "-" "Mozilla/5.0 (compatible; MSIE 9.0; Windows NT 6.1; Win64; x64; Trident/5.0)"
66.249.77.27 - - [01/Mar/2017:02:35:05 +0800] "GET /__ua.gif?v=1&_v=j47&a=1866784098&t=timing&_s=2&dl=http%3A%2F%2Fwww.dataivy.cn%2Fblog%2F%25E6%25A0%25B8%25E5%25AF%2586%25E5%25BA%25A6%25E4%25BC%25B0%25E8%25AE%25A1kernel-density-estimation_kde%2F%3Fwt_tb%3D1%257C1466208000148&ul=en-us&de=UTF-8&dt=%E6%A0%B8%E5%AF%86%E5%BA%A6%E4%BC%B0%E8%AE%A1Kernel%20Density%20Estimation(KDE)%20%7C%20%E6%95%B0%E6%8D%AE%E5%B8%B8%E9%9D%92%E8%97%A4&sd=24-bit&sr=1024x1024&vp=1024x1024&je=0&fl=13.0%20r0&plt=66905263&pdt=0&dns=0&rrt=66904091&srt=0&tcp=0&dit=66904158&clt=66904158&_u=SGAAgEAj~&jid=&cid=2098553546.1487808000&tid=UA-50808718-1&sf=90&z=1264569826 HTTP/1.1" 200 52 "http://www.dataivy.cn/blog/%E6%A0%B8%E5%AF%86%E5%BA%A6%E4%BC%B0%E8%AE%A1kernel-density-estimation_kde/?wt_tb=1%7C1466208000148" "Mozilla/5.0 (compatible; Googlebot/2.1; +http://www.google.com/bot.html)"
115.28.26.13 - - [01/Mar/2017:02:35:46 +0800] "GET / HTTP/1.1" 200 48415 "-" "Mozilla/5.0 (compatible; MSIE 9.0; Windows NT 6.1; Win64; x64; Trident/5.0)"
174.7.45.147 - - [01/Mar/2017:02:36:05 +0800] "GET /__ua.gif?v=1&_v=j48&a=782735371&t=pageview&_s=1&dl=http%3A%2F%2Fwww.dataivy.cn%2Fblog%2F%25E8%25B0%25B1%25E8%2581%259A%25E7%25B1%25BBspectral-clustering%2F&dr=https%3A%2F%2Fwww.google.ca%2F&ul=en-us&de=UTF-8&dt=%E8%B0%B1%E8%81%9A%E7%B1%BBSpectral%20clustering(SC)%20%7C%20%E6%95%B0%E6%8D%AE%E5%B8%B8%E9%9D%92%E8%97%A4&sd=24-bit&sr=1280x768&vp=1279x648&je=0&_u=SGAAgEAj~&jid=1502290045&cid=433238190.1488306966&tid=UA-50808718-1&sf=90&z=1815009706 HTTP/1.1" 200 52 "http://www.dataivy.cn/blog/%E8%B0%B1%E8%81%9A%E7%B1%BBspectral-clustering/" "Mozilla/5.0 (Macintosh; Intel Mac OS X 10_11_6) AppleWebKit/537.36 (KHTML, like Gecko) Chrome/56.0.2924.87 Safari/537.36"
174.7.45.147 - - [01/Mar/2017:02:36:17 +0800] "GET /favicon.ico HTTP/1.1" 200 20 "http://www.dataivy.cn/blog/%E8%B0%B1%E8%81%9A%E7%B1%BBspectral-clustering/" "Mozilla/5.0 (Macintosh; Intel Mac OS X 10_11_6) AppleWebKit/537.36 (KHTML, like Gecko) Chrome/56.0.2924.87 Safari/537.36"
123.125.71.41 - - [01/Mar/2017:02:37:58 +0800] "GET /wp-content/uploads/2015/05/spectral_clustering11.png HTTP/1.1" 404 5231 "http://image.baidu.com/i?ct=503316480&z=0&tn=baiduimagedetail" "Baiduspider-image+(+http://www.baidu.com/search/spider.htm)"
217.119.182.173 - - [01/Mar/2017:02:39:44 +0800] "POST /wp-login.php HTTP/1.1" 200 1571 "http://www.dataivy.cn/wp-login.php" "Mozilla/5.0 (Windows NT 6.1; Win64; x64) AppleWebKit/537.36 (KHTML, like Gecko) Chrome/53.0.2785.89 Safari/537.36"
112.124.127.44 - - [01/Mar/2017:02:39:56 +0800] "GET / HTTP/1.1" 200 48415 "-" "Mozilla/5.0 (compatible; MSIE 9.0; Windows NT 6.1; Win64; x64; Trident/5.0)"
115.28.26.13 - - [01/Mar/2017:02:40:46 +0800] "GET / HTTP/1.1" 200 48415 "-" "Mozilla/5.0 (compatible; MSIE 9.0; Windows NT 6.1; Win64; x64; Trident/5.0)"
120.26.223.229 - - [01/Mar/2017:02:42:14 +0800] "GET / HTTP/1.1" 200 10901 "-" "curl"
118.190.22.76 - - [01/Mar/2017:02:42:16 +0800] "GET / HTTP/1.1" 200 10901 "-" "curl"
220.181.108.77 - - [01/Mar/2017:02:43:09 +0800] "GET /blog/tag/kerneldensity/ HTTP/1.1" 200 21088 "-" "Mozilla/5.0 (iPhone; CPU iPhone OS 8_0 like Mac OS X) AppleWebKit/600.1.3 (KHTML, like Gecko) Version/8.0 Mobile/12A4345d Safari/600.1.4"
123.125.71.19 - - [01/Mar/2017:02:43:09 +0800] "GET /wp-content/themes/twentyfifteen/genericons/genericons.css?ver=3.2 HTTP/1.1" 200 27519 "http://www.dataivy.cn/blog/tag/kerneldensity/" "Mozilla/5.0 (iPhone; CPU iPhone OS 8_0 like Mac OS X) AppleWebKit/600.1.3 (KHTML, like Gecko) Version/8.0 Mobile/12A4345d Safari/600.1.4"
220.181.108.112 - - [01/Mar/2017:02:43:09 +0800] "GET /wp-content/themes/twentyfifteen/style.css?ver=4.1.15 HTTP/1.1" 200 101940 "http://www.dataivy.cn/blog/tag/kerneldensity/" "Mozilla/5.0 (iPhone; CPU iPhone OS 8_0 like Mac OS X) AppleWebKit/600.1.3 (KHTML, like Gecko) Version/8.0 Mobile/12A4345d Safari/600.1.4"
220.181.108.146 - - [01/Mar/2017:02:43:12 +0800] "GET /wp-includes/js/jquery/jquery-migrate.min.js?ver=1.2.1 HTTP/1.1" 200 7200 "http://www.dataivy.cn/blog/tag/kerneldensity/" "Mozilla/5.0 (iPhone; CPU iPhone OS 8_0 like Mac OS X) AppleWebKit/600.1.3 (KHTML, like Gecko) Version/8.0 Mobile/12A4345d Safari/600.1.4"
123.125.71.110 - - [01/Mar/2017:02:43:13 +0800] "GET /wp-content/themes/twentyfifteen/js/skip-link-focus-fix.js?ver=20141010 HTTP/1.1" 200 727 "http://www.dataivy.cn/blog/tag/kerneldensity/" "Mozilla/5.0 (iPhone; CPU iPhone OS 8_0 like Mac OS X) AppleWebKit/600.1.3 (KHTML, like Gecko) Version/8.0 Mobile/12A4345d Safari/600.1.4"
220.181.108.96 - - [01/Mar/2017:02:43:13 +0800] "GET /wp-content/themes/twentyfifteen/genericons/Genericons.ttf HTTP/1.1" 200 22576 "http://www.dataivy.cn/blog/tag/kerneldensity/" "Mozilla/5.0 (iPhone; CPU iPhone OS 8_0 like Mac OS X) AppleWebKit/600.1.3 (KHTML, like Gecko) Version/8.0 Mobile/12A4345d Safari/600.1.4"
123.125.71.105 - - [01/Mar/2017:02:43:13 +0800] "GET /wp-content/themes/twentyfifteen/js/functions.js?ver=20141212 HTTP/1.1" 200 4072 "http://www.dataivy.cn/blog/tag/kerneldensity/" "Mozilla/5.0 (iPhone; CPU iPhone OS 8_0 like Mac OS X) AppleWebKit/600.1.3 (KHTML, like Gecko) Version/8.0 Mobile/12A4345d Safari/600.1.4"
220.181.108.104 - - [01/Mar/2017:02:43:14 +0800] "GET /analytics/usertracking/webtrekk_v4.min.js HTTP/1.1" 200 82164 "http://www.dataivy.cn/blog/tag/kerneldensity/" "Mozilla/5.0 (iPhone; CPU iPhone OS 8_0 like Mac OS X) AppleWebKit/600.1.3 (KHTML, like Gecko) Version/8.0 Mobile/12A4345d Safari/600.1.4"
220.181.108.83 - - [01/Mar/2017:02:43:14 +0800] "GET /analytics/usertracking/webtrekk_mcp.min.js HTTP/1.1" 200 24811 "http://www.dataivy.cn/blog/tag/kerneldensity/" "Mozilla/5.0 (iPhone; CPU iPhone OS 8_0 like Mac OS X) AppleWebKit/600.1.3 (KHTML, like Gecko) Version/8.0 Mobile/12A4345d Safari/600.1.4"
220.181.108.97 - - [01/Mar/2017:02:43:17 +0800] "GET /wp-content/themes/twentyfifteen/genericons/Genericons.ttf HTTP/1.1" 200 22576 "http://www.dataivy.cn/blog/tag/kerneldensity/" "Mozilla/5.0 (iPhone; CPU iPhone OS 8_0 like Mac OS X) AppleWebKit/600.1.3 (KHTML, like Gecko) Version/8.0 Mobile/12A4345d Safari/600.1.4"
112.124.127.44 - - [01/Mar/2017:02:44:56 +0800] "GET / HTTP/1.1" 200 48415 "-" "Mozilla/5.0 (compatible; MSIE 9.0; Windows NT 6.1; Win64; x64; Trident/5.0)"
115.28.26.13 - - [01/Mar/2017:02:45:46 +0800] "GET / HTTP/1.1" 200 48415 "-" "Mozilla/5.0 (compatible; MSIE 9.0; Windows NT 6.1; Win64; x64; Trident/5.0)"
123.125.71.41 - - [01/Mar/2017:02:47:38 +0800] "GET /wp-content/uploads/2015/05/QQ%BD%D8%CD%BC2015051016025711.png HTTP/1.1" 404 5231 "http://image.baidu.com/i?ct=503316480&z=0&tn=baiduimagedetail" "Baiduspider-image+(+http://www.baidu.com/search/spider.htm)"
112.124.127.44 - - [01/Mar/2017:02:49:56 +0800] "GET / HTTP/1.1" 200 48415 "-" "Mozilla/5.0 (compatible; MSIE 9.0; Windows NT 6.1; Win64; x64; Trident/5.0)"
123.126.68.98 - - [01/Mar/2017:02:50:03 +0800] "GET /blog/python%E5%9F%BA%E7%A1%80%E6%95%B0%E6%8D%AE%E5%A4%84%E7%90%86%E5%BA%93-numpy/ HTTP/1.1" 200 15257 "-" "Mozilla/5.0 (iPhone; CPU iPhone OS 9_3 like Mac OS X) AppleWebKit/601.1.46 (KHTML, like Gecko) Version/9.0 Mobile/13E198 Safari/601.1"
115.28.26.13 - - [01/Mar/2017:02:50:46 +0800] "GET / HTTP/1.1" 200 48415 "-" "Mozilla/5.0 (compatible; MSIE 9.0; Windows NT 6.1; Win64; x64; Trident/5.0)"
123.125.71.106 - - [01/Mar/2017:02:50:54 +0800] "GET /wp-content/uploads/2015/05/dbscan_result11.png HTTP/1.1" 404 5231 "http://image.baidu.com/i?ct=503316480&z=0&tn=baiduimagedetail" "Baiduspider-image+(+http://www.baidu.com/search/spider.htm)"
66.249.77.28 - - [01/Mar/2017:02:52:28 +0800] "GET /wp-content/uploads/2015/04/20130616181626-1670148626.jpg?wt_tb=1%7C1487980800159 HTTP/1.1" 404 5231 "-" "Googlebot-Image/1.0"
218.17.212.231 - - [01/Mar/2017:02:52:36 +0800] "GET /feed HTTP/1.1" 302 - "-" "Mozilla/4.0 (compatible; MSIE 8.0; Windows NT 6.1; WOW64; Trident/4.0; SLCC2;)"
218.17.212.231 - - [01/Mar/2017:02:52:36 +0800] "GET / HTTP/1.1" 200 33345 "-" "Mozilla/4.0 (compatible; MSIE 8.0; Windows NT 6.1; WOW64; Trident/4.0; SLCC2;)"
218.17.212.231 - - [01/Mar/2017:02:52:36 +0800] "GET /feed HTTP/1.1" 302 20 "-" "Mozilla/4.0 (compatible; MSIE 8.0; Windows NT 6.1; WOW64; Trident/4.0; SLCC2;)"
218.17.212.231 - - [01/Mar/2017:02:52:36 +0800] "GET / HTTP/1.1" 200 10903 "-" "Mozilla/4.0 (compatible; MSIE 8.0; Windows NT 6.1; WOW64; Trident/4.0; SLCC2;)"
112.124.127.44 - - [01/Mar/2017:02:54:56 +0800] "GET / HTTP/1.1" 200 48415 "-" "Mozilla/5.0 (compatible; MSIE 9.0; Windows NT 6.1; Win64; x64; Trident/5.0)"
115.28.26.13 - - [01/Mar/2017:02:55:46 +0800] "GET / HTTP/1.1" 200 48415 "-" "Mozilla/5.0 (compatible; MSIE 9.0; Windows NT 6.1; Win64; x64; Trident/5.0)"
66.249.77.27 - - [01/Mar/2017:02:57:57 +0800] "GET /wp-content/uploads/2015/05/QQ%E6%88%AA%E5%9B%BE2015052017195511.png?wt_tb=1%7C1488240000160 HTTP/1.1" 404 5231 "-" "Googlebot-Image/1.0"
180.153.73.63 - - [01/Mar/2017:02:58:11 +0800] "GET /feed/ HTTP/1.0" 304 - "-" "Mozilla/4.0 (compatible; Windows;)"
112.124.127.44 - - [01/Mar/2017:02:59:56 +0800] "GET / HTTP/1.1" 200 48415 "-" "Mozilla/5.0 (compatible; MSIE 9.0; Windows NT 6.1; Win64; x64; Trident/5.0)"
115.28.26.13 - - [01/Mar/2017:03:00:46 +0800] "GET / HTTP/1.1" 200 48415 "-" "Mozilla/5.0 (compatible; MSIE 9.0; Windows NT 6.1; Win64; x64; Trident/5.0)"
123.126.68.98 - - [01/Mar/2017:03:01:49 +0800] "GET /blog/%E6%B7%B7%E5%90%88%E9%AB%98%E6%96%AF%E6%A8%A1%E5%9E%8Bgaussian-mixture-model_gmm/ HTTP/1.1" 200 10299 "-" "Mozilla/5.0 (iPhone; CPU iPhone OS 9_3 like Mac OS X) AppleWebKit/601.1.46 (KHTML, like Gecko) Version/9.0 Mobile/13E198 Safari/601.1"
138.100.221.126 - - [01/Mar/2017:03:02:32 +0800] "GET /blog/python%E5%9F%BA%E7%A1%80%E6%95%B0%E6%8D%AE%E5%A4%84%E7%90%86%E5%BA%93-numpy/ HTTP/1.1" 200 15256 "https://www.google.es/" "Mozilla/5.0 (Windows NT 6.1) AppleWebKit/537.36 (KHTML, like Gecko) Chrome/56.0.2924.87 Safari/537.36"
138.100.221.126 - - [01/Mar/2017:03:02:32 +0800] "GET /wp-content/themes/twentyfifteen/genericons/genericons.css?ver=3.2 HTTP/1.1" 200 16580 "http://www.dataivy.cn/blog/python%E5%9F%BA%E7%A1%80%E6%95%B0%E6%8D%AE%E5%A4%84%E7%90%86%E5%BA%93-numpy/" "Mozilla/5.0 (Windows NT 6.1) AppleWebKit/537.36 (KHTML, like Gecko) Chrome/56.0.2924.87 Safari/537.36"
138.100.221.126 - - [01/Mar/2017:03:02:32 +0800] "GET /wp-content/themes/twentyfifteen/style.css?ver=4.1.15 HTTP/1.1" 200 16247 "http://www.dataivy.cn/blog/python%E5%9F%BA%E7%A1%80%E6%95%B0%E6%8D%AE%E5%A4%84%E7%90%86%E5%BA%93-numpy/" "Mozilla/5.0 (Windows NT 6.1) AppleWebKit/537.36 (KHTML, like Gecko) Chrome/56.0.2924.87 Safari/537.36"
138.100.221.126 - - [01/Mar/2017:03:02:33 +0800] "GET /wp-includes/js/jquery/jquery-migrate.min.js?ver=1.2.1 HTTP/1.1" 200 3068 "http://www.dataivy.cn/blog/python%E5%9F%BA%E7%A1%80%E6%95%B0%E6%8D%AE%E5%A4%84%E7%90%86%E5%BA%93-numpy/" "Mozilla/5.0 (Windows NT 6.1) AppleWebKit/537.36 (KHTML, like Gecko) Chrome/56.0.2924.87 Safari/537.36"
138.100.221.126 - - [01/Mar/2017:03:02:32 +0800] "GET /wp-includes/js/jquery/jquery.js?ver=1.11.1 HTTP/1.1" 200 33231 "http://www.dataivy.cn/blog/python%E5%9F%BA%E7%A1%80%E6%95%B0%E6%8D%AE%E5%A4%84%E7%90%86%E5%BA%93-numpy/" "Mozilla/5.0 (Windows NT 6.1) AppleWebKit/537.36 (KHTML, like Gecko) Chrome/56.0.2924.87 Safari/537.36"
138.100.221.126 - - [01/Mar/2017:03:02:33 +0800] "GET /wp-content/plugins/akismet/_inc/form.js?ver=3.1.5 HTTP/1.1" 200 318 "http://www.dataivy.cn/blog/python%E5%9F%BA%E7%A1%80%E6%95%B0%E6%8D%AE%E5%A4%84%E7%90%86%E5%BA%93-numpy/" "Mozilla/5.0 (Windows NT 6.1) AppleWebKit/537.36 (KHTML, like Gecko) Chrome/56.0.2924.87 Safari/537.36"
138.100.221.126 - - [01/Mar/2017:03:02:34 +0800] "GET /wp-content/themes/twentyfifteen/js/skip-link-focus-fix.js?ver=20141010 HTTP/1.1" 200 445 "http://www.dataivy.cn/blog/python%E5%9F%BA%E7%A1%80%E6%95%B0%E6%8D%AE%E5%A4%84%E7%90%86%E5%BA%93-numpy/" "Mozilla/5.0 (Windows NT 6.1) AppleWebKit/537.36 (KHTML, like Gecko) Chrome/56.0.2924.87 Safari/537.36"
138.100.221.126 - - [01/Mar/2017:03:02:34 +0800] "GET /wp-includes/js/comment-reply.min.js?ver=4.1.15 HTTP/1.1" 200 406 "http://www.dataivy.cn/blog/python%E5%9F%BA%E7%A1%80%E6%95%B0%E6%8D%AE%E5%A4%84%E7%90%86%E5%BA%93-numpy/" "Mozilla/5.0 (Windows NT 6.1) AppleWebKit/537.36 (KHTML, like Gecko) Chrome/56.0.2924.87 Safari/537.36"
138.100.221.126 - - [01/Mar/2017:03:02:34 +0800] "GET /wp-content/themes/twentyfifteen/js/functions.js?ver=20141212 HTTP/1.1" 200 1324 "http://www.dataivy.cn/blog/python%E5%9F%BA%E7%A1%80%E6%95%B0%E6%8D%AE%E5%A4%84%E7%90%86%E5%BA%93-numpy/" "Mozilla/5.0 (Windows NT 6.1) AppleWebKit/537.36 (KHTML, like Gecko) Chrome/56.0.2924.87 Safari/537.36"
138.100.221.126 - - [01/Mar/2017:03:02:35 +0800] "GET /analytics/usertracking/webtrekk_v4.min.js HTTP/1.1" 200 23026 "http://www.dataivy.cn/blog/python%E5%9F%BA%E7%A1%80%E6%95%B0%E6%8D%AE%E5%A4%84%E7%90%86%E5%BA%93-numpy/" "Mozilla/5.0 (Windows NT 6.1) AppleWebKit/537.36 (KHTML, like Gecko) Chrome/56.0.2924.87 Safari/537.36"
138.100.221.126 - - [01/Mar/2017:03:02:35 +0800] "GET /analytics/usertracking/webtrekk_mcp.min.js HTTP/1.1" 200 7704 "http://www.dataivy.cn/blog/python%E5%9F%BA%E7%A1%80%E6%95%B0%E6%8D%AE%E5%A4%84%E7%90%86%E5%BA%93-numpy/" "Mozilla/5.0 (Windows NT 6.1) AppleWebKit/537.36 (KHTML, like Gecko) Chrome/56.0.2924.87 Safari/537.36"
138.100.221.126 - - [01/Mar/2017:03:02:36 +0800] "GET /upload/weixin.png HTTP/1.1" 200 2018 "http://www.dataivy.cn/blog/python%E5%9F%BA%E7%A1%80%E6%95%B0%E6%8D%AE%E5%A4%84%E7%90%86%E5%BA%93-numpy/" "Mozilla/5.0 (Windows NT 6.1) AppleWebKit/537.36 (KHTML, like Gecko) Chrome/56.0.2924.87 Safari/537.36"
138.100.221.126 - - [01/Mar/2017:03:03:28 +0800] "GET /__ua.gif?v=1&_v=j48&a=1313208056&t=pageview&_s=1&dl=http%3A%2F%2Fwww.dataivy.cn%2Fblog%2Fpython%25E5%259F%25BA%25E7%25A1%2580%25E6%2595%25B0%25E6%258D%25AE%25E5%25A4%2584%25E7%2590%2586%25E5%25BA%2593-numpy%2F&dr=https%3A%2F%2Fwww.google.es%2F&ul=zh-cn&de=UTF-8&dt=Python%E5%9F%BA%E7%A1%80%E6%95%B0%E6%8D%AE%E5%A4%84%E7%90%86%E5%BA%93-NumPy(%E6%8C%81%E7%BB%AD%E6%9B%B4%E6%96%B0)%20%7C%20%E6%95%B0%E6%8D%AE%E5%B8%B8%E9%9D%92%E8%97%A4&sd=24-bit&sr=1366x768&vp=1339x600&je=0&_u=SGAAgEAj~&jid=272087260&cid=205193238.1488308499&tid=UA-50808718-1&sf=90&z=364002572 HTTP/1.1" 200 52 "http://www.dataivy.cn/blog/python%E5%9F%BA%E7%A1%80%E6%95%B0%E6%8D%AE%E5%A4%84%E7%90%86%E5%BA%93-numpy/" "Mozilla/5.0 (Windows NT 6.1) AppleWebKit/537.36 (KHTML, like Gecko) Chrome/56.0.2924.87 Safari/537.36"
138.100.221.126 - - [01/Mar/2017:03:03:29 +0800] "GET /__ua.gif?v=1&_v=j48&a=1313208056&t=timing&_s=2&dl=http%3A%2F%2Fwww.dataivy.cn%2Fblog%2Fpython%25E5%259F%25BA%25E7%25A1%2580%25E6%2595%25B0%25E6%258D%25AE%25E5%25A4%2584%25E7%2590%2586%25E5%25BA%2593-numpy%2F&dr=https%3A%2F%2Fwww.google.es%2F&ul=zh-cn&de=UTF-8&dt=Python%E5%9F%BA%E7%A1%80%E6%95%B0%E6%8D%AE%E5%A4%84%E7%90%86%E5%BA%93-NumPy(%E6%8C%81%E7%BB%AD%E6%9B%B4%E6%96%B0)%20%7C%20%E6%95%B0%E6%8D%AE%E5%B8%B8%E9%9D%92%E8%97%A4&sd=24-bit&sr=1366x768&vp=1339x600&je=0&plt=57497&pdt=279&dns=391&rrt=1&srt=536&tcp=276&dit=52608&clt=52608&_u=SGAAgEAj~&jid=&cid=205193238.1488308499&tid=UA-50808718-1&sf=90&z=308967116 HTTP/1.1" 200 52 "http://www.dataivy.cn/blog/python%E5%9F%BA%E7%A1%80%E6%95%B0%E6%8D%AE%E5%A4%84%E7%90%86%E5%BA%93-numpy/" "Mozilla/5.0 (Windows NT 6.1) AppleWebKit/537.36 (KHTML, like Gecko) Chrome/56.0.2924.87 Safari/537.36"
138.100.221.126 - - [01/Mar/2017:03:03:29 +0800] "GET /favicon.ico HTTP/1.1" 200 20 "http://www.dataivy.cn/blog/python%E5%9F%BA%E7%A1%80%E6%95%B0%E6%8D%AE%E5%A4%84%E7%90%86%E5%BA%93-numpy/" "Mozilla/5.0 (Windows NT 6.1) AppleWebKit/537.36 (KHTML, like Gecko) Chrome/56.0.2924.87 Safari/537.36"
112.124.127.44 - - [01/Mar/2017:03:04:56 +0800] "GET / HTTP/1.1" 200 48415 "-" "Mozilla/5.0 (compatible; MSIE 9.0; Windows NT 6.1; Win64; x64; Trident/5.0)"
130.215.213.242 - - [01/Mar/2017:03:05:15 +0800] "GET /blog/%E4%BA%8C%E6%AC%A1%E5%88%A4%E5%88%AB%E5%88%86%E6%9E%90quadratic-discriminant-analysis_qda/ HTTP/1.1" 200 9519 "https://www.baidu.com/link?url=CVhbev_G3sQnDCp6BJWMhdUsOYwiM5J_O5HOwUbIGB6Wc6Ya95KRTaL3iygcRzamWVv2pEvuQilc6zouNrye3tNY0PQDMtfC2bZ8m8CeLQ-MPBJJ7-oYGcVgV-dPKe-8mqiZvQMeJ3JYqEadR0nv77qe3hZ2tZoc-jObzjYHuK7&wd=&eqid=89c2b35a0001634a0000000458b5c9e4" "Mozilla/5.0 (Windows NT 10.0; Win64; x64) AppleWebKit/537.36 (KHTML, like Gecko) Chrome/54.0.2840.87 Safari/537.36"
130.215.213.242 - - [01/Mar/2017:03:05:15 +0800] "GET /wp-content/themes/twentyfifteen/genericons/genericons.css?ver=3.2 HTTP/1.1" 200 16580 "http://www.dataivy.cn/blog/%E4%BA%8C%E6%AC%A1%E5%88%A4%E5%88%AB%E5%88%86%E6%9E%90quadratic-discriminant-analysis_qda/" "Mozilla/5.0 (Windows NT 10.0; Win64; x64) AppleWebKit/537.36 (KHTML, like Gecko) Chrome/54.0.2840.87 Safari/537.36"
130.215.213.242 - - [01/Mar/2017:03:05:16 +0800] "GET /wp-includes/js/jquery/jquery-migrate.min.js?ver=1.2.1 HTTP/1.1" 200 3068 "http://www.dataivy.cn/blog/%E4%BA%8C%E6%AC%A1%E5%88%A4%E5%88%AB%E5%88%86%E6%9E%90quadratic-discriminant-analysis_qda/" "Mozilla/5.0 (Windows NT 10.0; Win64; x64) AppleWebKit/537.36 (KHTML, like Gecko) Chrome/54.0.2840.87 Safari/537.36"
130.215.213.242 - - [01/Mar/2017:03:05:16 +0800] "GET /wp-content/themes/twentyfifteen/style.css?ver=4.1.15 HTTP/1.1" 200 16247 "http://www.dataivy.cn/blog/%E4%BA%8C%E6%AC%A1%E5%88%A4%E5%88%AB%E5%88%86%E6%9E%90quadratic-discriminant-analysis_qda/" "Mozilla/5.0 (Windows NT 10.0; Win64; x64) AppleWebKit/537.36 (KHTML, like Gecko) Chrome/54.0.2840.87 Safari/537.36"
130.215.213.242 - - [01/Mar/2017:03:05:16 +0800] "GET /wp-includes/js/jquery/jquery.js?ver=1.11.1 HTTP/1.1" 200 33231 "http://www.dataivy.cn/blog/%E4%BA%8C%E6%AC%A1%E5%88%A4%E5%88%AB%E5%88%86%E6%9E%90quadratic-discriminant-analysis_qda/" "Mozilla/5.0 (Windows NT 10.0; Win64; x64) AppleWebKit/537.36 (KHTML, like Gecko) Chrome/54.0.2840.87 Safari/537.36"
130.215.213.242 - - [01/Mar/2017:03:05:16 +0800] "GET /wp-content/plugins/akismet/_inc/form.js?ver=3.1.5 HTTP/1.1" 200 318 "http://www.dataivy.cn/blog/%E4%BA%8C%E6%AC%A1%E5%88%A4%E5%88%AB%E5%88%86%E6%9E%90quadratic-discriminant-analysis_qda/" "Mozilla/5.0 (Windows NT 10.0; Win64; x64) AppleWebKit/537.36 (KHTML, like Gecko) Chrome/54.0.2840.87 Safari/537.36"
130.215.213.242 - - [01/Mar/2017:03:05:16 +0800] "GET /wp-content/themes/twentyfifteen/js/skip-link-focus-fix.js?ver=20141010 HTTP/1.1" 200 445 "http://www.dataivy.cn/blog/%E4%BA%8C%E6%AC%A1%E5%88%A4%E5%88%AB%E5%88%86%E6%9E%90quadratic-discriminant-analysis_qda/" "Mozilla/5.0 (Windows NT 10.0; Win64; x64) AppleWebKit/537.36 (KHTML, like Gecko) Chrome/54.0.2840.87 Safari/537.36"
130.215.213.242 - - [01/Mar/2017:03:05:17 +0800] "GET /wp-includes/js/comment-reply.min.js?ver=4.1.15 HTTP/1.1" 200 406 "http://www.dataivy.cn/blog/%E4%BA%8C%E6%AC%A1%E5%88%A4%E5%88%AB%E5%88%86%E6%9E%90quadratic-discriminant-analysis_qda/" "Mozilla/5.0 (Windows NT 10.0; Win64; x64) AppleWebKit/537.36 (KHTML, like Gecko) Chrome/54.0.2840.87 Safari/537.36"
130.215.213.242 - - [01/Mar/2017:03:05:17 +0800] "GET /wp-content/themes/twentyfifteen/js/functions.js?ver=20141212 HTTP/1.1" 200 1324 "http://www.dataivy.cn/blog/%E4%BA%8C%E6%AC%A1%E5%88%A4%E5%88%AB%E5%88%86%E6%9E%90quadratic-discriminant-analysis_qda/" "Mozilla/5.0 (Windows NT 10.0; Win64; x64) AppleWebKit/537.36 (KHTML, like Gecko) Chrome/54.0.2840.87 Safari/537.36"
130.215.213.242 - - [01/Mar/2017:03:05:17 +0800] "GET /analytics/usertracking/webtrekk_v4.min.js HTTP/1.1" 200 23026 "http://www.dataivy.cn/blog/%E4%BA%8C%E6%AC%A1%E5%88%A4%E5%88%AB%E5%88%86%E6%9E%90quadratic-discriminant-analysis_qda/" "Mozilla/5.0 (Windows NT 10.0; Win64; x64) AppleWebKit/537.36 (KHTML, like Gecko) Chrome/54.0.2840.87 Safari/537.36"
130.215.213.242 - - [01/Mar/2017:03:05:18 +0800] "GET /analytics/usertracking/webtrekk_mcp.min.js HTTP/1.1" 200 7704 "http://www.dataivy.cn/blog/%E4%BA%8C%E6%AC%A1%E5%88%A4%E5%88%AB%E5%88%86%E6%9E%90quadratic-discriminant-analysis_qda/" "Mozilla/5.0 (Windows NT 10.0; Win64; x64) AppleWebKit/537.36 (KHTML, like Gecko) Chrome/54.0.2840.87 Safari/537.36"
130.215.213.242 - - [01/Mar/2017:03:05:18 +0800] "GET /upload/weixin.png HTTP/1.1" 200 2018 "http://www.dataivy.cn/blog/%E4%BA%8C%E6%AC%A1%E5%88%A4%E5%88%AB%E5%88%86%E6%9E%90quadratic-discriminant-analysis_qda/" "Mozilla/5.0 (Windows NT 10.0; Win64; x64) AppleWebKit/537.36 (KHTML, like Gecko) Chrome/54.0.2840.87 Safari/537.36"
130.215.213.242 - - [01/Mar/2017:03:05:18 +0800] "GET /wp-content/uploads/2015/05/plot_lda_qda_00111.png HTTP/1.1" 200 20302 "http://www.dataivy.cn/blog/%E4%BA%8C%E6%AC%A1%E5%88%A4%E5%88%AB%E5%88%86%E6%9E%90quadratic-discriminant-analysis_qda/" "Mozilla/5.0 (Windows NT 10.0; Win64; x64) AppleWebKit/537.36 (KHTML, like Gecko) Chrome/54.0.2840.87 Safari/537.36"
130.215.213.242 - - [01/Mar/2017:03:05:18 +0800] "GET /wp-content/uploads/2015/05/QQ%E6%88%AA%E5%9B%BE2015051020435711.png HTTP/1.1" 200 1709 "http://www.dataivy.cn/blog/%E4%BA%8C%E6%AC%A1%E5%88%A4%E5%88%AB%E5%88%86%E6%9E%90quadratic-discriminant-analysis_qda/" "Mozilla/5.0 (Windows NT 10.0; Win64; x64) AppleWebKit/537.36 (KHTML, like Gecko) Chrome/54.0.2840.87 Safari/537.36"
115.28.26.13 - - [01/Mar/2017:03:05:46 +0800] "GET / HTTP/1.1" 200 48415 "-" "Mozilla/5.0 (compatible; MSIE 9.0; Windows NT 6.1; Win64; x64; Trident/5.0)"
66.249.77.28 - - [01/Mar/2017:03:05:50 +0800] "GET /wp-content/uploads/2015/04/Kernel-Density-EstimationKDE.png?wt_tb=1%7C1487203200158 HTTP/1.1" 404 5231 "-" "Googlebot-Image/1.0"
120.26.227.77 - - [01/Mar/2017:03:06:07 +0800] "GET / HTTP/1.1" 200 10902 "-" "curl"
118.190.22.67 - - [01/Mar/2017:03:06:10 +0800] "GET / HTTP/1.1" 200 10903 "-" "curl"
130.215.213.242 - - [01/Mar/2017:03:06:51 +0800] "GET /favicon.ico HTTP/1.1" 200 20 "http://www.dataivy.cn/blog/%E4%BA%8C%E6%AC%A1%E5%88%A4%E5%88%AB%E5%88%86%E6%9E%90quadratic-discriminant-analysis_qda/" "Mozilla/5.0 (Windows NT 10.0; Win64; x64) AppleWebKit/537.36 (KHTML, like Gecko) Chrome/54.0.2840.87 Safari/537.36"
130.215.213.242 - - [01/Mar/2017:03:07:57 +0800] "GET /blog/%E7%BA%BF%E6%80%A7%E5%88%A4%E5%88%AB%E5%88%86%E6%9E%90linear-discriminant-analysis_lda?wt_tb=1%7C1488308780268 HTTP/1.1" 301 20 "http://www.dataivy.cn/blog/%E4%BA%8C%E6%AC%A1%E5%88%A4%E5%88%AB%E5%88%86%E6%9E%90quadratic-discriminant-analysis_qda/" "Mozilla/5.0 (Windows NT 10.0; Win64; x64) AppleWebKit/537.36 (KHTML, like Gecko) Chrome/54.0.2840.87 Safari/537.36"
130.215.213.242 - - [01/Mar/2017:03:07:58 +0800] "GET /blog/%E7%BA%BF%E6%80%A7%E5%88%A4%E5%88%AB%E5%88%86%E6%9E%90linear-discriminant-analysis_lda/?wt_tb=1%7C1488308780268 HTTP/1.1" 200 10451 "http://www.dataivy.cn/blog/%E4%BA%8C%E6%AC%A1%E5%88%A4%E5%88%AB%E5%88%86%E6%9E%90quadratic-discriminant-analysis_qda/" "Mozilla/5.0 (Windows NT 10.0; Win64; x64) AppleWebKit/537.36 (KHTML, like Gecko) Chrome/54.0.2840.87 Safari/537.36"
130.215.213.242 - - [01/Mar/2017:03:07:58 +0800] "GET /wp-content/uploads/2015/05/QQ%E6%88%AA%E5%9B%BE2015051016025711.png HTTP/1.1" 200 4895 "http://www.dataivy.cn/blog/%E7%BA%BF%E6%80%A7%E5%88%A4%E5%88%AB%E5%88%86%E6%9E%90linear-discriminant-analysis_lda/?wt_tb=1%7C1488308780268" "Mozilla/5.0 (Windows NT 10.0; Win64; x64) AppleWebKit/537.36 (KHTML, like Gecko) Chrome/54.0.2840.87 Safari/537.36"
130.215.213.242 - - [01/Mar/2017:03:07:58 +0800] "GET /wp-content/uploads/2015/05/plot_lda_001111.png HTTP/1.1" 200 9113 "http://www.dataivy.cn/blog/%E7%BA%BF%E6%80%A7%E5%88%A4%E5%88%AB%E5%88%86%E6%9E%90linear-discriminant-analysis_lda/?wt_tb=1%7C1488308780268" "Mozilla/5.0 (Windows NT 10.0; Win64; x64) AppleWebKit/537.36 (KHTML, like Gecko) Chrome/54.0.2840.87 Safari/537.36"
95.90.191.199 - - [01/Mar/2017:03:09:01 +0800] "GET /blog/%E9%80%82%E5%90%88%E5%A4%A7%E6%95%B0%E6%8D%AE%E7%9A%84%E8%81%9A%E7%B1%BB%E7%AE%97%E6%B3%95mini-batch-k-means/ HTTP/1.1" 200 9458 "https://www.google.de/" "Mozilla/5.0 (Windows NT 10.0; Win64; x64) AppleWebKit/537.36 (KHTML, like Gecko) Chrome/56.0.2924.87 Safari/537.36"
95.90.191.199 - - [01/Mar/2017:03:09:01 +0800] "GET /wp-content/themes/twentyfifteen/genericons/genericons.css?ver=3.2 HTTP/1.1" 200 16580 "http://www.dataivy.cn/blog/%E9%80%82%E5%90%88%E5%A4%A7%E6%95%B0%E6%8D%AE%E7%9A%84%E8%81%9A%E7%B1%BB%E7%AE%97%E6%B3%95mini-batch-k-means/" "Mozilla/5.0 (Windows NT 10.0; Win64; x64) AppleWebKit/537.36 (KHTML, like Gecko) Chrome/56.0.2924.87 Safari/537.36"
95.90.191.199 - - [01/Mar/2017:03:09:01 +0800] "GET /wp-content/themes/twentyfifteen/style.css?ver=4.1.15 HTTP/1.1" 200 16247 "http://www.dataivy.cn/blog/%E9%80%82%E5%90%88%E5%A4%A7%E6%95%B0%E6%8D%AE%E7%9A%84%E8%81%9A%E7%B1%BB%E7%AE%97%E6%B3%95mini-batch-k-means/" "Mozilla/5.0 (Windows NT 10.0; Win64; x64) AppleWebKit/537.36 (KHTML, like Gecko) Chrome/56.0.2924.87 Safari/537.36"
95.90.191.199 - - [01/Mar/2017:03:09:01 +0800] "GET /wp-includes/js/jquery/jquery.js?ver=1.11.1 HTTP/1.1" 200 33231 "http://www.dataivy.cn/blog/%E9%80%82%E5%90%88%E5%A4%A7%E6%95%B0%E6%8D%AE%E7%9A%84%E8%81%9A%E7%B1%BB%E7%AE%97%E6%B3%95mini-batch-k-means/" "Mozilla/5.0 (Windows NT 10.0; Win64; x64) AppleWebKit/537.36 (KHTML, like Gecko) Chrome/56.0.2924.87 Safari/537.36"
95.90.191.199 - - [01/Mar/2017:03:09:02 +0800] "GET /wp-includes/js/jquery/jquery-migrate.min.js?ver=1.2.1 HTTP/1.1" 200 3068 "http://www.dataivy.cn/blog/%E9%80%82%E5%90%88%E5%A4%A7%E6%95%B0%E6%8D%AE%E7%9A%84%E8%81%9A%E7%B1%BB%E7%AE%97%E6%B3%95mini-batch-k-means/" "Mozilla/5.0 (Windows NT 10.0; Win64; x64) AppleWebKit/537.36 (KHTML, like Gecko) Chrome/56.0.2924.87 Safari/537.36"
95.90.191.199 - - [01/Mar/2017:03:09:02 +0800] "GET /wp-content/plugins/akismet/_inc/form.js?ver=3.1.5 HTTP/1.1" 200 318 "http://www.dataivy.cn/blog/%E9%80%82%E5%90%88%E5%A4%A7%E6%95%B0%E6%8D%AE%E7%9A%84%E8%81%9A%E7%B1%BB%E7%AE%97%E6%B3%95mini-batch-k-means/" "Mozilla/5.0 (Windows NT 10.0; Win64; x64) AppleWebKit/537.36 (KHTML, like Gecko) Chrome/56.0.2924.87 Safari/537.36"
95.90.191.199 - - [01/Mar/2017:03:09:02 +0800] "GET /wp-content/themes/twentyfifteen/js/skip-link-focus-fix.js?ver=20141010 HTTP/1.1" 200 445 "http://www.dataivy.cn/blog/%E9%80%82%E5%90%88%E5%A4%A7%E6%95%B0%E6%8D%AE%E7%9A%84%E8%81%9A%E7%B1%BB%E7%AE%97%E6%B3%95mini-batch-k-means/" "Mozilla/5.0 (Windows NT 10.0; Win64; x64) AppleWebKit/537.36 (KHTML, like Gecko) Chrome/56.0.2924.87 Safari/537.36"
95.90.191.199 - - [01/Mar/2017:03:09:02 +0800] "GET /wp-includes/js/comment-reply.min.js?ver=4.1.15 HTTP/1.1" 200 406 "http://www.dataivy.cn/blog/%E9%80%82%E5%90%88%E5%A4%A7%E6%95%B0%E6%8D%AE%E7%9A%84%E8%81%9A%E7%B1%BB%E7%AE%97%E6%B3%95mini-batch-k-means/" "Mozilla/5.0 (Windows NT 10.0; Win64; x64) AppleWebKit/537.36 (KHTML, like Gecko) Chrome/56.0.2924.87 Safari/537.36"
95.90.191.199 - - [01/Mar/2017:03:09:02 +0800] "GET /wp-content/themes/twentyfifteen/js/functions.js?ver=20141212 HTTP/1.1" 200 1324 "http://www.dataivy.cn/blog/%E9%80%82%E5%90%88%E5%A4%A7%E6%95%B0%E6%8D%AE%E7%9A%84%E8%81%9A%E7%B1%BB%E7%AE%97%E6%B3%95mini-batch-k-means/" "Mozilla/5.0 (Windows NT 10.0; Win64; x64) AppleWebKit/537.36 (KHTML, like Gecko) Chrome/56.0.2924.87 Safari/537.36"
